Archive member included to satisfy reference by file (symbol)

C:/ST/STM32CubeCLT_1.18.0/GNU-tools-for-STM32/bin/../lib/gcc/arm-none-eabi/13.3.1/../../../../arm-none-eabi/lib/thumb/v6-m/nofp\libc_nano.a(libc_a-exit.o)
                              C:/ST/STM32CubeCLT_1.18.0/GNU-tools-for-STM32/bin/../lib/gcc/arm-none-eabi/13.3.1/../../../../arm-none-eabi/lib/thumb/v6-m/nofp/crt0.o (exit)
C:/ST/STM32CubeCLT_1.18.0/GNU-tools-for-STM32/bin/../lib/gcc/arm-none-eabi/13.3.1/../../../../arm-none-eabi/lib/thumb/v6-m/nofp\libc_nano.a(libc_a-findfp.o)
                              C:/ST/STM32CubeCLT_1.18.0/GNU-tools-for-STM32/bin/../lib/gcc/arm-none-eabi/13.3.1/../../../../arm-none-eabi/lib/thumb/v6-m/nofp\libc_nano.a(libc_a-exit.o) (__stdio_exit_handler)
C:/ST/STM32CubeCLT_1.18.0/GNU-tools-for-STM32/bin/../lib/gcc/arm-none-eabi/13.3.1/../../../../arm-none-eabi/lib/thumb/v6-m/nofp\libc_nano.a(libc_a-fwalk.o)
                              C:/ST/STM32CubeCLT_1.18.0/GNU-tools-for-STM32/bin/../lib/gcc/arm-none-eabi/13.3.1/../../../../arm-none-eabi/lib/thumb/v6-m/nofp\libc_nano.a(libc_a-findfp.o) (_fwalk_sglue)
C:/ST/STM32CubeCLT_1.18.0/GNU-tools-for-STM32/bin/../lib/gcc/arm-none-eabi/13.3.1/../../../../arm-none-eabi/lib/thumb/v6-m/nofp\libc_nano.a(libc_a-stdio.o)
                              C:/ST/STM32CubeCLT_1.18.0/GNU-tools-for-STM32/bin/../lib/gcc/arm-none-eabi/13.3.1/../../../../arm-none-eabi/lib/thumb/v6-m/nofp\libc_nano.a(libc_a-findfp.o) (__sread)
C:/ST/STM32CubeCLT_1.18.0/GNU-tools-for-STM32/bin/../lib/gcc/arm-none-eabi/13.3.1/../../../../arm-none-eabi/lib/thumb/v6-m/nofp\libc_nano.a(libc_a-memset.o)
                              C:/ST/STM32CubeCLT_1.18.0/GNU-tools-for-STM32/bin/../lib/gcc/arm-none-eabi/13.3.1/../../../../arm-none-eabi/lib/thumb/v6-m/nofp/crt0.o (memset)
C:/ST/STM32CubeCLT_1.18.0/GNU-tools-for-STM32/bin/../lib/gcc/arm-none-eabi/13.3.1/../../../../arm-none-eabi/lib/thumb/v6-m/nofp\libc_nano.a(libc_a-closer.o)
                              C:/ST/STM32CubeCLT_1.18.0/GNU-tools-for-STM32/bin/../lib/gcc/arm-none-eabi/13.3.1/../../../../arm-none-eabi/lib/thumb/v6-m/nofp\libc_nano.a(libc_a-stdio.o) (_close_r)
C:/ST/STM32CubeCLT_1.18.0/GNU-tools-for-STM32/bin/../lib/gcc/arm-none-eabi/13.3.1/../../../../arm-none-eabi/lib/thumb/v6-m/nofp\libc_nano.a(libc_a-reent.o)
                              C:/ST/STM32CubeCLT_1.18.0/GNU-tools-for-STM32/bin/../lib/gcc/arm-none-eabi/13.3.1/../../../../arm-none-eabi/lib/thumb/v6-m/nofp\libc_nano.a(libc_a-closer.o) (errno)
C:/ST/STM32CubeCLT_1.18.0/GNU-tools-for-STM32/bin/../lib/gcc/arm-none-eabi/13.3.1/../../../../arm-none-eabi/lib/thumb/v6-m/nofp\libc_nano.a(libc_a-impure.o)
                              C:/ST/STM32CubeCLT_1.18.0/GNU-tools-for-STM32/bin/../lib/gcc/arm-none-eabi/13.3.1/../../../../arm-none-eabi/lib/thumb/v6-m/nofp\libc_nano.a(libc_a-reent.o) (_impure_ptr)
C:/ST/STM32CubeCLT_1.18.0/GNU-tools-for-STM32/bin/../lib/gcc/arm-none-eabi/13.3.1/../../../../arm-none-eabi/lib/thumb/v6-m/nofp\libc_nano.a(libc_a-lseekr.o)
                              C:/ST/STM32CubeCLT_1.18.0/GNU-tools-for-STM32/bin/../lib/gcc/arm-none-eabi/13.3.1/../../../../arm-none-eabi/lib/thumb/v6-m/nofp\libc_nano.a(libc_a-stdio.o) (_lseek_r)
C:/ST/STM32CubeCLT_1.18.0/GNU-tools-for-STM32/bin/../lib/gcc/arm-none-eabi/13.3.1/../../../../arm-none-eabi/lib/thumb/v6-m/nofp\libc_nano.a(libc_a-readr.o)
                              C:/ST/STM32CubeCLT_1.18.0/GNU-tools-for-STM32/bin/../lib/gcc/arm-none-eabi/13.3.1/../../../../arm-none-eabi/lib/thumb/v6-m/nofp\libc_nano.a(libc_a-stdio.o) (_read_r)
C:/ST/STM32CubeCLT_1.18.0/GNU-tools-for-STM32/bin/../lib/gcc/arm-none-eabi/13.3.1/../../../../arm-none-eabi/lib/thumb/v6-m/nofp\libc_nano.a(libc_a-writer.o)
                              C:/ST/STM32CubeCLT_1.18.0/GNU-tools-for-STM32/bin/../lib/gcc/arm-none-eabi/13.3.1/../../../../arm-none-eabi/lib/thumb/v6-m/nofp\libc_nano.a(libc_a-stdio.o) (_write_r)
C:/ST/STM32CubeCLT_1.18.0/GNU-tools-for-STM32/bin/../lib/gcc/arm-none-eabi/13.3.1/../../../../arm-none-eabi/lib/thumb/v6-m/nofp\libc_nano.a(libc_a-init.o)
                              C:/ST/STM32CubeCLT_1.18.0/GNU-tools-for-STM32/bin/../lib/gcc/arm-none-eabi/13.3.1/../../../../arm-none-eabi/lib/thumb/v6-m/nofp/crt0.o (__libc_init_array)
C:/ST/STM32CubeCLT_1.18.0/GNU-tools-for-STM32/bin/../lib/gcc/arm-none-eabi/13.3.1/../../../../arm-none-eabi/lib/thumb/v6-m/nofp\libc_nano.a(libc_a-lock.o)
                              C:/ST/STM32CubeCLT_1.18.0/GNU-tools-for-STM32/bin/../lib/gcc/arm-none-eabi/13.3.1/../../../../arm-none-eabi/lib/thumb/v6-m/nofp\libc_nano.a(libc_a-findfp.o) (__retarget_lock_init_recursive)
C:/ST/STM32CubeCLT_1.18.0/GNU-tools-for-STM32/bin/../lib/gcc/arm-none-eabi/13.3.1/../../../../arm-none-eabi/lib/thumb/v6-m/nofp\libc_nano.a(libc_a-freer.o)
                              C:/ST/STM32CubeCLT_1.18.0/GNU-tools-for-STM32/bin/../lib/gcc/arm-none-eabi/13.3.1/../../../../arm-none-eabi/lib/thumb/v6-m/nofp\libc_nano.a(libc_a-reent.o) (_free_r)
[...]
Memory Configuration

Name             Origin             Length             Attributes
RAM              0x20000000         0x00004000         xrw
FLASH            0x08000000         0x00010000         xr
*default*        0x00000000         0xffffffff

Linker script and memory map

LOAD C:/ST/STM32CubeCLT_1.18.0/GNU-tools-for-STM32/bin/../lib/gcc/arm-none-eabi/13.3.1/thumb/v6-m/nofp/crti.o
LOAD C:/ST/STM32CubeCLT_1.18.0/GNU-tools-for-STM32/bin/../lib/gcc/arm-none-eabi/13.3.1/thumb/v6-m/nofp/crtbegin.o
LOAD C:/ST/STM32CubeCLT_1.18.0/GNU-tools-for-STM32/bin/../lib/gcc/arm-none-eabi/13.3.1/../../../../arm-none-eabi/lib/thumb/v6-m/nofp/crt0.o
START GROUP
LOAD C:/ST/STM32CubeCLT_1.18.0/GNU-tools-for-STM32/bin/../lib/gcc/arm-none-eabi/13.3.1/../../../../arm-none-eabi/lib/thumb/v6-m/nofp\libc_nano.a
LOAD C:/ST/STM32CubeCLT_1.18.0/GNU-tools-for-STM32/bin/../lib/gcc/arm-none-eabi/13.3.1/../../../../arm-none-eabi/lib/thumb/v6-m/nofp\libm.a
END GROUP
LOAD CMakeFiles/F072_test.dir/Core/Src/main.c.obj
LOAD CMakeFiles/F072_test.dir/Core/Src/gpio.c.obj
LOAD CMakeFiles/F072_test.dir/Core/Src/dac.c.obj
LOAD CMakeFiles/F072_test.dir/Core/Src/spi.c.obj
LOAD CMakeFiles/F072_test.dir/Core/Src/tim.c.obj
LOAD CMakeFiles/F072_test.dir/Core/Src/key_scan.c.obj
LOAD CMakeFiles/F072_test.dir/Core/Src/stm32f0xx_it.c.obj
LOAD CMakeFiles/F072_test.dir/Core/Src/stm32f0xx_hal_msp.c.obj
LOAD CMakeFiles/F072_test.dir/FATFS/Target/user_diskio.c.obj
LOAD CMakeFiles/F072_test.dir/FATFS/App/fatfs.c.obj
LOAD CMakeFiles/F072_test.dir/USB_DEVICE/App/usb_device.c.obj
LOAD CMakeFiles/F072_test.dir/USB_DEVICE/App/usbd_desc.c.obj
LOAD CMakeFiles/F072_test.dir/USB_DEVICE/Target/usbd_conf.c.obj
LOAD CMakeFiles/F072_test.dir/Drivers/STM32F0xx_HAL_Driver/Src/stm32f0xx_ll_usb.c.obj
LOAD CMakeFiles/F072_test.dir/Drivers/STM32F0xx_HAL_Driver/Src/stm32f0xx_hal_pcd.c.obj
LOAD CMakeFiles/F072_test.dir/Drivers/STM32F0xx_HAL_Driver/Src/stm32f0xx_hal_pcd_ex.c.obj
LOAD CMakeFiles/F072_test.dir/Drivers/STM32F0xx_HAL_Driver/Src/stm32f0xx_hal_rcc.c.obj
LOAD CMakeFiles/F072_test.dir/Drivers/STM32F0xx_HAL_Driver/Src/stm32f0xx_hal_rcc_ex.c.obj
LOAD CMakeFiles/F072_test.dir/Drivers/STM32F0xx_HAL_Driver/Src/stm32f0xx_hal.c.obj
LOAD CMakeFiles/F072_test.dir/Drivers/STM32F0xx_HAL_Driver/Src/stm32f0xx_hal_i2c.c.obj
LOAD CMakeFiles/F072_test.dir/Drivers/STM32F0xx_HAL_Driver/Src/stm32f0xx_hal_i2c_ex.c.obj
LOAD CMakeFiles/F072_test.dir/Drivers/STM32F0xx_HAL_Driver/Src/stm32f0xx_hal_gpio.c.obj
LOAD CMakeFiles/F072_test.dir/Drivers/STM32F0xx_HAL_Driver/Src/stm32f0xx_hal_dma.c.obj
LOAD CMakeFiles/F072_test.dir/Drivers/STM32F0xx_HAL_Driver/Src/stm32f0xx_hal_cortex.c.obj
LOAD CMakeFiles/F072_test.dir/Drivers/STM32F0xx_HAL_Driver/Src/stm32f0xx_hal_pwr.c.obj
LOAD CMakeFiles/F072_test.dir/Drivers/STM32F0xx_HAL_Driver/Src/stm32f0xx_hal_pwr_ex.c.obj
LOAD CMakeFiles/F072_test.dir/Drivers/STM32F0xx_HAL_Driver/Src/stm32f0xx_hal_flash.c.obj
LOAD CMakeFiles/F072_test.dir/Drivers/STM32F0xx_HAL_Driver/Src/stm32f0xx_hal_flash_ex.c.obj
LOAD CMakeFiles/F072_test.dir/Drivers/STM32F0xx_HAL_Driver/Src/stm32f0xx_hal_exti.c.obj
LOAD CMakeFiles/F072_test.dir/Drivers/STM32F0xx_HAL_Driver/Src/stm32f0xx_hal_dac.c.obj
LOAD CMakeFiles/F072_test.dir/Drivers/STM32F0xx_HAL_Driver/Src/stm32f0xx_hal_dac_ex.c.obj
LOAD CMakeFiles/F072_test.dir/Drivers/STM32F0xx_HAL_Driver/Src/stm32f0xx_hal_spi.c.obj
LOAD CMakeFiles/F072_test.dir/Drivers/STM32F0xx_HAL_Driver/Src/stm32f0xx_hal_spi_ex.c.obj
LOAD CMakeFiles/F072_test.dir/Drivers/STM32F0xx_HAL_Driver/Src/stm32f0xx_hal_tim.c.obj
LOAD CMakeFiles/F072_test.dir/Drivers/STM32F0xx_HAL_Driver/Src/stm32f0xx_hal_tim_ex.c.obj
LOAD CMakeFiles/F072_test.dir/Core/Src/system_stm32f0xx.c.obj
LOAD CMakeFiles/F072_test.dir/Middlewares/Third_Party/FatFs/src/diskio.c.obj
LOAD CMakeFiles/F072_test.dir/Middlewares/Third_Party/FatFs/src/ff.c.obj
LOAD CMakeFiles/F072_test.dir/Middlewares/Third_Party/FatFs/src/ff_gen_drv.c.obj
LOAD CMakeFiles/F072_test.dir/Middlewares/Third_Party/FatFs/src/option/syscall.c.obj
LOAD CMakeFiles/F072_test.dir/Middlewares/ST/STM32_USB_Device_Library/Core/Src/usbd_core.c.obj
LOAD CMakeFiles/F072_test.dir/Middlewares/ST/STM32_USB_Device_Library/Core/Src/usbd_ctlreq.c.obj
LOAD CMakeFiles/F072_test.dir/Middlewares/ST/STM32_USB_Device_Library/Core/Src/usbd_ioreq.c.obj
LOAD CMakeFiles/F072_test.dir/Middlewares/ST/STM32_USB_Device_Library/Class/HID/Src/usbd_hid.c.obj
LOAD CMakeFiles/F072_test.dir/Core/Src/sysmem.c.obj
LOAD CMakeFiles/F072_test.dir/Core/Src/syscalls.c.obj
LOAD CMakeFiles/F072_test.dir/startup_stm32f072xb.s.obj
START GROUP
LOAD C:/ST/STM32CubeCLT_1.18.0/GNU-tools-for-STM32/bin/../lib/gcc/arm-none-eabi/13.3.1/thumb/v6-m/nofp\libgcc.a
LOAD C:/ST/STM32CubeCLT_1.18.0/GNU-tools-for-STM32/bin/../lib/gcc/arm-none-eabi/13.3.1/../../../../arm-none-eabi/lib/thumb/v6-m/nofp\libg_nano.a
LOAD C:/ST/STM32CubeCLT_1.18.0/GNU-tools-for-STM32/bin/../lib/gcc/arm-none-eabi/13.3.1/../../../../arm-none-eabi/lib/thumb/v6-m/nofp\libc_nano.a
END GROUP
START GROUP
LOAD C:/ST/STM32CubeCLT_1.18.0/GNU-tools-for-STM32/bin/../lib/gcc/arm-none-eabi/13.3.1/thumb/v6-m/nofp\libgcc.a
LOAD C:/ST/STM32CubeCLT_1.18.0/GNU-tools-for-STM32/bin/../lib/gcc/arm-none-eabi/13.3.1/../../../../arm-none-eabi/lib/thumb/v6-m/nofp\libc_nano.a
END GROUP
LOAD C:/ST/STM32CubeCLT_1.18.0/GNU-tools-for-STM32/bin/../lib/gcc/arm-none-eabi/13.3.1/thumb/v6-m/nofp/crtend.o
LOAD C:/ST/STM32CubeCLT_1.18.0/GNU-tools-for-STM32/bin/../lib/gcc/arm-none-eabi/13.3.1/thumb/v6-m/nofp/crtn.o
                0x20004000                        _estack = (ORIGIN (RAM) + LENGTH (RAM))
                0x00000200                        _Min_Heap_Size = 0x200
                0x00000400                        _Min_Stack_Size = 0x400

.isr_vector     0x08000000       0xc0
                0x08000000                        . = ALIGN (0x4)
 *(.isr_vector)
 .isr_vector    0x08000000       0xc0 CMakeFiles/F072_test.dir/startup_stm32f072xb.s.obj
                0x08000000                g_pfnVectors
                0x080000c0                        . = ALIGN (0x4)

.text           0x080000c0     0x8cdc
                0x080000c0                        . = ALIGN (0x4)
 *(.text)
 .text          0x080000c0       0x48 C:/ST/STM32CubeCLT_1.18.0/GNU-tools-for-STM32/bin/../lib/gcc/arm-none-eabi/13.3.1/thumb/v6-m/nofp/crtbegin.o
 .text          0x08000108      0x114 C:/ST/STM32CubeCLT_1.18.0/GNU-tools-for-STM32/bin/../lib/gcc/arm-none-eabi/13.3.1/thumb/v6-m/nofp\libgcc.a(_udivsi3.o)
                0x08000108                __aeabi_uidiv
                0x08000108                __udivsi3
                0x08000214                __aeabi_uidivmod
 .text          0x0800021c        0x4 C:/ST/STM32CubeCLT_1.18.0/GNU-tools-for-STM32/bin/../lib/gcc/arm-none-eabi/13.3.1/thumb/v6-m/nofp\libgcc.a(_dvmd_tls.o)
                0x0800021c                __aeabi_idiv0
                0x0800021c                __aeabi_ldiv0
 *(.text*)
 .text.memset   0x08000220       0x10 C:/ST/STM32CubeCLT_1.18.0/GNU-tools-for-STM32/bin/../lib/gcc/arm-none-eabi/13.3.1/../../../../arm-none-eabi/lib/thumb/v6-m/nofp\libc_nano.a(libc_a-memset.o)
                0x08000220                memset
 .text.__libc_init_array
                0x08000230       0x48 C:/ST/STM32CubeCLT_1.18.0/GNU-tools-for-STM32/bin/../lib/gcc/arm-none-eabi/13.3.1/../../../../arm-none-eabi/lib/thumb/v6-m/nofp\libc_nano.a(libc_a-init.o)
                0x08000230                __libc_init_array
 .text.main     0x08000278       0xa8 CMakeFiles/F072_test.dir/Core/Src/main.c.obj
                0x08000278                main
 .text.SystemClock_Config
                0x08000320       0xc0 CMakeFiles/F072_test.dir/Core/Src/main.c.obj
                0x08000320                SystemClock_Config
 .text.Error_Handler
                0x080003e0       0x18 CMakeFiles/F072_test.dir/Core/Src/main.c.obj
                0x080003e0                Error_Handler
 .text.assert_failed
                0x080003f8       0x12 CMakeFiles/F072_test.dir/Core/Src/main.c.obj
                0x080003f8                assert_failed
 *fill*         0x0800040a        0x2 
 .text.MX_GPIO_Init
                0x0800040c      0x1c0 CMakeFiles/F072_test.dir/Core/Src/gpio.c.obj
                0x0800040c                MX_GPIO_Init
 .text.MX_LED_TIM_Init
                0x080005cc       0x7c CMakeFiles/F072_test.dir/Core/Src/tim.c.obj
                0x080005cc                MX_LED_TIM_Init
 .text.HAL_TIM_Base_MspInit
                0x08000648       0x4c CMakeFiles/F072_test.dir/Core/Src/tim.c.obj
                0x08000648                HAL_TIM_Base_MspInit
 .text.scan_keyboard
                0x08000694      0x208 CMakeFiles/F072_test.dir/Core/Src/key_scan.c.obj
                0x08000694                scan_keyboard
 .text.populate_HIDreport
                0x0800089c      0x124 CMakeFiles/F072_test.dir/Core/Src/key_scan.c.obj
                0x0800089c                populate_HIDreport
 .text.NMI_Handler
                0x080009c0        0x8 CMakeFiles/F072_test.dir/Core/Src/stm32f0xx_it.c.obj
                0x080009c0                NMI_Handler
 .text.HardFault_Handler
                0x080009c8        0x8 CMakeFiles/F072_test.dir/Core/Src/stm32f0xx_it.c.obj
                0x080009c8                HardFault_Handler
 .text.SVC_Handler
                0x080009d0        0xa CMakeFiles/F072_test.dir/Core/Src/stm32f0xx_it.c.obj
                0x080009d0                SVC_Handler
 .text.PendSV_Handler
                0x080009da        0xa CMakeFiles/F072_test.dir/Core/Src/stm32f0xx_it.c.obj
                0x080009da                PendSV_Handler
 .text.SysTick_Handler
                0x080009e4        0xe CMakeFiles/F072_test.dir/Core/Src/stm32f0xx_it.c.obj
                0x080009e4                SysTick_Handler
 *fill*         0x080009f2        0x2 
 .text.TIM7_IRQHandler
                0x080009f4       0x28 CMakeFiles/F072_test.dir/Core/Src/stm32f0xx_it.c.obj
                0x080009f4                TIM7_IRQHandler
 .text.EXTI4_15_IRQHandler
                0x08000a1c       0x30 CMakeFiles/F072_test.dir/Core/Src/stm32f0xx_it.c.obj
                0x08000a1c                EXTI4_15_IRQHandler
 .text.EXTI2_3_IRQHandler
                0x08000a4c       0x18 CMakeFiles/F072_test.dir/Core/Src/stm32f0xx_it.c.obj
                0x08000a4c                EXTI2_3_IRQHandler
 .text.USB_IRQHandler
                0x08000a64       0x18 CMakeFiles/F072_test.dir/Core/Src/stm32f0xx_it.c.obj
                0x08000a64                USB_IRQHandler
 .text.HAL_MspInit
                0x08000a7c       0x64 CMakeFiles/F072_test.dir/Core/Src/stm32f0xx_hal_msp.c.obj
                0x08000a7c                HAL_MspInit
 .text.MX_USB_DEVICE_Init
                0x08000ae0       0x50 CMakeFiles/F072_test.dir/USB_DEVICE/App/usb_device.c.obj
                0x08000ae0                MX_USB_DEVICE_Init
 .text.USBD_FS_DeviceDescriptor
                0x08000b30       0x24 CMakeFiles/F072_test.dir/USB_DEVICE/App/usbd_desc.c.obj
                0x08000b30                USBD_FS_DeviceDescriptor
 .text.USBD_FS_LangIDStrDescriptor
                0x08000b54       0x24 CMakeFiles/F072_test.dir/USB_DEVICE/App/usbd_desc.c.obj
                0x08000b54                USBD_FS_LangIDStrDescriptor
 .text.USBD_FS_ProductStrDescriptor
                0x08000b78       0x44 CMakeFiles/F072_test.dir/USB_DEVICE/App/usbd_desc.c.obj
                0x08000b78                USBD_FS_ProductStrDescriptor
 .text.USBD_FS_ManufacturerStrDescriptor
                0x08000bbc       0x2c CMakeFiles/F072_test.dir/USB_DEVICE/App/usbd_desc.c.obj
                0x08000bbc                USBD_FS_ManufacturerStrDescriptor
 .text.USBD_FS_SerialStrDescriptor
                0x08000be8       0x28 CMakeFiles/F072_test.dir/USB_DEVICE/App/usbd_desc.c.obj
                0x08000be8                USBD_FS_SerialStrDescriptor
 .text.USBD_FS_ConfigStrDescriptor
                0x08000c10       0x44 CMakeFiles/F072_test.dir/USB_DEVICE/App/usbd_desc.c.obj
                0x08000c10                USBD_FS_ConfigStrDescriptor
 .text.USBD_FS_InterfaceStrDescriptor
                0x08000c54       0x44 CMakeFiles/F072_test.dir/USB_DEVICE/App/usbd_desc.c.obj
                0x08000c54                USBD_FS_InterfaceStrDescriptor
 .text.Get_SerialNum
                0x08000c98       0x5c CMakeFiles/F072_test.dir/USB_DEVICE/App/usbd_desc.c.obj
 .text.IntToUnicode
                0x08000cf4       0x96 CMakeFiles/F072_test.dir/USB_DEVICE/App/usbd_desc.c.obj
 *fill*         0x08000d8a        0x2 
 .text.HAL_PCD_MspInit
                0x08000d8c       0x50 CMakeFiles/F072_test.dir/USB_DEVICE/Target/usbd_conf.c.obj
                0x08000d8c                HAL_PCD_MspInit
 .text.HAL_PCD_SetupStageCallback
                0x08000ddc       0x2a CMakeFiles/F072_test.dir/USB_DEVICE/Target/usbd_conf.c.obj
                0x08000ddc                HAL_PCD_SetupStageCallback
 .text.HAL_PCD_DataOutStageCallback
                0x08000e06       0x42 CMakeFiles/F072_test.dir/USB_DEVICE/Target/usbd_conf.c.obj
                0x08000e06                HAL_PCD_DataOutStageCallback
 .text.HAL_PCD_DataInStageCallback
                0x08000e48       0x3c CMakeFiles/F072_test.dir/USB_DEVICE/Target/usbd_conf.c.obj
                0x08000e48                HAL_PCD_DataInStageCallback
 .text.HAL_PCD_SOFCallback
                0x08000e84       0x1e CMakeFiles/F072_test.dir/USB_DEVICE/Target/usbd_conf.c.obj
                0x08000e84                HAL_PCD_SOFCallback
 .text.HAL_PCD_ResetCallback
                0x08000ea2       0x48 CMakeFiles/F072_test.dir/USB_DEVICE/Target/usbd_conf.c.obj
                0x08000ea2                HAL_PCD_ResetCallback
 *fill*         0x08000eea        0x2 
 .text.HAL_PCD_SuspendCallback
                0x08000eec       0x38 CMakeFiles/F072_test.dir/USB_DEVICE/Target/usbd_conf.c.obj
                0x08000eec                HAL_PCD_SuspendCallback
 .text.HAL_PCD_ResumeCallback
                0x08000f24       0x3c CMakeFiles/F072_test.dir/USB_DEVICE/Target/usbd_conf.c.obj
                0x08000f24                HAL_PCD_ResumeCallback
 .text.USBD_LL_Init
                0x08000f60       0xa0 CMakeFiles/F072_test.dir/USB_DEVICE/Target/usbd_conf.c.obj
                0x08000f60                USBD_LL_Init
 .text.USBD_LL_Start
                0x08001000       0x4a CMakeFiles/F072_test.dir/USB_DEVICE/Target/usbd_conf.c.obj
                0x08001000                USBD_LL_Start
 .text.USBD_LL_OpenEP
                0x0800104a       0x6e CMakeFiles/F072_test.dir/USB_DEVICE/Target/usbd_conf.c.obj
                0x0800104a                USBD_LL_OpenEP
 .text.USBD_LL_CloseEP
                0x080010b8       0x56 CMakeFiles/F072_test.dir/USB_DEVICE/Target/usbd_conf.c.obj
                0x080010b8                USBD_LL_CloseEP
 .text.USBD_LL_StallEP
                0x0800110e       0x56 CMakeFiles/F072_test.dir/USB_DEVICE/Target/usbd_conf.c.obj
                0x0800110e                USBD_LL_StallEP
 .text.USBD_LL_ClearStallEP
                0x08001164       0x56 CMakeFiles/F072_test.dir/USB_DEVICE/Target/usbd_conf.c.obj
                0x08001164                USBD_LL_ClearStallEP
 .text.USBD_LL_IsStallEP
                0x080011ba       0x60 CMakeFiles/F072_test.dir/USB_DEVICE/Target/usbd_conf.c.obj
                0x080011ba                USBD_LL_IsStallEP
 .text.USBD_LL_SetUSBAddress
                0x0800121a       0x56 CMakeFiles/F072_test.dir/USB_DEVICE/Target/usbd_conf.c.obj
                0x0800121a                USBD_LL_SetUSBAddress
 .text.USBD_LL_Transmit
                0x08001270       0x6e CMakeFiles/F072_test.dir/USB_DEVICE/Target/usbd_conf.c.obj
                0x08001270                USBD_LL_Transmit
 .text.USBD_LL_PrepareReceive
                0x080012de       0x6e CMakeFiles/F072_test.dir/USB_DEVICE/Target/usbd_conf.c.obj
                0x080012de                USBD_LL_PrepareReceive
 .text.USBD_static_malloc
                0x0800134c       0x18 CMakeFiles/F072_test.dir/USB_DEVICE/Target/usbd_conf.c.obj
                0x0800134c                USBD_static_malloc
 .text.USBD_static_free
                0x08001364       0x10 CMakeFiles/F072_test.dir/USB_DEVICE/Target/usbd_conf.c.obj
                0x08001364                USBD_static_free
 .text.SystemClockConfig_Resume
                0x08001374        0xe CMakeFiles/F072_test.dir/USB_DEVICE/Target/usbd_conf.c.obj
 .text.USBD_Get_USB_Status
                0x08001382       0x6e CMakeFiles/F072_test.dir/USB_DEVICE/Target/usbd_conf.c.obj
 .text.USB_EnableGlobalInt
                0x080013f0       0x2c CMakeFiles/F072_test.dir/Drivers/STM32F0xx_HAL_Driver/Src/stm32f0xx_ll_usb.c.obj
                0x080013f0                USB_EnableGlobalInt
 .text.USB_DisableGlobalInt
                0x0800141c       0x34 CMakeFiles/F072_test.dir/Drivers/STM32F0xx_HAL_Driver/Src/stm32f0xx_ll_usb.c.obj
                0x0800141c                USB_DisableGlobalInt
 .text.USB_DevInit
                0x08001450       0x38 CMakeFiles/F072_test.dir/Drivers/STM32F0xx_HAL_Driver/Src/stm32f0xx_ll_usb.c.obj
                0x08001450                USB_DevInit
 .text.USB_ActivateEndpoint
                0x08001488      0x750 CMakeFiles/F072_test.dir/Drivers/STM32F0xx_HAL_Driver/Src/stm32f0xx_ll_usb.c.obj
                0x08001488                USB_ActivateEndpoint
 .text.USB_DeactivateEndpoint
                0x08001bd8      0x380 CMakeFiles/F072_test.dir/Drivers/STM32F0xx_HAL_Driver/Src/stm32f0xx_ll_usb.c.obj
                0x08001bd8                USB_DeactivateEndpoint
 .text.USB_EPStartXfer
                0x08001f58     0x1260 CMakeFiles/F072_test.dir/Drivers/STM32F0xx_HAL_Driver/Src/stm32f0xx_ll_usb.c.obj
                0x08001f58                USB_EPStartXfer
 .text.USB_EPSetStall
                0x080031b8       0xa0 CMakeFiles/F072_test.dir/Drivers/STM32F0xx_HAL_Driver/Src/stm32f0xx_ll_usb.c.obj
                0x080031b8                USB_EPSetStall
 .text.USB_EPClearStall
                0x08003258      0x164 CMakeFiles/F072_test.dir/Drivers/STM32F0xx_HAL_Driver/Src/stm32f0xx_ll_usb.c.obj
                0x08003258                USB_EPClearStall
 .text.USB_SetDevAddress
                0x080033bc       0x28 CMakeFiles/F072_test.dir/Drivers/STM32F0xx_HAL_Driver/Src/stm32f0xx_ll_usb.c.obj
                0x080033bc                USB_SetDevAddress
 .text.USB_DevConnect
                0x080033e4       0x2c CMakeFiles/F072_test.dir/Drivers/STM32F0xx_HAL_Driver/Src/stm32f0xx_ll_usb.c.obj
                0x080033e4                USB_DevConnect
 .text.USB_ReadInterrupts
                0x08003410       0x1c CMakeFiles/F072_test.dir/Drivers/STM32F0xx_HAL_Driver/Src/stm32f0xx_ll_usb.c.obj
                0x08003410                USB_ReadInterrupts
 .text.USB_WritePMA
                0x0800342c       0x94 CMakeFiles/F072_test.dir/Drivers/STM32F0xx_HAL_Driver/Src/stm32f0xx_ll_usb.c.obj
                0x0800342c                USB_WritePMA
 .text.USB_ReadPMA
                0x080034c0       0x9e CMakeFiles/F072_test.dir/Drivers/STM32F0xx_HAL_Driver/Src/stm32f0xx_ll_usb.c.obj
                0x080034c0                USB_ReadPMA
 *fill*         0x0800355e        0x2 
 .text.HAL_PCD_Init
                0x08003560      0x204 CMakeFiles/F072_test.dir/Drivers/STM32F0xx_HAL_Driver/Src/stm32f0xx_hal_pcd.c.obj
                0x08003560                HAL_PCD_Init
 .text.HAL_PCD_Start
                0x08003764       0x4a CMakeFiles/F072_test.dir/Drivers/STM32F0xx_HAL_Driver/Src/stm32f0xx_hal_pcd.c.obj
                0x08003764                HAL_PCD_Start
 *fill*         0x080037ae        0x2 
 .text.HAL_PCD_IRQHandler
                0x080037b0      0x288 CMakeFiles/F072_test.dir/Drivers/STM32F0xx_HAL_Driver/Src/stm32f0xx_hal_pcd.c.obj
                0x080037b0                HAL_PCD_IRQHandler
 .text.HAL_PCD_SetAddress
                0x08003a38       0x54 CMakeFiles/F072_test.dir/Drivers/STM32F0xx_HAL_Driver/Src/stm32f0xx_hal_pcd.c.obj
                0x08003a38                HAL_PCD_SetAddress
 .text.HAL_PCD_EP_Open
                0x08003a8c       0xde CMakeFiles/F072_test.dir/Drivers/STM32F0xx_HAL_Driver/Src/stm32f0xx_hal_pcd.c.obj
                0x08003a8c                HAL_PCD_EP_Open
 .text.HAL_PCD_EP_Close
                0x08003b6a       0xa2 CMakeFiles/F072_test.dir/Drivers/STM32F0xx_HAL_Driver/Src/stm32f0xx_hal_pcd.c.obj
                0x08003b6a                HAL_PCD_EP_Close
 .text.HAL_PCD_EP_Receive
                0x08003c0c       0x6e CMakeFiles/F072_test.dir/Drivers/STM32F0xx_HAL_Driver/Src/stm32f0xx_hal_pcd.c.obj
                0x08003c0c                HAL_PCD_EP_Receive
 .text.HAL_PCD_EP_Transmit
                0x08003c7a       0x78 CMakeFiles/F072_test.dir/Drivers/STM32F0xx_HAL_Driver/Src/stm32f0xx_hal_pcd.c.obj
                0x08003c7a                HAL_PCD_EP_Transmit
 .text.HAL_PCD_EP_SetStall
                0x08003cf2       0xb8 CMakeFiles/F072_test.dir/Drivers/STM32F0xx_HAL_Driver/Src/stm32f0xx_hal_pcd.c.obj
                0x08003cf2                HAL_PCD_EP_SetStall
 .text.HAL_PCD_EP_ClrStall
                0x08003daa       0xbc CMakeFiles/F072_test.dir/Drivers/STM32F0xx_HAL_Driver/Src/stm32f0xx_hal_pcd.c.obj
                0x08003daa                HAL_PCD_EP_ClrStall
 *fill*         0x08003e66        0x2 
 .text.PCD_EP_ISR_Handler
                0x08003e68      0x808 CMakeFiles/F072_test.dir/Drivers/STM32F0xx_HAL_Driver/Src/stm32f0xx_hal_pcd.c.obj
 .text.HAL_PCD_EP_DB_Receive
                0x08004670      0x238 CMakeFiles/F072_test.dir/Drivers/STM32F0xx_HAL_Driver/Src/stm32f0xx_hal_pcd.c.obj
 .text.HAL_PCD_EP_DB_Transmit
                0x080048a8      0x820 CMakeFiles/F072_test.dir/Drivers/STM32F0xx_HAL_Driver/Src/stm32f0xx_hal_pcd.c.obj
 .text.HAL_PCDEx_PMAConfig
                0x080050c8       0x9c CMakeFiles/F072_test.dir/Drivers/STM32F0xx_HAL_Driver/Src/stm32f0xx_hal_pcd_ex.c.obj
                0x080050c8                HAL_PCDEx_PMAConfig
 .text.HAL_PCDEx_ActivateLPM
                0x08005164       0x54 CMakeFiles/F072_test.dir/Drivers/STM32F0xx_HAL_Driver/Src/stm32f0xx_hal_pcd_ex.c.obj
                0x08005164                HAL_PCDEx_ActivateLPM
 .text.HAL_PCDEx_LPM_Callback
                0x080051b8       0x16 CMakeFiles/F072_test.dir/Drivers/STM32F0xx_HAL_Driver/Src/stm32f0xx_hal_pcd_ex.c.obj
                0x080051b8                HAL_PCDEx_LPM_Callback
 *fill*         0x080051ce        0x2 
 .text.HAL_RCC_OscConfig
                0x080051d0      0xa2c CMakeFiles/F072_test.dir/Drivers/STM32F0xx_HAL_Driver/Src/stm32f0xx_hal_rcc.c.obj
                0x080051d0                HAL_RCC_OscConfig
 .text.HAL_RCC_ClockConfig
                0x08005bfc      0x2d0 CMakeFiles/F072_test.dir/Drivers/STM32F0xx_HAL_Driver/Src/stm32f0xx_hal_rcc.c.obj
                0x08005bfc                HAL_RCC_ClockConfig
 .text.HAL_RCC_GetSysClockFreq
                0x08005ecc       0xe8 CMakeFiles/F072_test.dir/Drivers/STM32F0xx_HAL_Driver/Src/stm32f0xx_hal_rcc.c.obj
                0x08005ecc                HAL_RCC_GetSysClockFreq
 .text.HAL_RCCEx_PeriphCLKConfig
                0x08005fb4      0x2fc CMakeFiles/F072_test.dir/Drivers/STM32F0xx_HAL_Driver/Src/stm32f0xx_hal_rcc_ex.c.obj
                0x08005fb4                HAL_RCCEx_PeriphCLKConfig
 .text.HAL_Init
                0x080062b0       0x28 CMakeFiles/F072_test.dir/Drivers/STM32F0xx_HAL_Driver/Src/stm32f0xx_hal.c.obj
                0x080062b0                HAL_Init
 .text.HAL_InitTick
                0x080062d8       0x68 CMakeFiles/F072_test.dir/Drivers/STM32F0xx_HAL_Driver/Src/stm32f0xx_hal.c.obj
                0x080062d8                HAL_InitTick
 .text.HAL_IncTick
                0x08006340       0x24 CMakeFiles/F072_test.dir/Drivers/STM32F0xx_HAL_Driver/Src/stm32f0xx_hal.c.obj
                0x08006340                HAL_IncTick
 .text.HAL_GetTick
                0x08006364       0x14 CMakeFiles/F072_test.dir/Drivers/STM32F0xx_HAL_Driver/Src/stm32f0xx_hal.c.obj
                0x08006364                HAL_GetTick
 .text.HAL_GPIO_Init
                0x08006378      0x480 CMakeFiles/F072_test.dir/Drivers/STM32F0xx_HAL_Driver/Src/stm32f0xx_hal_gpio.c.obj
                0x08006378                HAL_GPIO_Init
 .text.HAL_GPIO_WritePin
                0x080067f8       0x74 CMakeFiles/F072_test.dir/Drivers/STM32F0xx_HAL_Driver/Src/stm32f0xx_hal_gpio.c.obj
                0x080067f8                HAL_GPIO_WritePin
 .text.HAL_GPIO_TogglePin
                0x0800686c       0x50 CMakeFiles/F072_test.dir/Drivers/STM32F0xx_HAL_Driver/Src/stm32f0xx_hal_gpio.c.obj
                0x0800686c                HAL_GPIO_TogglePin
 .text.HAL_GPIO_EXTI_IRQHandler
                0x080068bc       0x3c CMakeFiles/F072_test.dir/Drivers/STM32F0xx_HAL_Driver/Src/stm32f0xx_hal_gpio.c.obj
                0x080068bc                HAL_GPIO_EXTI_IRQHandler
 .text.HAL_GPIO_EXTI_ENC_Callback
                0x080068f8       0xe8 CMakeFiles/F072_test.dir/Drivers/STM32F0xx_HAL_Driver/Src/stm32f0xx_hal_gpio.c.obj
                0x080068f8                HAL_GPIO_EXTI_ENC_Callback
 .text.HAL_GPIO_EXTI_PUSH_Callback
                0x080069e0       0xe8 CMakeFiles/F072_test.dir/Drivers/STM32F0xx_HAL_Driver/Src/stm32f0xx_hal_gpio.c.obj
                0x080069e0                HAL_GPIO_EXTI_PUSH_Callback
 .text.__NVIC_EnableIRQ
                0x08006ac8       0x34 CMakeFiles/F072_test.dir/Drivers/STM32F0xx_HAL_Driver/Src/stm32f0xx_hal_cortex.c.obj
 .text.__NVIC_SetPriority
                0x08006afc       0xdc CMakeFiles/F072_test.dir/Drivers/STM32F0xx_HAL_Driver/Src/stm32f0xx_hal_cortex.c.obj
 .text.SysTick_Config
                0x08006bd8       0x48 CMakeFiles/F072_test.dir/Drivers/STM32F0xx_HAL_Driver/Src/stm32f0xx_hal_cortex.c.obj
 .text.HAL_NVIC_SetPriority
                0x08006c20       0x40 CMakeFiles/F072_test.dir/Drivers/STM32F0xx_HAL_Driver/Src/stm32f0xx_hal_cortex.c.obj
                0x08006c20                HAL_NVIC_SetPriority
 .text.HAL_NVIC_EnableIRQ
                0x08006c60       0x38 CMakeFiles/F072_test.dir/Drivers/STM32F0xx_HAL_Driver/Src/stm32f0xx_hal_cortex.c.obj
                0x08006c60                HAL_NVIC_EnableIRQ
 .text.HAL_SYSTICK_Config
                0x08006c98       0x1a CMakeFiles/F072_test.dir/Drivers/STM32F0xx_HAL_Driver/Src/stm32f0xx_hal_cortex.c.obj
                0x08006c98                HAL_SYSTICK_Config
 *fill*         0x08006cb2        0x2 
 .text.HAL_TIM_Base_Init
                0x08006cb4      0x204 CMakeFiles/F072_test.dir/Drivers/STM32F0xx_HAL_Driver/Src/stm32f0xx_hal_tim.c.obj
                0x08006cb4                HAL_TIM_Base_Init
 .text.HAL_TIM_Base_Start_IT
                0x08006eb8      0x128 CMakeFiles/F072_test.dir/Drivers/STM32F0xx_HAL_Driver/Src/stm32f0xx_hal_tim.c.obj
                0x08006eb8                HAL_TIM_Base_Start_IT
 .text.HAL_TIM_Base_Stop_IT
                0x08006fe0       0xe8 CMakeFiles/F072_test.dir/Drivers/STM32F0xx_HAL_Driver/Src/stm32f0xx_hal_tim.c.obj
                0x08006fe0                HAL_TIM_Base_Stop_IT
 .text.HAL_TIM_IRQHandler
                0x080070c8      0x1dc CMakeFiles/F072_test.dir/Drivers/STM32F0xx_HAL_Driver/Src/stm32f0xx_hal_tim.c.obj
                0x080070c8                HAL_TIM_IRQHandler
 .text.HAL_TIM_PeriodElapsedCallback
                0x080072a4       0x10 CMakeFiles/F072_test.dir/Drivers/STM32F0xx_HAL_Driver/Src/stm32f0xx_hal_tim.c.obj
                0x080072a4                HAL_TIM_PeriodElapsedCallback
 .text.HAL_TIM_OC_DelayElapsedCallback
                0x080072b4       0x10 CMakeFiles/F072_test.dir/Drivers/STM32F0xx_HAL_Driver/Src/stm32f0xx_hal_tim.c.obj
                0x080072b4                HAL_TIM_OC_DelayElapsedCallback
 .text.HAL_TIM_IC_CaptureCallback
                0x080072c4       0x10 CMakeFiles/F072_test.dir/Drivers/STM32F0xx_HAL_Driver/Src/stm32f0xx_hal_tim.c.obj
                0x080072c4                HAL_TIM_IC_CaptureCallback
 .text.HAL_TIM_PWM_PulseFinishedCallback
                0x080072d4       0x10 CMakeFiles/F072_test.dir/Drivers/STM32F0xx_HAL_Driver/Src/stm32f0xx_hal_tim.c.obj
                0x080072d4                HAL_TIM_PWM_PulseFinishedCallback
 .text.HAL_TIM_TriggerCallback
                0x080072e4       0x10 CMakeFiles/F072_test.dir/Drivers/STM32F0xx_HAL_Driver/Src/stm32f0xx_hal_tim.c.obj
                0x080072e4                HAL_TIM_TriggerCallback
 .text.TIM_Base_SetConfig
                0x080072f4      0x11c CMakeFiles/F072_test.dir/Drivers/STM32F0xx_HAL_Driver/Src/stm32f0xx_hal_tim.c.obj
                0x080072f4                TIM_Base_SetConfig
 .text.HAL_TIMEx_MasterConfigSynchronization
                0x08007410      0x188 CMakeFiles/F072_test.dir/Drivers/STM32F0xx_HAL_Driver/Src/stm32f0xx_hal_tim_ex.c.obj
                0x08007410                HAL_TIMEx_MasterConfigSynchronization
 .text.HAL_TIMEx_CommutCallback
                0x08007598       0x10 CMakeFiles/F072_test.dir/Drivers/STM32F0xx_HAL_Driver/Src/stm32f0xx_hal_tim_ex.c.obj
                0x08007598                HAL_TIMEx_CommutCallback
 .text.HAL_TIMEx_BreakCallback
                0x080075a8       0x10 CMakeFiles/F072_test.dir/Drivers/STM32F0xx_HAL_Driver/Src/stm32f0xx_hal_tim_ex.c.obj
                0x080075a8                HAL_TIMEx_BreakCallback
 .text.SystemInit
                0x080075b8        0xa CMakeFiles/F072_test.dir/Core/Src/system_stm32f0xx.c.obj
                0x080075b8                SystemInit
 .text.USBD_Init
                0x080075c2       0x62 CMakeFiles/F072_test.dir/Middlewares/ST/STM32_USB_Device_Library/Core/Src/usbd_core.c.obj
                0x080075c2                USBD_Init
 .text.USBD_RegisterClass
                0x08007624       0x40 CMakeFiles/F072_test.dir/Middlewares/ST/STM32_USB_Device_Library/Core/Src/usbd_core.c.obj
                0x08007624                USBD_RegisterClass
 .text.USBD_Start
                0x08007664       0x1a CMakeFiles/F072_test.dir/Middlewares/ST/STM32_USB_Device_Library/Core/Src/usbd_core.c.obj
                0x08007664                USBD_Start
 .text.USBD_RunTestMode
                0x0800767e       0x12 CMakeFiles/F072_test.dir/Middlewares/ST/STM32_USB_Device_Library/Core/Src/usbd_core.c.obj
                0x0800767e                USBD_RunTestMode
 .text.USBD_SetClassConfig
                0x08007690       0x4e CMakeFiles/F072_test.dir/Middlewares/ST/STM32_USB_Device_Library/Core/Src/usbd_core.c.obj
                0x08007690                USBD_SetClassConfig
 .text.USBD_ClrClassConfig
                0x080076de       0x2c CMakeFiles/F072_test.dir/Middlewares/ST/STM32_USB_Device_Library/Core/Src/usbd_core.c.obj
                0x080076de                USBD_ClrClassConfig
 *fill*         0x0800770a        0x2 
 .text.USBD_LL_SetupStage
                0x0800770c       0xbc CMakeFiles/F072_test.dir/Middlewares/ST/STM32_USB_Device_Library/Core/Src/usbd_core.c.obj
                0x0800770c                USBD_LL_SetupStage
 .text.USBD_LL_DataOutStage
                0x080077c8      0x104 CMakeFiles/F072_test.dir/Middlewares/ST/STM32_USB_Device_Library/Core/Src/usbd_core.c.obj
                0x080077c8                USBD_LL_DataOutStage
 .text.USBD_LL_DataInStage
                0x080078cc      0x17a CMakeFiles/F072_test.dir/Middlewares/ST/STM32_USB_Device_Library/Core/Src/usbd_core.c.obj
                0x080078cc                USBD_LL_DataInStage
 .text.USBD_LL_Reset
                0x08007a46       0x90 CMakeFiles/F072_test.dir/Middlewares/ST/STM32_USB_Device_Library/Core/Src/usbd_core.c.obj
                0x08007a46                USBD_LL_Reset
 .text.USBD_LL_SetSpeed
                0x08007ad6       0x20 CMakeFiles/F072_test.dir/Middlewares/ST/STM32_USB_Device_Library/Core/Src/usbd_core.c.obj
                0x08007ad6                USBD_LL_SetSpeed
 *fill*         0x08007af6        0x2 
 .text.USBD_LL_Suspend
                0x08007af8       0x30 CMakeFiles/F072_test.dir/Middlewares/ST/STM32_USB_Device_Library/Core/Src/usbd_core.c.obj
                0x08007af8                USBD_LL_Suspend
 .text.USBD_LL_Resume
                0x08007b28       0x30 CMakeFiles/F072_test.dir/Middlewares/ST/STM32_USB_Device_Library/Core/Src/usbd_core.c.obj
                0x08007b28                USBD_LL_Resume
 .text.USBD_LL_SOF
                0x08007b58       0x3c CMakeFiles/F072_test.dir/Middlewares/ST/STM32_USB_Device_Library/Core/Src/usbd_core.c.obj
                0x08007b58                USBD_LL_SOF
 .text.USBD_StdDevReq
                0x08007b94       0xe4 CMakeFiles/F072_test.dir/Middlewares/ST/STM32_USB_Device_Library/Core/Src/usbd_ctlreq.c.obj
                0x08007b94                USBD_StdDevReq
 .text.USBD_StdItfReq
                0x08007c78       0xae CMakeFiles/F072_test.dir/Middlewares/ST/STM32_USB_Device_Library/Core/Src/usbd_ctlreq.c.obj
                0x08007c78                USBD_StdItfReq
 .text.USBD_StdEPReq
                0x08007d26      0x36c CMakeFiles/F072_test.dir/Middlewares/ST/STM32_USB_Device_Library/Core/Src/usbd_ctlreq.c.obj
                0x08007d26                USBD_StdEPReq
 *fill*         0x08008092        0x2 
 .text.USBD_GetDescriptor
                0x08008094      0x364 CMakeFiles/F072_test.dir/Middlewares/ST/STM32_USB_Device_Library/Core/Src/usbd_ctlreq.c.obj
 .text.USBD_SetAddress
                0x080083f8       0xa8 CMakeFiles/F072_test.dir/Middlewares/ST/STM32_USB_Device_Library/Core/Src/usbd_ctlreq.c.obj
 .text.USBD_SetConfig
                0x080084a0      0x148 CMakeFiles/F072_test.dir/Middlewares/ST/STM32_USB_Device_Library/Core/Src/usbd_ctlreq.c.obj
 .text.USBD_GetConfig
                0x080085e8       0x76 CMakeFiles/F072_test.dir/Middlewares/ST/STM32_USB_Device_Library/Core/Src/usbd_ctlreq.c.obj
 .text.USBD_GetStatus
                0x0800865e       0x74 CMakeFiles/F072_test.dir/Middlewares/ST/STM32_USB_Device_Library/Core/Src/usbd_ctlreq.c.obj
 .text.USBD_SetFeature
                0x080086d2       0x2c CMakeFiles/F072_test.dir/Middlewares/ST/STM32_USB_Device_Library/Core/Src/usbd_ctlreq.c.obj
 .text.USBD_ClrFeature
                0x080086fe       0x4c CMakeFiles/F072_test.dir/Middlewares/ST/STM32_USB_Device_Library/Core/Src/usbd_ctlreq.c.obj
 .text.USBD_ParseSetupRequest
                0x0800874a       0x70 CMakeFiles/F072_test.dir/Middlewares/ST/STM32_USB_Device_Library/Core/Src/usbd_ctlreq.c.obj
                0x0800874a                USBD_ParseSetupRequest
 .text.USBD_CtlError
                0x080087ba       0x26 CMakeFiles/F072_test.dir/Middlewares/ST/STM32_USB_Device_Library/Core/Src/usbd_ctlreq.c.obj
                0x080087ba                USBD_CtlError
 .text.USBD_GetString
                0x080087e0       0x9c CMakeFiles/F072_test.dir/Middlewares/ST/STM32_USB_Device_Library/Core/Src/usbd_ctlreq.c.obj
                0x080087e0                USBD_GetString
 .text.USBD_GetLen
                0x0800887c       0x3a CMakeFiles/F072_test.dir/Middlewares/ST/STM32_USB_Device_Library/Core/Src/usbd_ctlreq.c.obj
 .text.USBD_CtlSendData
                0x080088b6       0x40 CMakeFiles/F072_test.dir/Middlewares/ST/STM32_USB_Device_Library/Core/Src/usbd_ioreq.c.obj
                0x080088b6                USBD_CtlSendData
 .text.USBD_CtlContinueSendData
                0x080088f6       0x26 CMakeFiles/F072_test.dir/Middlewares/ST/STM32_USB_Device_Library/Core/Src/usbd_ioreq.c.obj
                0x080088f6                USBD_CtlContinueSendData
 .text.USBD_CtlContinueRx
                0x0800891c       0x26 CMakeFiles/F072_test.dir/Middlewares/ST/STM32_USB_Device_Library/Core/Src/usbd_ioreq.c.obj
                0x0800891c                USBD_CtlContinueRx
 .text.USBD_CtlSendStatus
                0x08008942       0x28 CMakeFiles/F072_test.dir/Middlewares/ST/STM32_USB_Device_Library/Core/Src/usbd_ioreq.c.obj
                0x08008942                USBD_CtlSendStatus
 .text.USBD_CtlReceiveStatus
                0x0800896a       0x28 CMakeFiles/F072_test.dir/Middlewares/ST/STM32_USB_Device_Library/Core/Src/usbd_ioreq.c.obj
                0x0800896a                USBD_CtlReceiveStatus
 .text.USBD_HID_Init
                0x08008992       0x56 CMakeFiles/F072_test.dir/Middlewares/ST/STM32_USB_Device_Library/Class/HID/Src/usbd_hid.c.obj
 .text.USBD_HID_DeInit
                0x080089e8       0x4c CMakeFiles/F072_test.dir/Middlewares/ST/STM32_USB_Device_Library/Class/HID/Src/usbd_hid.c.obj
 .text.USBD_HID_Setup
                0x08008a34      0x21c CMakeFiles/F072_test.dir/Middlewares/ST/STM32_USB_Device_Library/Class/HID/Src/usbd_hid.c.obj
 .text.USBD_HID_SendReport
                0x08008c50       0x4a CMakeFiles/F072_test.dir/Middlewares/ST/STM32_USB_Device_Library/Class/HID/Src/usbd_hid.c.obj
                0x08008c50                USBD_HID_SendReport
 *fill*         0x08008c9a        0x2 
 .text.USBD_HID_GetFSCfgDesc
                0x08008c9c       0x1c CMakeFiles/F072_test.dir/Middlewares/ST/STM32_USB_Device_Library/Class/HID/Src/usbd_hid.c.obj
 .text.USBD_HID_GetHSCfgDesc
                0x08008cb8       0x1c CMakeFiles/F072_test.dir/Middlewares/ST/STM32_USB_Device_Library/Class/HID/Src/usbd_hid.c.obj
 .text.USBD_HID_GetOtherSpeedCfgDesc
                0x08008cd4       0x1c CMakeFiles/F072_test.dir/Middlewares/ST/STM32_USB_Device_Library/Class/HID/Src/usbd_hid.c.obj
 .text.USBD_HID_DataIn
                0x08008cf0       0x24 CMakeFiles/F072_test.dir/Middlewares/ST/STM32_USB_Device_Library/Class/HID/Src/usbd_hid.c.obj
 .text.USBD_HID_GetDeviceQualifierDesc
                0x08008d14       0x1c CMakeFiles/F072_test.dir/Middlewares/ST/STM32_USB_Device_Library/Class/HID/Src/usbd_hid.c.obj
 .text.Reset_Handler
                0x08008d30       0x50 CMakeFiles/F072_test.dir/startup_stm32f072xb.s.obj
                0x08008d30                Reset_Handler
 .text.Default_Handler
                0x08008d80        0x2 CMakeFiles/F072_test.dir/startup_stm32f072xb.s.obj
                0x08008d80                TIM1_CC_IRQHandler
                0x08008d80                TSC_IRQHandler
                0x08008d80                ADC1_COMP_IRQHandler
                0x08008d80                I2C1_IRQHandler
                0x08008d80                RCC_CRS_IRQHandler
                0x08008d80                SPI1_IRQHandler
                0x08008d80                TIM6_DAC_IRQHandler
                0x08008d80                USART3_4_IRQHandler
                0x08008d80                I2C2_IRQHandler
                0x08008d80                TIM17_IRQHandler
                0x08008d80                CEC_CAN_IRQHandler
                0x08008d80                RTC_IRQHandler
                0x08008d80                PVD_VDDIO2_IRQHandler
                0x08008d80                DMA1_Channel4_5_6_7_IRQHandler
                0x08008d80                TIM16_IRQHandler
                0x08008d80                TIM3_IRQHandler
                0x08008d80                DMA1_Channel1_IRQHandler
                0x08008d80                Default_Handler
                0x08008d80                TIM14_IRQHandler
                0x08008d80                TIM15_IRQHandler
                0x08008d80                EXTI0_1_IRQHandler
                0x08008d80                SPI2_IRQHandler
                0x08008d80                WWDG_IRQHandler
                0x08008d80                TIM2_IRQHandler
                0x08008d80                DMA1_Channel2_3_IRQHandler
                0x08008d80                USART2_IRQHandler
                0x08008d80                FLASH_IRQHandler
                0x08008d80                USART1_IRQHandler
                0x08008d80                TIM1_BRK_UP_TRG_COM_IRQHandler
 *(.glue_7)
 .glue_7        0x08008d82        0x0 linker stubs
 *(.glue_7t)
 .glue_7t       0x08008d82        0x0 linker stubs
 *(.eh_frame)
 *fill*         0x08008d82        0x2 
 .eh_frame      0x08008d84        0x0 C:/ST/STM32CubeCLT_1.18.0/GNU-tools-for-STM32/bin/../lib/gcc/arm-none-eabi/13.3.1/thumb/v6-m/nofp/crtbegin.o
 *(.init)
 .init          0x08008d84        0x4 C:/ST/STM32CubeCLT_1.18.0/GNU-tools-for-STM32/bin/../lib/gcc/arm-none-eabi/13.3.1/thumb/v6-m/nofp/crti.o
                0x08008d84                _init
 .init          0x08008d88        0x8 C:/ST/STM32CubeCLT_1.18.0/GNU-tools-for-STM32/bin/../lib/gcc/arm-none-eabi/13.3.1/thumb/v6-m/nofp/crtn.o
 *(.fini)
 .fini          0x08008d90        0x4 C:/ST/STM32CubeCLT_1.18.0/GNU-tools-for-STM32/bin/../lib/gcc/arm-none-eabi/13.3.1/thumb/v6-m/nofp/crti.o
                0x08008d90                _fini
 .fini          0x08008d94        0x8 C:/ST/STM32CubeCLT_1.18.0/GNU-tools-for-STM32/bin/../lib/gcc/arm-none-eabi/13.3.1/thumb/v6-m/nofp/crtn.o
                0x08008d9c                        . = ALIGN (0x4)
                0x08008d9c                        _etext = .

.vfp11_veneer   0x08008d9c        0x0
 .vfp11_veneer  0x08008d9c        0x0 linker stubs

.v4_bx          0x08008d9c        0x0
 .v4_bx         0x08008d9c        0x0 linker stubs

.iplt           0x08008d9c        0x0
 .iplt          0x08008d9c        0x0 C:/ST/STM32CubeCLT_1.18.0/GNU-tools-for-STM32/bin/../lib/gcc/arm-none-eabi/13.3.1/thumb/v6-m/nofp/crtbegin.o

.rodata         0x08008d9c      0x4c8
                0x08008d9c                        . = ALIGN (0x4)
 *(.rodata)
 .rodata        0x08008d9c       0x32 CMakeFiles/F072_test.dir/USB_DEVICE/App/usbd_desc.c.obj
 *fill*         0x08008dce        0x2 
 .rodata        0x08008dd0       0x8b CMakeFiles/F072_test.dir/Drivers/STM32F0xx_HAL_Driver/Src/stm32f0xx_hal_pcd.c.obj
 *fill*         0x08008e5b        0x1 
 .rodata        0x08008e5c       0x8b CMakeFiles/F072_test.dir/Drivers/STM32F0xx_HAL_Driver/Src/stm32f0xx_hal_rcc.c.obj
 *fill*         0x08008ee7        0x1 
 .rodata        0x08008ee8       0x8e CMakeFiles/F072_test.dir/Drivers/STM32F0xx_HAL_Driver/Src/stm32f0xx_hal_rcc_ex.c.obj
 *fill*         0x08008f76        0x2 
 .rodata        0x08008f78       0x8c CMakeFiles/F072_test.dir/Drivers/STM32F0xx_HAL_Driver/Src/stm32f0xx_hal_gpio.c.obj
 .rodata        0x08009004       0x8e CMakeFiles/F072_test.dir/Drivers/STM32F0xx_HAL_Driver/Src/stm32f0xx_hal_cortex.c.obj
 *fill*         0x08009092        0x2 
 .rodata        0x08009094       0x8b CMakeFiles/F072_test.dir/Drivers/STM32F0xx_HAL_Driver/Src/stm32f0xx_hal_tim.c.obj
 *fill*         0x0800911f        0x1 
 .rodata        0x08009120       0x8e CMakeFiles/F072_test.dir/Drivers/STM32F0xx_HAL_Driver/Src/stm32f0xx_hal_tim_ex.c.obj
 *(.rodata*)
 *fill*         0x080091ae        0x2 
 .rodata.keycode_array
                0x080091b0       0x23 CMakeFiles/F072_test.dir/Core/Src/key_scan.c.obj
                0x080091b0                keycode_array
 *fill*         0x080091d3        0x1 
 .rodata.aPLLMULFactorTable.1
                0x080091d4       0x10 CMakeFiles/F072_test.dir/Drivers/STM32F0xx_HAL_Driver/Src/stm32f0xx_hal_rcc.c.obj
 .rodata.aPredivFactorTable.0
                0x080091e4       0x10 CMakeFiles/F072_test.dir/Drivers/STM32F0xx_HAL_Driver/Src/stm32f0xx_hal_rcc.c.obj
 .rodata.AHBPrescTable
                0x080091f4       0x10 CMakeFiles/F072_test.dir/Core/Src/system_stm32f0xx.c.obj
                0x080091f4                AHBPrescTable
 .rodata.USBD_StdDevReq
                0x08009204       0x28 CMakeFiles/F072_test.dir/Middlewares/ST/STM32_USB_Device_Library/Core/Src/usbd_ctlreq.c.obj
 .rodata.USBD_GetDescriptor
                0x0800922c       0x38 CMakeFiles/F072_test.dir/Middlewares/ST/STM32_USB_Device_Library/Core/Src/usbd_ctlreq.c.obj
                0x08009264                        . = ALIGN (0x4)

.rel.dyn        0x08009264        0x0
 .rel.iplt      0x08009264        0x0 C:/ST/STM32CubeCLT_1.18.0/GNU-tools-for-STM32/bin/../lib/gcc/arm-none-eabi/13.3.1/thumb/v6-m/nofp/crtbegin.o

.ARM.extab
 *(.ARM.extab* .gnu.linkonce.armextab.*)

.ARM            0x08009264        0x0
                0x08009264                        __exidx_start = .
 *(.ARM.exidx*)
                0x08009264                        __exidx_end = .

.preinit_array  0x08009264        0x0
                0x08009264                        PROVIDE (__preinit_array_start = .)
 *(.preinit_array*)
                0x08009264                        PROVIDE (__preinit_array_end = .)

.init_array     0x08009264        0x4
                0x08009264                        PROVIDE (__init_array_start = .)
 *(SORT_BY_NAME(.init_array.*))
 *(.init_array*)
 .init_array    0x08009264        0x4 C:/ST/STM32CubeCLT_1.18.0/GNU-tools-for-STM32/bin/../lib/gcc/arm-none-eabi/13.3.1/thumb/v6-m/nofp/crtbegin.o
                0x08009268                        PROVIDE (__init_array_end = .)

.fini_array     0x08009268        0x4
                [!provide]                        PROVIDE (__fini_array_start = .)
 *(SORT_BY_NAME(.fini_array.*))
 *(.fini_array*)
 .fini_array    0x08009268        0x4 C:/ST/STM32CubeCLT_1.18.0/GNU-tools-for-STM32/bin/../lib/gcc/arm-none-eabi/13.3.1/thumb/v6-m/nofp/crtbegin.o
                [!provide]                        PROVIDE (__fini_array_end = .)
                0x0800926c                        _sidata = LOADADDR (.data)

.data           0x20000000      0x158 load address 0x0800926c
                0x20000000                        . = ALIGN (0x4)
                0x20000000                        _sdata = .
 *(.data)
 *(.data*)
 .data.FS_Desc  0x20000000       0x1c CMakeFiles/F072_test.dir/USB_DEVICE/App/usbd_desc.c.obj
                0x20000000                FS_Desc
 .data.USBD_FS_DeviceDesc
                0x2000001c       0x12 CMakeFiles/F072_test.dir/USB_DEVICE/App/usbd_desc.c.obj
                0x2000001c                USBD_FS_DeviceDesc
 *fill*         0x2000002e        0x2 
 .data.USBD_LangIDDesc
                0x20000030        0x4 CMakeFiles/F072_test.dir/USB_DEVICE/App/usbd_desc.c.obj
                0x20000030                USBD_LangIDDesc
 .data.USBD_StringSerial
                0x20000034       0x1a CMakeFiles/F072_test.dir/USB_DEVICE/App/usbd_desc.c.obj
                0x20000034                USBD_StringSerial
 *fill*         0x2000004e        0x2 
 .data.uwTickPrio
                0x20000050        0x4 CMakeFiles/F072_test.dir/Drivers/STM32F0xx_HAL_Driver/Src/stm32f0xx_hal.c.obj
                0x20000050                uwTickPrio
 .data.uwTickFreq
                0x20000054        0x1 CMakeFiles/F072_test.dir/Drivers/STM32F0xx_HAL_Driver/Src/stm32f0xx_hal.c.obj
                0x20000054                uwTickFreq
 *fill*         0x20000055        0x3 
 .data.SystemCoreClock
                0x20000058        0x4 CMakeFiles/F072_test.dir/Core/Src/system_stm32f0xx.c.obj
                0x20000058                SystemCoreClock
 .data.USBD_HID
                0x2000005c       0x38 CMakeFiles/F072_test.dir/Middlewares/ST/STM32_USB_Device_Library/Class/HID/Src/usbd_hid.c.obj
                0x2000005c                USBD_HID
 .data.USBD_HID_CfgFSDesc
                0x20000094       0x22 CMakeFiles/F072_test.dir/Middlewares/ST/STM32_USB_Device_Library/Class/HID/Src/usbd_hid.c.obj
 *fill*         0x200000b6        0x2 
 .data.USBD_HID_CfgHSDesc
                0x200000b8       0x22 CMakeFiles/F072_test.dir/Middlewares/ST/STM32_USB_Device_Library/Class/HID/Src/usbd_hid.c.obj
 *fill*         0x200000da        0x2 
 .data.USBD_HID_OtherSpeedCfgDesc
                0x200000dc       0x22 CMakeFiles/F072_test.dir/Middlewares/ST/STM32_USB_Device_Library/Class/HID/Src/usbd_hid.c.obj
 *fill*         0x200000fe        0x2 
 .data.USBD_HID_Desc
                0x20000100        0x9 CMakeFiles/F072_test.dir/Middlewares/ST/STM32_USB_Device_Library/Class/HID/Src/usbd_hid.c.obj
 *fill*         0x20000109        0x3 
 .data.USBD_HID_DeviceQualifierDesc
                0x2000010c        0xa CMakeFiles/F072_test.dir/Middlewares/ST/STM32_USB_Device_Library/Class/HID/Src/usbd_hid.c.obj
 *fill*         0x20000116        0x2 
 .data.HID_MOUSE_ReportDesc
                0x20000118       0x3f CMakeFiles/F072_test.dir/Middlewares/ST/STM32_USB_Device_Library/Class/HID/Src/usbd_hid.c.obj
                0x20000158                        . = ALIGN (0x4)
 *fill*         0x20000157        0x1 
                0x20000158                        _edata = .

.igot.plt       0x20000158        0x0 load address 0x080093c4
 .igot.plt      0x20000158        0x0 C:/ST/STM32CubeCLT_1.18.0/GNU-tools-for-STM32/bin/../lib/gcc/arm-none-eabi/13.3.1/thumb/v6-m/nofp/crtbegin.o
                0x20000158                        . = ALIGN (0x4)

.bss            0x20000158      0x888 load address 0x080093c4
                0x20000158                        _sbss = .
                0x20000158                        __bss_start__ = _sbss
 *(.bss)
 .bss           0x20000158       0x1c C:/ST/STM32CubeCLT_1.18.0/GNU-tools-for-STM32/bin/../lib/gcc/arm-none-eabi/13.3.1/thumb/v6-m/nofp/crtbegin.o
 *(.bss*)
 .bss.keyboard  0x20000174       0x59 CMakeFiles/F072_test.dir/Core/Src/main.c.obj
                0x20000174                keyboard
 *fill*         0x200001cd        0x3 
 .bss.led_tim   0x200001d0       0x48 CMakeFiles/F072_test.dir/Core/Src/tim.c.obj
                0x200001d0                led_tim
 .bss.prev_array_size.0
                0x20000218        0x1 CMakeFiles/F072_test.dir/Core/Src/key_scan.c.obj
 *fill*         0x20000219        0x3 
 .bss.hUsbDeviceFS
                0x2000021c      0x2c4 CMakeFiles/F072_test.dir/USB_DEVICE/App/usb_device.c.obj
                0x2000021c                hUsbDeviceFS
 .bss.USBD_StrDesc
                0x200004e0      0x200 CMakeFiles/F072_test.dir/USB_DEVICE/App/usbd_desc.c.obj
                0x200004e0                USBD_StrDesc
 .bss.hpcd_USB_FS
                0x200006e0      0x2dc CMakeFiles/F072_test.dir/USB_DEVICE/Target/usbd_conf.c.obj
                0x200006e0                hpcd_USB_FS
 .bss.mem.0     0x200009bc       0x14 CMakeFiles/F072_test.dir/USB_DEVICE/Target/usbd_conf.c.obj
 .bss.uwTick    0x200009d0        0x4 CMakeFiles/F072_test.dir/Drivers/STM32F0xx_HAL_Driver/Src/stm32f0xx_hal.c.obj
                0x200009d0                uwTick
 .bss.cnt_fall.1
                0x200009d4        0x1 CMakeFiles/F072_test.dir/Drivers/STM32F0xx_HAL_Driver/Src/stm32f0xx_hal_gpio.c.obj
 *fill*         0x200009d5        0x3 
 .bss.tick_base.0
                0x200009d8        0x4 CMakeFiles/F072_test.dir/Drivers/STM32F0xx_HAL_Driver/Src/stm32f0xx_hal_gpio.c.obj
 .bss.cfgidx.0  0x200009dc        0x1 CMakeFiles/F072_test.dir/Middlewares/ST/STM32_USB_Device_Library/Core/Src/usbd_ctlreq.c.obj
 *(COMMON)
                0x200009e0                        . = ALIGN (0x4)
 *fill*         0x200009dd        0x3 
                0x200009e0                        _ebss = .
                0x200009e0                        __bss_end__ = _ebss

._user_heap_stack
                0x200009e0      0x600 load address 0x080093c4
                0x200009e0                        . = ALIGN (0x8)
                [!provide]                        PROVIDE (end = .)
                0x200009e0                        PROVIDE (_end = .)
                0x20000be0                        . = (. + _Min_Heap_Size)
 *fill*         0x200009e0      0x200 
                0x20000fe0                        . = (. + _Min_Stack_Size)
 *fill*         0x20000be0      0x400 
                0x20000fe0                        . = ALIGN (0x8)

/DISCARD/
 libc.a(*)
 libm.a(*)
 libgcc.a(*)

.ARM.attributes
                0x00000000       0x28
 *(.ARM.attributes)
 .ARM.attributes
                0x00000000       0x1e C:/ST/STM32CubeCLT_1.18.0/GNU-tools-for-STM32/bin/../lib/gcc/arm-none-eabi/13.3.1/thumb/v6-m/nofp/crti.o
 .ARM.attributes
                0x0000001e       0x2c C:/ST/STM32CubeCLT_1.18.0/GNU-tools-for-STM32/bin/../lib/gcc/arm-none-eabi/13.3.1/thumb/v6-m/nofp/crtbegin.o
 .ARM.attributes
                0x0000004a       0x2c C:/ST/STM32CubeCLT_1.18.0/GNU-tools-for-STM32/bin/../lib/gcc/arm-none-eabi/13.3.1/../../../../arm-none-eabi/lib/thumb/v6-m/nofp\libc_nano.a(libc_a-memset.o)
 .ARM.attributes
                0x00000076       0x2c C:/ST/STM32CubeCLT_1.18.0/GNU-tools-for-STM32/bin/../lib/gcc/arm-none-eabi/13.3.1/../../../../arm-none-eabi/lib/thumb/v6-m/nofp\libc_nano.a(libc_a-init.o)
 .ARM.attributes
                0x000000a2       0x2c CMakeFiles/F072_test.dir/Core/Src/main.c.obj
 .ARM.attributes
                0x000000ce       0x2c CMakeFiles/F072_test.dir/Core/Src/gpio.c.obj
 .ARM.attributes
                0x000000fa       0x2c CMakeFiles/F072_test.dir/Core/Src/tim.c.obj
 .ARM.attributes
                0x00000126       0x2c CMakeFiles/F072_test.dir/Core/Src/key_scan.c.obj
 .ARM.attributes
                0x00000152       0x2c CMakeFiles/F072_test.dir/Core/Src/stm32f0xx_it.c.obj
 .ARM.attributes
                0x0000017e       0x2c CMakeFiles/F072_test.dir/Core/Src/stm32f0xx_hal_msp.c.obj
 .ARM.attributes
                0x000001aa       0x2c CMakeFiles/F072_test.dir/USB_DEVICE/App/usb_device.c.obj
 .ARM.attributes
                0x000001d6       0x2c CMakeFiles/F072_test.dir/USB_DEVICE/App/usbd_desc.c.obj
 .ARM.attributes
                0x00000202       0x2c CMakeFiles/F072_test.dir/USB_DEVICE/Target/usbd_conf.c.obj
 .ARM.attributes
                0x0000022e       0x2c CMakeFiles/F072_test.dir/Drivers/STM32F0xx_HAL_Driver/Src/stm32f0xx_ll_usb.c.obj
 .ARM.attributes
                0x0000025a       0x2c CMakeFiles/F072_test.dir/Drivers/STM32F0xx_HAL_Driver/Src/stm32f0xx_hal_pcd.c.obj
 .ARM.attributes
                0x00000286       0x2c CMakeFiles/F072_test.dir/Drivers/STM32F0xx_HAL_Driver/Src/stm32f0xx_hal_pcd_ex.c.obj
 .ARM.attributes
                0x000002b2       0x2c CMakeFiles/F072_test.dir/Drivers/STM32F0xx_HAL_Driver/Src/stm32f0xx_hal_rcc.c.obj
 .ARM.attributes
                0x000002de       0x2c CMakeFiles/F072_test.dir/Drivers/STM32F0xx_HAL_Driver/Src/stm32f0xx_hal_rcc_ex.c.obj
 .ARM.attributes
                0x0000030a       0x2c CMakeFiles/F072_test.dir/Drivers/STM32F0xx_HAL_Driver/Src/stm32f0xx_hal.c.obj
 .ARM.attributes
                0x00000336       0x2c CMakeFiles/F072_test.dir/Drivers/STM32F0xx_HAL_Driver/Src/stm32f0xx_hal_gpio.c.obj
 .ARM.attributes
                0x00000362       0x2c CMakeFiles/F072_test.dir/Drivers/STM32F0xx_HAL_Driver/Src/stm32f0xx_hal_cortex.c.obj
 .ARM.attributes
                0x0000038e       0x2c CMakeFiles/F072_test.dir/Drivers/STM32F0xx_HAL_Driver/Src/stm32f0xx_hal_tim.c.obj
 .ARM.attributes
                0x000003ba       0x2c CMakeFiles/F072_test.dir/Drivers/STM32F0xx_HAL_Driver/Src/stm32f0xx_hal_tim_ex.c.obj
 .ARM.attributes
                0x000003e6       0x2c CMakeFiles/F072_test.dir/Core/Src/system_stm32f0xx.c.obj
 .ARM.attributes
                0x00000412       0x2c CMakeFiles/F072_test.dir/Middlewares/ST/STM32_USB_Device_Library/Core/Src/usbd_core.c.obj
 .ARM.attributes
                0x0000043e       0x2c CMakeFiles/F072_test.dir/Middlewares/ST/STM32_USB_Device_Library/Core/Src/usbd_ctlreq.c.obj
 .ARM.attributes
                0x0000046a       0x2c CMakeFiles/F072_test.dir/Middlewares/ST/STM32_USB_Device_Library/Core/Src/usbd_ioreq.c.obj
 .ARM.attributes
                0x00000496       0x2c CMakeFiles/F072_test.dir/Middlewares/ST/STM32_USB_Device_Library/Class/HID/Src/usbd_hid.c.obj
 .ARM.attributes
                0x000004c2       0x21 CMakeFiles/F072_test.dir/startup_stm32f072xb.s.obj
 .ARM.attributes
                0x000004e3       0x1e C:/ST/STM32CubeCLT_1.18.0/GNU-tools-for-STM32/bin/../lib/gcc/arm-none-eabi/13.3.1/thumb/v6-m/nofp\libgcc.a(_udivsi3.o)
 .ARM.attributes
                0x00000501       0x1e C:/ST/STM32CubeCLT_1.18.0/GNU-tools-for-STM32/bin/../lib/gcc/arm-none-eabi/13.3.1/thumb/v6-m/nofp\libgcc.a(_dvmd_tls.o)
 .ARM.attributes
                0x0000051f       0x1e C:/ST/STM32CubeCLT_1.18.0/GNU-tools-for-STM32/bin/../lib/gcc/arm-none-eabi/13.3.1/thumb/v6-m/nofp/crtn.o
OUTPUT(F072_test.elf elf32-littlearm)
LOAD linker stubs
LOAD C:/ST/STM32CubeCLT_1.18.0/GNU-tools-for-STM32/bin/../lib/gcc/arm-none-eabi/13.3.1/../../../../arm-none-eabi/lib/thumb/v6-m/nofp\libc.a
LOAD C:/ST/STM32CubeCLT_1.18.0/GNU-tools-for-STM32/bin/../lib/gcc/arm-none-eabi/13.3.1/../../../../arm-none-eabi/lib/thumb/v6-m/nofp\libm.a
LOAD C:/ST/STM32CubeCLT_1.18.0/GNU-tools-for-STM32/bin/../lib/gcc/arm-none-eabi/13.3.1/thumb/v6-m/nofp\libgcc.a

.debug_frame    0x00000000     0x3604
 .debug_frame   0x00000000       0x20 C:/ST/STM32CubeCLT_1.18.0/GNU-tools-for-STM32/bin/../lib/gcc/arm-none-eabi/13.3.1/../../../../arm-none-eabi/lib/thumb/v6-m/nofp\libc_nano.a(libc_a-memset.o)
 .debug_frame   0x00000020       0x2c C:/ST/STM32CubeCLT_1.18.0/GNU-tools-for-STM32/bin/../lib/gcc/arm-none-eabi/13.3.1/../../../../arm-none-eabi/lib/thumb/v6-m/nofp\libc_nano.a(libc_a-init.o)
 .debug_frame   0x0000004c       0x8c CMakeFiles/F072_test.dir/Core/Src/main.c.obj
 .debug_frame   0x000000d8       0x30 CMakeFiles/F072_test.dir/Core/Src/gpio.c.obj
 .debug_frame   0x00000108       0x70 CMakeFiles/F072_test.dir/Core/Src/tim.c.obj
 .debug_frame   0x00000178       0x54 CMakeFiles/F072_test.dir/Core/Src/key_scan.c.obj
 .debug_frame   0x000001cc      0x10c CMakeFiles/F072_test.dir/Core/Src/stm32f0xx_it.c.obj
 .debug_frame   0x000002d8       0x30 CMakeFiles/F072_test.dir/Core/Src/stm32f0xx_hal_msp.c.obj
 .debug_frame   0x00000308       0x2c CMakeFiles/F072_test.dir/USB_DEVICE/App/usb_device.c.obj
 .debug_frame   0x00000334      0x130 CMakeFiles/F072_test.dir/USB_DEVICE/App/usbd_desc.c.obj
 .debug_frame   0x00000464      0x438 CMakeFiles/F072_test.dir/USB_DEVICE/Target/usbd_conf.c.obj
 .debug_frame   0x0000089c      0x2d0 CMakeFiles/F072_test.dir/Drivers/STM32F0xx_HAL_Driver/Src/stm32f0xx_ll_usb.c.obj
 .debug_frame   0x00000b6c      0x498 CMakeFiles/F072_test.dir/Drivers/STM32F0xx_HAL_Driver/Src/stm32f0xx_hal_pcd.c.obj
 .debug_frame   0x00001004      0x110 CMakeFiles/F072_test.dir/Drivers/STM32F0xx_HAL_Driver/Src/stm32f0xx_hal_pcd_ex.c.obj
 .debug_frame   0x00001114      0x198 CMakeFiles/F072_test.dir/Drivers/STM32F0xx_HAL_Driver/Src/stm32f0xx_hal_rcc.c.obj
 .debug_frame   0x000012ac      0x180 CMakeFiles/F072_test.dir/Drivers/STM32F0xx_HAL_Driver/Src/stm32f0xx_hal_rcc_ex.c.obj
 .debug_frame   0x0000142c      0x2a4 CMakeFiles/F072_test.dir/Drivers/STM32F0xx_HAL_Driver/Src/stm32f0xx_hal.c.obj
 .debug_frame   0x000016d0      0x130 CMakeFiles/F072_test.dir/Drivers/STM32F0xx_HAL_Driver/Src/stm32f0xx_hal_gpio.c.obj
 .debug_frame   0x00001800      0x2a0 CMakeFiles/F072_test.dir/Drivers/STM32F0xx_HAL_Driver/Src/stm32f0xx_hal_cortex.c.obj
 .debug_frame   0x00001aa0      0xf00 CMakeFiles/F072_test.dir/Drivers/STM32F0xx_HAL_Driver/Src/stm32f0xx_hal_tim.c.obj
 .debug_frame   0x000029a0      0x550 CMakeFiles/F072_test.dir/Drivers/STM32F0xx_HAL_Driver/Src/stm32f0xx_hal_tim_ex.c.obj
 .debug_frame   0x00002ef0       0x4c CMakeFiles/F072_test.dir/Core/Src/system_stm32f0xx.c.obj
 .debug_frame   0x00002f3c      0x290 CMakeFiles/F072_test.dir/Middlewares/ST/STM32_USB_Device_Library/Core/Src/usbd_core.c.obj
 .debug_frame   0x000031cc      0x1d8 CMakeFiles/F072_test.dir/Middlewares/ST/STM32_USB_Device_Library/Core/Src/usbd_ctlreq.c.obj
 .debug_frame   0x000033a4       0xf0 CMakeFiles/F072_test.dir/Middlewares/ST/STM32_USB_Device_Library/Core/Src/usbd_ioreq.c.obj
 .debug_frame   0x00003494      0x150 CMakeFiles/F072_test.dir/Middlewares/ST/STM32_USB_Device_Library/Class/HID/Src/usbd_hid.c.obj
 .debug_frame   0x000035e4       0x20 C:/ST/STM32CubeCLT_1.18.0/GNU-tools-for-STM32/bin/../lib/gcc/arm-none-eabi/13.3.1/thumb/v6-m/nofp\libgcc.a(_udivsi3.o)

.debug_info     0x00000000    0x10da9
 .debug_info    0x00000000      0xf54 CMakeFiles/F072_test.dir/Core/Src/main.c.obj
 .debug_info    0x00000f54      0x466 CMakeFiles/F072_test.dir/Core/Src/gpio.c.obj
 .debug_info    0x000013ba      0x912 CMakeFiles/F072_test.dir/Core/Src/tim.c.obj
 .debug_info    0x00001ccc      0x3b4 CMakeFiles/F072_test.dir/Core/Src/key_scan.c.obj
 .debug_info    0x00002080      0xd75 CMakeFiles/F072_test.dir/Core/Src/stm32f0xx_it.c.obj
 .debug_info    0x00002df5      0x2ae CMakeFiles/F072_test.dir/Core/Src/stm32f0xx_hal_msp.c.obj
 .debug_info    0x000030a3      0x53a CMakeFiles/F072_test.dir/USB_DEVICE/App/usb_device.c.obj
 .debug_info    0x000035dd      0x44a CMakeFiles/F072_test.dir/USB_DEVICE/App/usbd_desc.c.obj
 .debug_info    0x00003a27     0x1769 CMakeFiles/F072_test.dir/USB_DEVICE/Target/usbd_conf.c.obj
 .debug_info    0x00005190     0x166d CMakeFiles/F072_test.dir/Drivers/STM32F0xx_HAL_Driver/Src/stm32f0xx_ll_usb.c.obj
 .debug_info    0x000067fd     0x1635 CMakeFiles/F072_test.dir/Drivers/STM32F0xx_HAL_Driver/Src/stm32f0xx_hal_pcd.c.obj
 .debug_info    0x00007e32      0x80a CMakeFiles/F072_test.dir/Drivers/STM32F0xx_HAL_Driver/Src/stm32f0xx_hal_pcd_ex.c.obj
 .debug_info    0x0000863c      0x85a CMakeFiles/F072_test.dir/Drivers/STM32F0xx_HAL_Driver/Src/stm32f0xx_hal_rcc.c.obj
 .debug_info    0x00008e96      0x635 CMakeFiles/F072_test.dir/Drivers/STM32F0xx_HAL_Driver/Src/stm32f0xx_hal_rcc_ex.c.obj
 .debug_info    0x000094cb      0x6ff CMakeFiles/F072_test.dir/Drivers/STM32F0xx_HAL_Driver/Src/stm32f0xx_hal.c.obj
 .debug_info    0x00009bca      0x695 CMakeFiles/F072_test.dir/Drivers/STM32F0xx_HAL_Driver/Src/stm32f0xx_hal_gpio.c.obj
 .debug_info    0x0000a25f      0x6f7 CMakeFiles/F072_test.dir/Drivers/STM32F0xx_HAL_Driver/Src/stm32f0xx_hal_cortex.c.obj
 .debug_info    0x0000a956     0x29ba CMakeFiles/F072_test.dir/Drivers/STM32F0xx_HAL_Driver/Src/stm32f0xx_hal_tim.c.obj
 .debug_info    0x0000d310     0x14f2 CMakeFiles/F072_test.dir/Drivers/STM32F0xx_HAL_Driver/Src/stm32f0xx_hal_tim_ex.c.obj
 .debug_info    0x0000e802      0x242 CMakeFiles/F072_test.dir/Core/Src/system_stm32f0xx.c.obj
 .debug_info    0x0000ea44      0xa52 CMakeFiles/F072_test.dir/Middlewares/ST/STM32_USB_Device_Library/Core/Src/usbd_core.c.obj
 .debug_info    0x0000f496      0x91c CMakeFiles/F072_test.dir/Middlewares/ST/STM32_USB_Device_Library/Core/Src/usbd_ctlreq.c.obj
 .debug_info    0x0000fdb2      0x6a0 CMakeFiles/F072_test.dir/Middlewares/ST/STM32_USB_Device_Library/Core/Src/usbd_ioreq.c.obj
 .debug_info    0x00010452      0x927 CMakeFiles/F072_test.dir/Middlewares/ST/STM32_USB_Device_Library/Class/HID/Src/usbd_hid.c.obj
 .debug_info    0x00010d79       0x30 CMakeFiles/F072_test.dir/startup_stm32f072xb.s.obj

.debug_abbrev   0x00000000     0x3263
 .debug_abbrev  0x00000000      0x2a0 CMakeFiles/F072_test.dir/Core/Src/main.c.obj
 .debug_abbrev  0x000002a0      0x174 CMakeFiles/F072_test.dir/Core/Src/gpio.c.obj
 .debug_abbrev  0x00000414      0x20d CMakeFiles/F072_test.dir/Core/Src/tim.c.obj
 .debug_abbrev  0x00000621      0x178 CMakeFiles/F072_test.dir/Core/Src/key_scan.c.obj
 .debug_abbrev  0x00000799      0x1c5 CMakeFiles/F072_test.dir/Core/Src/stm32f0xx_it.c.obj
 .debug_abbrev  0x0000095e      0x107 CMakeFiles/F072_test.dir/Core/Src/stm32f0xx_hal_msp.c.obj
 .debug_abbrev  0x00000a65      0x188 CMakeFiles/F072_test.dir/USB_DEVICE/App/usb_device.c.obj
 .debug_abbrev  0x00000bed      0x1ff CMakeFiles/F072_test.dir/USB_DEVICE/App/usbd_desc.c.obj
 .debug_abbrev  0x00000dec      0x341 CMakeFiles/F072_test.dir/USB_DEVICE/Target/usbd_conf.c.obj
 .debug_abbrev  0x0000112d      0x247 CMakeFiles/F072_test.dir/Drivers/STM32F0xx_HAL_Driver/Src/stm32f0xx_ll_usb.c.obj
 .debug_abbrev  0x00001374      0x2ce CMakeFiles/F072_test.dir/Drivers/STM32F0xx_HAL_Driver/Src/stm32f0xx_hal_pcd.c.obj
 .debug_abbrev  0x00001642      0x228 CMakeFiles/F072_test.dir/Drivers/STM32F0xx_HAL_Driver/Src/stm32f0xx_hal_pcd_ex.c.obj
 .debug_abbrev  0x0000186a      0x271 CMakeFiles/F072_test.dir/Drivers/STM32F0xx_HAL_Driver/Src/stm32f0xx_hal_rcc.c.obj
 .debug_abbrev  0x00001adb      0x1c4 CMakeFiles/F072_test.dir/Drivers/STM32F0xx_HAL_Driver/Src/stm32f0xx_hal_rcc_ex.c.obj
 .debug_abbrev  0x00001c9f      0x231 CMakeFiles/F072_test.dir/Drivers/STM32F0xx_HAL_Driver/Src/stm32f0xx_hal.c.obj
 .debug_abbrev  0x00001ed0      0x1fe CMakeFiles/F072_test.dir/Drivers/STM32F0xx_HAL_Driver/Src/stm32f0xx_hal_gpio.c.obj
 .debug_abbrev  0x000020ce      0x298 CMakeFiles/F072_test.dir/Drivers/STM32F0xx_HAL_Driver/Src/stm32f0xx_hal_cortex.c.obj
 .debug_abbrev  0x00002366      0x28c CMakeFiles/F072_test.dir/Drivers/STM32F0xx_HAL_Driver/Src/stm32f0xx_hal_tim.c.obj
 .debug_abbrev  0x000025f2      0x27f CMakeFiles/F072_test.dir/Drivers/STM32F0xx_HAL_Driver/Src/stm32f0xx_hal_tim_ex.c.obj
 .debug_abbrev  0x00002871      0x11c CMakeFiles/F072_test.dir/Core/Src/system_stm32f0xx.c.obj
 .debug_abbrev  0x0000298d      0x24a CMakeFiles/F072_test.dir/Middlewares/ST/STM32_USB_Device_Library/Core/Src/usbd_core.c.obj
 .debug_abbrev  0x00002bd7      0x26b CMakeFiles/F072_test.dir/Middlewares/ST/STM32_USB_Device_Library/Core/Src/usbd_ctlreq.c.obj
 .debug_abbrev  0x00002e42      0x192 CMakeFiles/F072_test.dir/Middlewares/ST/STM32_USB_Device_Library/Core/Src/usbd_ioreq.c.obj
 .debug_abbrev  0x00002fd4      0x26b CMakeFiles/F072_test.dir/Middlewares/ST/STM32_USB_Device_Library/Class/HID/Src/usbd_hid.c.obj
 .debug_abbrev  0x0000323f       0x24 CMakeFiles/F072_test.dir/startup_stm32f072xb.s.obj

.debug_aranges  0x00000000      0xf88
 .debug_aranges
                0x00000000       0x38 CMakeFiles/F072_test.dir/Core/Src/main.c.obj
 .debug_aranges
                0x00000038       0x20 CMakeFiles/F072_test.dir/Core/Src/gpio.c.obj
 .debug_aranges
                0x00000058       0x30 CMakeFiles/F072_test.dir/Core/Src/tim.c.obj
 .debug_aranges
                0x00000088       0x28 CMakeFiles/F072_test.dir/Core/Src/key_scan.c.obj
 .debug_aranges
                0x000000b0       0x60 CMakeFiles/F072_test.dir/Core/Src/stm32f0xx_it.c.obj
 .debug_aranges
                0x00000110       0x20 CMakeFiles/F072_test.dir/Core/Src/stm32f0xx_hal_msp.c.obj
 .debug_aranges
                0x00000130       0x20 CMakeFiles/F072_test.dir/USB_DEVICE/App/usb_device.c.obj
 .debug_aranges
                0x00000150       0x60 CMakeFiles/F072_test.dir/USB_DEVICE/App/usbd_desc.c.obj
 .debug_aranges
                0x000001b0      0x118 CMakeFiles/F072_test.dir/USB_DEVICE/Target/usbd_conf.c.obj
 .debug_aranges
                0x000002c8       0xc8 CMakeFiles/F072_test.dir/Drivers/STM32F0xx_HAL_Driver/Src/stm32f0xx_ll_usb.c.obj
 .debug_aranges
                0x00000390      0x138 CMakeFiles/F072_test.dir/Drivers/STM32F0xx_HAL_Driver/Src/stm32f0xx_hal_pcd.c.obj
 .debug_aranges
                0x000004c8       0x58 CMakeFiles/F072_test.dir/Drivers/STM32F0xx_HAL_Driver/Src/stm32f0xx_hal_pcd_ex.c.obj
 .debug_aranges
                0x00000520       0x80 CMakeFiles/F072_test.dir/Drivers/STM32F0xx_HAL_Driver/Src/stm32f0xx_hal_rcc.c.obj
 .debug_aranges
                0x000005a0       0x78 CMakeFiles/F072_test.dir/Drivers/STM32F0xx_HAL_Driver/Src/stm32f0xx_hal_rcc_ex.c.obj
 .debug_aranges
                0x00000618       0xd0 CMakeFiles/F072_test.dir/Drivers/STM32F0xx_HAL_Driver/Src/stm32f0xx_hal.c.obj
 .debug_aranges
                0x000006e8       0x60 CMakeFiles/F072_test.dir/Drivers/STM32F0xx_HAL_Driver/Src/stm32f0xx_hal_gpio.c.obj
 .debug_aranges
                0x00000748       0xc0 CMakeFiles/F072_test.dir/Drivers/STM32F0xx_HAL_Driver/Src/stm32f0xx_hal_cortex.c.obj
 .debug_aranges
                0x00000808      0x3d0 CMakeFiles/F072_test.dir/Drivers/STM32F0xx_HAL_Driver/Src/stm32f0xx_hal_tim.c.obj
 .debug_aranges
                0x00000bd8      0x168 CMakeFiles/F072_test.dir/Drivers/STM32F0xx_HAL_Driver/Src/stm32f0xx_hal_tim_ex.c.obj
 .debug_aranges
                0x00000d40       0x28 CMakeFiles/F072_test.dir/Core/Src/system_stm32f0xx.c.obj
 .debug_aranges
                0x00000d68       0xb8 CMakeFiles/F072_test.dir/Middlewares/ST/STM32_USB_Device_Library/Core/Src/usbd_core.c.obj
 .debug_aranges
                0x00000e20       0x88 CMakeFiles/F072_test.dir/Middlewares/ST/STM32_USB_Device_Library/Core/Src/usbd_ctlreq.c.obj
 .debug_aranges
                0x00000ea8       0x50 CMakeFiles/F072_test.dir/Middlewares/ST/STM32_USB_Device_Library/Core/Src/usbd_ioreq.c.obj
 .debug_aranges
                0x00000ef8       0x68 CMakeFiles/F072_test.dir/Middlewares/ST/STM32_USB_Device_Library/Class/HID/Src/usbd_hid.c.obj
 .debug_aranges
                0x00000f60       0x28 CMakeFiles/F072_test.dir/startup_stm32f072xb.s.obj

.debug_rnglists
                0x00000000      0xbd1
 .debug_rnglists
                0x00000000       0x27 CMakeFiles/F072_test.dir/Core/Src/main.c.obj
 .debug_rnglists
                0x00000027       0x14 CMakeFiles/F072_test.dir/Core/Src/gpio.c.obj
 .debug_rnglists
                0x0000003b       0x1f CMakeFiles/F072_test.dir/Core/Src/tim.c.obj
 .debug_rnglists
                0x0000005a       0x1b CMakeFiles/F072_test.dir/Core/Src/key_scan.c.obj
 .debug_rnglists
                0x00000075       0x43 CMakeFiles/F072_test.dir/Core/Src/stm32f0xx_it.c.obj
 .debug_rnglists
                0x000000b8       0x13 CMakeFiles/F072_test.dir/Core/Src/stm32f0xx_hal_msp.c.obj
 .debug_rnglists
                0x000000cb       0x13 CMakeFiles/F072_test.dir/USB_DEVICE/App/usb_device.c.obj
 .debug_rnglists
                0x000000de       0x44 CMakeFiles/F072_test.dir/USB_DEVICE/App/usbd_desc.c.obj
 .debug_rnglists
                0x00000122       0xce CMakeFiles/F072_test.dir/USB_DEVICE/Target/usbd_conf.c.obj
 .debug_rnglists
                0x000001f0       0x99 CMakeFiles/F072_test.dir/Drivers/STM32F0xx_HAL_Driver/Src/stm32f0xx_ll_usb.c.obj
 .debug_rnglists
                0x00000289       0xee CMakeFiles/F072_test.dir/Drivers/STM32F0xx_HAL_Driver/Src/stm32f0xx_hal_pcd.c.obj
 .debug_rnglists
                0x00000377       0x3f CMakeFiles/F072_test.dir/Drivers/STM32F0xx_HAL_Driver/Src/stm32f0xx_hal_pcd_ex.c.obj
 .debug_rnglists
                0x000003b6       0x62 CMakeFiles/F072_test.dir/Drivers/STM32F0xx_HAL_Driver/Src/stm32f0xx_hal_rcc.c.obj
 .debug_rnglists
                0x00000418       0x5b CMakeFiles/F072_test.dir/Drivers/STM32F0xx_HAL_Driver/Src/stm32f0xx_hal_rcc_ex.c.obj
 .debug_rnglists
                0x00000473       0x98 CMakeFiles/F072_test.dir/Drivers/STM32F0xx_HAL_Driver/Src/stm32f0xx_hal.c.obj
 .debug_rnglists
                0x0000050b       0x48 CMakeFiles/F072_test.dir/Drivers/STM32F0xx_HAL_Driver/Src/stm32f0xx_hal_gpio.c.obj
 .debug_rnglists
                0x00000553       0x8c CMakeFiles/F072_test.dir/Drivers/STM32F0xx_HAL_Driver/Src/stm32f0xx_hal_cortex.c.obj
 .debug_rnglists
                0x000005df      0x325 CMakeFiles/F072_test.dir/Drivers/STM32F0xx_HAL_Driver/Src/stm32f0xx_hal_tim.c.obj
 .debug_rnglists
                0x00000904      0x128 CMakeFiles/F072_test.dir/Drivers/STM32F0xx_HAL_Driver/Src/stm32f0xx_hal_tim_ex.c.obj
 .debug_rnglists
                0x00000a2c       0x1a CMakeFiles/F072_test.dir/Core/Src/system_stm32f0xx.c.obj
 .debug_rnglists
                0x00000a46       0x89 CMakeFiles/F072_test.dir/Middlewares/ST/STM32_USB_Device_Library/Core/Src/usbd_core.c.obj
 .debug_rnglists
                0x00000acf       0x68 CMakeFiles/F072_test.dir/Middlewares/ST/STM32_USB_Device_Library/Core/Src/usbd_ctlreq.c.obj
 .debug_rnglists
                0x00000b37       0x37 CMakeFiles/F072_test.dir/Middlewares/ST/STM32_USB_Device_Library/Core/Src/usbd_ioreq.c.obj
 .debug_rnglists
                0x00000b6e       0x4a CMakeFiles/F072_test.dir/Middlewares/ST/STM32_USB_Device_Library/Class/HID/Src/usbd_hid.c.obj
 .debug_rnglists
                0x00000bb8       0x19 CMakeFiles/F072_test.dir/startup_stm32f072xb.s.obj

.debug_macro    0x00000000    0x1cce5
 .debug_macro   0x00000000      0x3c4 CMakeFiles/F072_test.dir/Core/Src/main.c.obj
 .debug_macro   0x000003c4      0xaae CMakeFiles/F072_test.dir/Core/Src/main.c.obj
 .debug_macro   0x00000e72      0x146 CMakeFiles/F072_test.dir/Core/Src/main.c.obj
 .debug_macro   0x00000fb8       0x2e CMakeFiles/F072_test.dir/Core/Src/main.c.obj
 .debug_macro   0x00000fe6       0x22 CMakeFiles/F072_test.dir/Core/Src/main.c.obj
 .debug_macro   0x00001008       0x22 CMakeFiles/F072_test.dir/Core/Src/main.c.obj
 .debug_macro   0x0000102a       0x8e CMakeFiles/F072_test.dir/Core/Src/main.c.obj
 .debug_macro   0x000010b8       0x51 CMakeFiles/F072_test.dir/Core/Src/main.c.obj
 .debug_macro   0x00001109      0x103 CMakeFiles/F072_test.dir/Core/Src/main.c.obj
 .debug_macro   0x0000120c       0x6a CMakeFiles/F072_test.dir/Core/Src/main.c.obj
 .debug_macro   0x00001276      0x1df CMakeFiles/F072_test.dir/Core/Src/main.c.obj
 .debug_macro   0x00001455       0x1c CMakeFiles/F072_test.dir/Core/Src/main.c.obj
 .debug_macro   0x00001471       0x22 CMakeFiles/F072_test.dir/Core/Src/main.c.obj
 .debug_macro   0x00001493       0xaf CMakeFiles/F072_test.dir/Core/Src/main.c.obj
 .debug_macro   0x00001542      0x391 CMakeFiles/F072_test.dir/Core/Src/main.c.obj
 .debug_macro   0x000018d3     0xfe73 CMakeFiles/F072_test.dir/Core/Src/main.c.obj
 .debug_macro   0x00011746       0x66 CMakeFiles/F072_test.dir/Core/Src/main.c.obj
 .debug_macro   0x000117ac     0x34da CMakeFiles/F072_test.dir/Core/Src/main.c.obj
 .debug_macro   0x00014c86      0x190 CMakeFiles/F072_test.dir/Core/Src/main.c.obj
 .debug_macro   0x00014e16       0x55 CMakeFiles/F072_test.dir/Core/Src/main.c.obj
 .debug_macro   0x00014e6b      0x946 CMakeFiles/F072_test.dir/Core/Src/main.c.obj
 .debug_macro   0x000157b1      0x5f3 CMakeFiles/F072_test.dir/Core/Src/main.c.obj
 .debug_macro   0x00015da4      0x1ae CMakeFiles/F072_test.dir/Core/Src/main.c.obj
 .debug_macro   0x00015f52      0x1a7 CMakeFiles/F072_test.dir/Core/Src/main.c.obj
 .debug_macro   0x000160f9      0x1a7 CMakeFiles/F072_test.dir/Core/Src/main.c.obj
 .debug_macro   0x000162a0      0x22c CMakeFiles/F072_test.dir/Core/Src/main.c.obj
 .debug_macro   0x000164cc       0x34 CMakeFiles/F072_test.dir/Core/Src/main.c.obj
 .debug_macro   0x00016500       0x43 CMakeFiles/F072_test.dir/Core/Src/main.c.obj
 .debug_macro   0x00016543       0x28 CMakeFiles/F072_test.dir/Core/Src/main.c.obj
 .debug_macro   0x0001656b       0xd5 CMakeFiles/F072_test.dir/Core/Src/main.c.obj
 .debug_macro   0x00016640       0xed CMakeFiles/F072_test.dir/Core/Src/main.c.obj
 .debug_macro   0x0001672d       0xb0 CMakeFiles/F072_test.dir/Core/Src/main.c.obj
 .debug_macro   0x000167dd      0x217 CMakeFiles/F072_test.dir/Core/Src/main.c.obj
 .debug_macro   0x000169f4      0x22c CMakeFiles/F072_test.dir/Core/Src/main.c.obj
 .debug_macro   0x00016c20       0x61 CMakeFiles/F072_test.dir/Core/Src/main.c.obj
 .debug_macro   0x00016c81       0xa5 CMakeFiles/F072_test.dir/Core/Src/main.c.obj
 .debug_macro   0x00016d26       0x73 CMakeFiles/F072_test.dir/Core/Src/main.c.obj
 .debug_macro   0x00016d99      0x22d CMakeFiles/F072_test.dir/Core/Src/main.c.obj
 .debug_macro   0x00016fc6       0x4c CMakeFiles/F072_test.dir/Core/Src/main.c.obj
 .debug_macro   0x00017012      0x16d CMakeFiles/F072_test.dir/Core/Src/main.c.obj
 .debug_macro   0x0001717f      0x2fe CMakeFiles/F072_test.dir/Core/Src/main.c.obj
 .debug_macro   0x0001747d      0x8f4 CMakeFiles/F072_test.dir/Core/Src/main.c.obj
 .debug_macro   0x00017d71       0x28 CMakeFiles/F072_test.dir/Core/Src/main.c.obj
 .debug_macro   0x00017d99      0x130 CMakeFiles/F072_test.dir/Core/Src/main.c.obj
 .debug_macro   0x00017ec9      0x100 CMakeFiles/F072_test.dir/Core/Src/main.c.obj
 .debug_macro   0x00017fc9       0xd1 CMakeFiles/F072_test.dir/Core/Src/main.c.obj
 .debug_macro   0x0001809a       0x22 CMakeFiles/F072_test.dir/Core/Src/main.c.obj
 .debug_macro   0x000180bc       0x74 CMakeFiles/F072_test.dir/Core/Src/main.c.obj
 .debug_macro   0x00018130       0x24 CMakeFiles/F072_test.dir/Core/Src/main.c.obj
 .debug_macro   0x00018154       0x3c CMakeFiles/F072_test.dir/Core/Src/main.c.obj
 .debug_macro   0x00018190       0x34 CMakeFiles/F072_test.dir/Core/Src/main.c.obj
 .debug_macro   0x000181c4       0x16 CMakeFiles/F072_test.dir/Core/Src/main.c.obj
 .debug_macro   0x000181da       0x3c CMakeFiles/F072_test.dir/Core/Src/main.c.obj
 .debug_macro   0x00018216      0x370 CMakeFiles/F072_test.dir/Core/Src/main.c.obj
 .debug_macro   0x00018586       0x10 CMakeFiles/F072_test.dir/Core/Src/main.c.obj
 .debug_macro   0x00018596       0x16 CMakeFiles/F072_test.dir/Core/Src/main.c.obj
 .debug_macro   0x000185ac       0x4a CMakeFiles/F072_test.dir/Core/Src/main.c.obj
 .debug_macro   0x000185f6       0x34 CMakeFiles/F072_test.dir/Core/Src/main.c.obj
 .debug_macro   0x0001862a       0x10 CMakeFiles/F072_test.dir/Core/Src/main.c.obj
 .debug_macro   0x0001863a       0x58 CMakeFiles/F072_test.dir/Core/Src/main.c.obj
 .debug_macro   0x00018692      0x1e5 CMakeFiles/F072_test.dir/Core/Src/main.c.obj
 .debug_macro   0x00018877       0x16 CMakeFiles/F072_test.dir/Core/Src/main.c.obj
 .debug_macro   0x0001888d       0x16 CMakeFiles/F072_test.dir/Core/Src/main.c.obj
 .debug_macro   0x000188a3      0x170 CMakeFiles/F072_test.dir/Core/Src/main.c.obj
 .debug_macro   0x00018a13       0x16 CMakeFiles/F072_test.dir/Core/Src/main.c.obj
 .debug_macro   0x00018a29       0x16 CMakeFiles/F072_test.dir/Core/Src/main.c.obj
 .debug_macro   0x00018a3f       0x29 CMakeFiles/F072_test.dir/Core/Src/main.c.obj
 .debug_macro   0x00018a68       0x16 CMakeFiles/F072_test.dir/Core/Src/main.c.obj
 .debug_macro   0x00018a7e       0x20 CMakeFiles/F072_test.dir/Core/Src/main.c.obj
 .debug_macro   0x00018a9e       0x5f CMakeFiles/F072_test.dir/Core/Src/main.c.obj
 .debug_macro   0x00018afd      0x1c8 CMakeFiles/F072_test.dir/Core/Src/main.c.obj
 .debug_macro   0x00018cc5       0x5e CMakeFiles/F072_test.dir/Core/Src/main.c.obj
 .debug_macro   0x00018d23      0x214 CMakeFiles/F072_test.dir/Core/Src/gpio.c.obj
 .debug_macro   0x00018f37      0x214 CMakeFiles/F072_test.dir/Core/Src/tim.c.obj
 .debug_macro   0x0001914b      0x21c CMakeFiles/F072_test.dir/Core/Src/key_scan.c.obj
 .debug_macro   0x00019367      0x3ba CMakeFiles/F072_test.dir/Core/Src/stm32f0xx_it.c.obj
 .debug_macro   0x00019721      0x20a CMakeFiles/F072_test.dir/Core/Src/stm32f0xx_hal_msp.c.obj
 .debug_macro   0x0001992b      0x3a1 CMakeFiles/F072_test.dir/USB_DEVICE/App/usb_device.c.obj
 .debug_macro   0x00019ccc      0x106 CMakeFiles/F072_test.dir/USB_DEVICE/App/usb_device.c.obj
 .debug_macro   0x00019dd2       0x22 CMakeFiles/F072_test.dir/USB_DEVICE/App/usb_device.c.obj
 .debug_macro   0x00019df4      0x3ae CMakeFiles/F072_test.dir/USB_DEVICE/App/usbd_desc.c.obj
 .debug_macro   0x0001a1a2       0x9e CMakeFiles/F072_test.dir/USB_DEVICE/App/usbd_desc.c.obj
 .debug_macro   0x0001a240      0x112 CMakeFiles/F072_test.dir/USB_DEVICE/App/usbd_desc.c.obj
 .debug_macro   0x0001a352      0x1ce CMakeFiles/F072_test.dir/USB_DEVICE/App/usbd_desc.c.obj
 .debug_macro   0x0001a520       0x1c CMakeFiles/F072_test.dir/USB_DEVICE/App/usbd_desc.c.obj
 .debug_macro   0x0001a53c      0x38e CMakeFiles/F072_test.dir/USB_DEVICE/Target/usbd_conf.c.obj
 .debug_macro   0x0001a8ca      0x1fb CMakeFiles/F072_test.dir/Drivers/STM32F0xx_HAL_Driver/Src/stm32f0xx_ll_usb.c.obj
 .debug_macro   0x0001aac5      0x207 CMakeFiles/F072_test.dir/Drivers/STM32F0xx_HAL_Driver/Src/stm32f0xx_hal_pcd.c.obj
 .debug_macro   0x0001accc      0x1fb CMakeFiles/F072_test.dir/Drivers/STM32F0xx_HAL_Driver/Src/stm32f0xx_hal_pcd_ex.c.obj
 .debug_macro   0x0001aec7      0x20d CMakeFiles/F072_test.dir/Drivers/STM32F0xx_HAL_Driver/Src/stm32f0xx_hal_rcc.c.obj
 .debug_macro   0x0001b0d4      0x20d CMakeFiles/F072_test.dir/Drivers/STM32F0xx_HAL_Driver/Src/stm32f0xx_hal_rcc_ex.c.obj
 .debug_macro   0x0001b2e1      0x21f CMakeFiles/F072_test.dir/Drivers/STM32F0xx_HAL_Driver/Src/stm32f0xx_hal.c.obj
 .debug_macro   0x0001b500      0x20b CMakeFiles/F072_test.dir/Drivers/STM32F0xx_HAL_Driver/Src/stm32f0xx_hal_gpio.c.obj
 .debug_macro   0x0001b70b      0x1fb CMakeFiles/F072_test.dir/Drivers/STM32F0xx_HAL_Driver/Src/stm32f0xx_hal_cortex.c.obj
 .debug_macro   0x0001b906      0x1fc CMakeFiles/F072_test.dir/Drivers/STM32F0xx_HAL_Driver/Src/stm32f0xx_hal_tim.c.obj
 .debug_macro   0x0001bb02      0x1fb CMakeFiles/F072_test.dir/Drivers/STM32F0xx_HAL_Driver/Src/stm32f0xx_hal_tim_ex.c.obj
 .debug_macro   0x0001bcfd      0x1fb CMakeFiles/F072_test.dir/Core/Src/system_stm32f0xx.c.obj
 .debug_macro   0x0001bef8      0x371 CMakeFiles/F072_test.dir/Middlewares/ST/STM32_USB_Device_Library/Core/Src/usbd_core.c.obj
 .debug_macro   0x0001c269      0x37b CMakeFiles/F072_test.dir/Middlewares/ST/STM32_USB_Device_Library/Core/Src/usbd_ctlreq.c.obj
 .debug_macro   0x0001c5e4      0x377 CMakeFiles/F072_test.dir/Middlewares/ST/STM32_USB_Device_Library/Core/Src/usbd_ioreq.c.obj
 .debug_macro   0x0001c95b      0x38a CMakeFiles/F072_test.dir/Middlewares/ST/STM32_USB_Device_Library/Class/HID/Src/usbd_hid.c.obj

.debug_line     0x00000000    0x19891
 .debug_line    0x00000000      0xd27 CMakeFiles/F072_test.dir/Core/Src/main.c.obj
 .debug_line    0x00000d27      0x8fc CMakeFiles/F072_test.dir/Core/Src/gpio.c.obj
 .debug_line    0x00001623      0x911 CMakeFiles/F072_test.dir/Core/Src/tim.c.obj
 .debug_line    0x00001f34      0xacf CMakeFiles/F072_test.dir/Core/Src/key_scan.c.obj
 .debug_line    0x00002a03      0xd19 CMakeFiles/F072_test.dir/Core/Src/stm32f0xx_it.c.obj
 .debug_line    0x0000371c      0x8b1 CMakeFiles/F072_test.dir/Core/Src/stm32f0xx_hal_msp.c.obj
 .debug_line    0x00003fcd      0xbec CMakeFiles/F072_test.dir/USB_DEVICE/App/usb_device.c.obj
 .debug_line    0x00004bb9      0xc49 CMakeFiles/F072_test.dir/USB_DEVICE/App/usbd_desc.c.obj
 .debug_line    0x00005802     0x1006 CMakeFiles/F072_test.dir/USB_DEVICE/Target/usbd_conf.c.obj
 .debug_line    0x00006808     0x121a CMakeFiles/F072_test.dir/Drivers/STM32F0xx_HAL_Driver/Src/stm32f0xx_ll_usb.c.obj
 .debug_line    0x00007a22     0x1468 CMakeFiles/F072_test.dir/Drivers/STM32F0xx_HAL_Driver/Src/stm32f0xx_hal_pcd.c.obj
 .debug_line    0x00008e8a      0xa50 CMakeFiles/F072_test.dir/Drivers/STM32F0xx_HAL_Driver/Src/stm32f0xx_hal_pcd_ex.c.obj
 .debug_line    0x000098da     0x12d6 CMakeFiles/F072_test.dir/Drivers/STM32F0xx_HAL_Driver/Src/stm32f0xx_hal_rcc.c.obj
 .debug_line    0x0000abb0      0xed6 CMakeFiles/F072_test.dir/Drivers/STM32F0xx_HAL_Driver/Src/stm32f0xx_hal_rcc_ex.c.obj
 .debug_line    0x0000ba86      0xb41 CMakeFiles/F072_test.dir/Drivers/STM32F0xx_HAL_Driver/Src/stm32f0xx_hal.c.obj
 .debug_line    0x0000c5c7      0xf60 CMakeFiles/F072_test.dir/Drivers/STM32F0xx_HAL_Driver/Src/stm32f0xx_hal_gpio.c.obj
 .debug_line    0x0000d527      0xc16 CMakeFiles/F072_test.dir/Drivers/STM32F0xx_HAL_Driver/Src/stm32f0xx_hal_cortex.c.obj
 .debug_line    0x0000e13d     0x532b CMakeFiles/F072_test.dir/Drivers/STM32F0xx_HAL_Driver/Src/stm32f0xx_hal_tim.c.obj
 .debug_line    0x00013468     0x2047 CMakeFiles/F072_test.dir/Drivers/STM32F0xx_HAL_Driver/Src/stm32f0xx_hal_tim_ex.c.obj
 .debug_line    0x000154af      0x936 CMakeFiles/F072_test.dir/Core/Src/system_stm32f0xx.c.obj
 .debug_line    0x00015de5      0xf1a CMakeFiles/F072_test.dir/Middlewares/ST/STM32_USB_Device_Library/Core/Src/usbd_core.c.obj
 .debug_line    0x00016cff     0x1161 CMakeFiles/F072_test.dir/Middlewares/ST/STM32_USB_Device_Library/Core/Src/usbd_ctlreq.c.obj
 .debug_line    0x00017e60      0xbd0 CMakeFiles/F072_test.dir/Middlewares/ST/STM32_USB_Device_Library/Core/Src/usbd_ioreq.c.obj
 .debug_line    0x00018a30      0xde6 CMakeFiles/F072_test.dir/Middlewares/ST/STM32_USB_Device_Library/Class/HID/Src/usbd_hid.c.obj
 .debug_line    0x00019816       0x7b CMakeFiles/F072_test.dir/startup_stm32f072xb.s.obj

.debug_str      0x00000000    0x9c399
 .debug_str     0x00000000    0x9c399 CMakeFiles/F072_test.dir/Core/Src/main.c.obj
                              0x986e8 (size before relaxing)
 .debug_str     0x0009c399    0x93c99 CMakeFiles/F072_test.dir/Core/Src/gpio.c.obj
 .debug_str     0x0009c399    0x941a2 CMakeFiles/F072_test.dir/Core/Src/tim.c.obj
 .debug_str     0x0009c399    0x93d5d CMakeFiles/F072_test.dir/Core/Src/key_scan.c.obj
 .debug_str     0x0009c399    0x98457 CMakeFiles/F072_test.dir/Core/Src/stm32f0xx_it.c.obj
 .debug_str     0x0009c399    0x93bbb CMakeFiles/F072_test.dir/Core/Src/stm32f0xx_hal_msp.c.obj
 .debug_str     0x0009c399    0x97cc0 CMakeFiles/F072_test.dir/USB_DEVICE/App/usb_device.c.obj
 .debug_str     0x0009c399    0x97a71 CMakeFiles/F072_test.dir/USB_DEVICE/App/usbd_desc.c.obj
 .debug_str     0x0009c399    0x98724 CMakeFiles/F072_test.dir/USB_DEVICE/Target/usbd_conf.c.obj
 .debug_str     0x0009c399    0x93a57 CMakeFiles/F072_test.dir/Drivers/STM32F0xx_HAL_Driver/Src/stm32f0xx_ll_usb.c.obj
 .debug_str     0x0009c399    0x93f28 CMakeFiles/F072_test.dir/Drivers/STM32F0xx_HAL_Driver/Src/stm32f0xx_hal_pcd.c.obj
 .debug_str     0x0009c399    0x93b56 CMakeFiles/F072_test.dir/Drivers/STM32F0xx_HAL_Driver/Src/stm32f0xx_hal_pcd_ex.c.obj
 .debug_str     0x0009c399    0x93aa4 CMakeFiles/F072_test.dir/Drivers/STM32F0xx_HAL_Driver/Src/stm32f0xx_hal_rcc.c.obj
 .debug_str     0x0009c399    0x93a5c CMakeFiles/F072_test.dir/Drivers/STM32F0xx_HAL_Driver/Src/stm32f0xx_hal_rcc_ex.c.obj
 .debug_str     0x0009c399    0x93c65 CMakeFiles/F072_test.dir/Drivers/STM32F0xx_HAL_Driver/Src/stm32f0xx_hal.c.obj
 .debug_str     0x0009c399    0x93c51 CMakeFiles/F072_test.dir/Drivers/STM32F0xx_HAL_Driver/Src/stm32f0xx_hal_gpio.c.obj
 .debug_str     0x0009c399    0x93a56 CMakeFiles/F072_test.dir/Drivers/STM32F0xx_HAL_Driver/Src/stm32f0xx_hal_cortex.c.obj
 .debug_str     0x0009c399    0x94a85 CMakeFiles/F072_test.dir/Drivers/STM32F0xx_HAL_Driver/Src/stm32f0xx_hal_tim.c.obj
 .debug_str     0x0009c399    0x94291 CMakeFiles/F072_test.dir/Drivers/STM32F0xx_HAL_Driver/Src/stm32f0xx_hal_tim_ex.c.obj
 .debug_str     0x0009c399    0x9364f CMakeFiles/F072_test.dir/Core/Src/system_stm32f0xx.c.obj
 .debug_str     0x0009c399    0x97d04 CMakeFiles/F072_test.dir/Middlewares/ST/STM32_USB_Device_Library/Core/Src/usbd_core.c.obj
 .debug_str     0x0009c399    0x97c1e CMakeFiles/F072_test.dir/Middlewares/ST/STM32_USB_Device_Library/Core/Src/usbd_ctlreq.c.obj
 .debug_str     0x0009c399    0x97b4b CMakeFiles/F072_test.dir/Middlewares/ST/STM32_USB_Device_Library/Core/Src/usbd_ioreq.c.obj
 .debug_str     0x0009c399    0x97e69 CMakeFiles/F072_test.dir/Middlewares/ST/STM32_USB_Device_Library/Class/HID/Src/usbd_hid.c.obj
 .debug_str     0x0009c399       0xea CMakeFiles/F072_test.dir/startup_stm32f072xb.s.obj

.comment        0x00000000       0x43
 .comment       0x00000000       0x43 CMakeFiles/F072_test.dir/Core/Src/main.c.obj
                                 0x44 (size before relaxing)
 .comment       0x00000043       0x44 CMakeFiles/F072_test.dir/Core/Src/gpio.c.obj
 .comment       0x00000043       0x44 CMakeFiles/F072_test.dir/Core/Src/tim.c.obj
 .comment       0x00000043       0x44 CMakeFiles/F072_test.dir/Core/Src/key_scan.c.obj
 .comment       0x00000043       0x44 CMakeFiles/F072_test.dir/Core/Src/stm32f0xx_it.c.obj
 .comment       0x00000043       0x44 CMakeFiles/F072_test.dir/Core/Src/stm32f0xx_hal_msp.c.obj
 .comment       0x00000043       0x44 CMakeFiles/F072_test.dir/USB_DEVICE/App/usb_device.c.obj
 .comment       0x00000043       0x44 CMakeFiles/F072_test.dir/USB_DEVICE/App/usbd_desc.c.obj
 .comment       0x00000043       0x44 CMakeFiles/F072_test.dir/USB_DEVICE/Target/usbd_conf.c.obj
 .comment       0x00000043       0x44 CMakeFiles/F072_test.dir/Drivers/STM32F0xx_HAL_Driver/Src/stm32f0xx_ll_usb.c.obj
 .comment       0x00000043       0x44 CMakeFiles/F072_test.dir/Drivers/STM32F0xx_HAL_Driver/Src/stm32f0xx_hal_pcd.c.obj
 .comment       0x00000043       0x44 CMakeFiles/F072_test.dir/Drivers/STM32F0xx_HAL_Driver/Src/stm32f0xx_hal_pcd_ex.c.obj
 .comment       0x00000043       0x44 CMakeFiles/F072_test.dir/Drivers/STM32F0xx_HAL_Driver/Src/stm32f0xx_hal_rcc.c.obj
 .comment       0x00000043       0x44 CMakeFiles/F072_test.dir/Drivers/STM32F0xx_HAL_Driver/Src/stm32f0xx_hal_rcc_ex.c.obj
 .comment       0x00000043       0x44 CMakeFiles/F072_test.dir/Drivers/STM32F0xx_HAL_Driver/Src/stm32f0xx_hal.c.obj
 .comment       0x00000043       0x44 CMakeFiles/F072_test.dir/Drivers/STM32F0xx_HAL_Driver/Src/stm32f0xx_hal_gpio.c.obj
 .comment       0x00000043       0x44 CMakeFiles/F072_test.dir/Drivers/STM32F0xx_HAL_Driver/Src/stm32f0xx_hal_cortex.c.obj
 .comment       0x00000043       0x44 CMakeFiles/F072_test.dir/Drivers/STM32F0xx_HAL_Driver/Src/stm32f0xx_hal_tim.c.obj
 .comment       0x00000043       0x44 CMakeFiles/F072_test.dir/Drivers/STM32F0xx_HAL_Driver/Src/stm32f0xx_hal_tim_ex.c.obj
 .comment       0x00000043       0x44 CMakeFiles/F072_test.dir/Core/Src/system_stm32f0xx.c.obj
 .comment       0x00000043       0x44 CMakeFiles/F072_test.dir/Middlewares/ST/STM32_USB_Device_Library/Core/Src/usbd_core.c.obj
 .comment       0x00000043       0x44 CMakeFiles/F072_test.dir/Middlewares/ST/STM32_USB_Device_Library/Core/Src/usbd_ctlreq.c.obj
 .comment       0x00000043       0x44 CMakeFiles/F072_test.dir/Middlewares/ST/STM32_USB_Device_Library/Core/Src/usbd_ioreq.c.obj
 .comment       0x00000043       0x44 CMakeFiles/F072_test.dir/Middlewares/ST/STM32_USB_Device_Library/Class/HID/Src/usbd_hid.c.obj

.debug_line_str
                0x00000000       0xce
 .debug_line_str
                0x00000000       0xce CMakeFiles/F072_test.dir/startup_stm32f072xb.s.obj
