Archive member included to satisfy reference by file (symbol)

/Applications/ArmGNUToolchain/14.2.rel1/arm-none-eabi/bin/../lib/gcc/arm-none-eabi/14.2.1/thumb/v6-m/nofp/libgcc.a(_udivsi3.o)
                              cmake/stm32cubemx/CMakeFiles/STM32_Drivers.dir/__/__/Core/Src/system_stm32f0xx.c.obj (__aeabi_uidiv)
/Applications/ArmGNUToolchain/14.2.rel1/arm-none-eabi/bin/../lib/gcc/arm-none-eabi/14.2.1/thumb/v6-m/nofp/libgcc.a(_divsi3.o)
                              CMakeFiles/latest_build.dir/Core/Src/main.c.obj (__aeabi_idiv)
/Applications/ArmGNUToolchain/14.2.rel1/arm-none-eabi/bin/../lib/gcc/arm-none-eabi/14.2.1/thumb/v6-m/nofp/libgcc.a(_dvmd_tls.o)
                              /Applications/ArmGNUToolchain/14.2.rel1/arm-none-eabi/bin/../lib/gcc/arm-none-eabi/14.2.1/thumb/v6-m/nofp/libgcc.a(_udivsi3.o) (__aeabi_idiv0)
/Applications/ArmGNUToolchain/14.2.rel1/arm-none-eabi/bin/../lib/gcc/arm-none-eabi/14.2.1/../../../../arm-none-eabi/lib/thumb/v6-m/nofp/libg_nano.a(libc_a-exit.o)
                              /Applications/ArmGNUToolchain/14.2.rel1/arm-none-eabi/bin/../lib/gcc/arm-none-eabi/14.2.1/../../../../arm-none-eabi/lib/thumb/v6-m/nofp/crt0.o (exit)
/Applications/ArmGNUToolchain/14.2.rel1/arm-none-eabi/bin/../lib/gcc/arm-none-eabi/14.2.1/../../../../arm-none-eabi/lib/thumb/v6-m/nofp/libg_nano.a(libc_a-findfp.o)
                              /Applications/ArmGNUToolchain/14.2.rel1/arm-none-eabi/bin/../lib/gcc/arm-none-eabi/14.2.1/../../../../arm-none-eabi/lib/thumb/v6-m/nofp/libg_nano.a(libc_a-exit.o) (__stdio_exit_handler)
/Applications/ArmGNUToolchain/14.2.rel1/arm-none-eabi/bin/../lib/gcc/arm-none-eabi/14.2.1/../../../../arm-none-eabi/lib/thumb/v6-m/nofp/libg_nano.a(libc_a-fwalk.o)
                              /Applications/ArmGNUToolchain/14.2.rel1/arm-none-eabi/bin/../lib/gcc/arm-none-eabi/14.2.1/../../../../arm-none-eabi/lib/thumb/v6-m/nofp/libg_nano.a(libc_a-findfp.o) (_fwalk_sglue)
/Applications/ArmGNUToolchain/14.2.rel1/arm-none-eabi/bin/../lib/gcc/arm-none-eabi/14.2.1/../../../../arm-none-eabi/lib/thumb/v6-m/nofp/libg_nano.a(libc_a-memset.o)
                              /Applications/ArmGNUToolchain/14.2.rel1/arm-none-eabi/bin/../lib/gcc/arm-none-eabi/14.2.1/../../../../arm-none-eabi/lib/thumb/v6-m/nofp/crt0.o (memset)
/Applications/ArmGNUToolchain/14.2.rel1/arm-none-eabi/bin/../lib/gcc/arm-none-eabi/14.2.1/../../../../arm-none-eabi/lib/thumb/v6-m/nofp/libg_nano.a(libc_a-errno.o)
                              CMakeFiles/latest_build.dir/Core/Src/sysmem.c.obj (__errno)
/Applications/ArmGNUToolchain/14.2.rel1/arm-none-eabi/bin/../lib/gcc/arm-none-eabi/14.2.1/../../../../arm-none-eabi/lib/thumb/v6-m/nofp/libg_nano.a(libc_a-init.o)
                              /Applications/ArmGNUToolchain/14.2.rel1/arm-none-eabi/bin/../lib/gcc/arm-none-eabi/14.2.1/../../../../arm-none-eabi/lib/thumb/v6-m/nofp/crt0.o (__libc_init_array)
/Applications/ArmGNUToolchain/14.2.rel1/arm-none-eabi/bin/../lib/gcc/arm-none-eabi/14.2.1/../../../../arm-none-eabi/lib/thumb/v6-m/nofp/libg_nano.a(libc_a-lock.o)
                              /Applications/ArmGNUToolchain/14.2.rel1/arm-none-eabi/bin/../lib/gcc/arm-none-eabi/14.2.1/../../../../arm-none-eabi/lib/thumb/v6-m/nofp/libg_nano.a(libc_a-findfp.o) (__retarget_lock_init_recursive)
/Applications/ArmGNUToolchain/14.2.rel1/arm-none-eabi/bin/../lib/gcc/arm-none-eabi/14.2.1/../../../../arm-none-eabi/lib/thumb/v6-m/nofp/libg_nano.a(libc_a-impure.o)
                              /Applications/ArmGNUToolchain/14.2.rel1/arm-none-eabi/bin/../lib/gcc/arm-none-eabi/14.2.1/../../../../arm-none-eabi/lib/thumb/v6-m/nofp/libg_nano.a(libc_a-errno.o) (_impure_ptr)
/Applications/ArmGNUToolchain/14.2.rel1/arm-none-eabi/bin/../lib/gcc/arm-none-eabi/14.2.1/../../../../arm-none-eabi/lib/thumb/v6-m/nofp/libg_nano.a(libc_a-mallocr.o)
                              /Applications/ArmGNUToolchain/14.2.rel1/arm-none-eabi/bin/../lib/gcc/arm-none-eabi/14.2.1/../../../../arm-none-eabi/lib/thumb/v6-m/nofp/libg_nano.a(libc_a-findfp.o) (_malloc_r)
/Applications/ArmGNUToolchain/14.2.rel1/arm-none-eabi/bin/../lib/gcc/arm-none-eabi/14.2.1/../../../../arm-none-eabi/lib/thumb/v6-m/nofp/libg_nano.a(libc_a-fflush.o)
                              /Applications/ArmGNUToolchain/14.2.rel1/arm-none-eabi/bin/../lib/gcc/arm-none-eabi/14.2.1/../../../../arm-none-eabi/lib/thumb/v6-m/nofp/libg_nano.a(libc_a-findfp.o) (_fflush_r)
/Applications/ArmGNUToolchain/14.2.rel1/arm-none-eabi/bin/../lib/gcc/arm-none-eabi/14.2.1/../../../../arm-none-eabi/lib/thumb/v6-m/nofp/libg_nano.a(libc_a-mlock.o)
                              /Applications/ArmGNUToolchain/14.2.rel1/arm-none-eabi/bin/../lib/gcc/arm-none-eabi/14.2.1/../../../../arm-none-eabi/lib/thumb/v6-m/nofp/libg_nano.a(libc_a-mallocr.o) (__malloc_lock)
/Applications/ArmGNUToolchain/14.2.rel1/arm-none-eabi/bin/../lib/gcc/arm-none-eabi/14.2.1/../../../../arm-none-eabi/lib/thumb/v6-m/nofp/libg_nano.a(libc_a-stdio.o)
[...]
Memory Configuration

Name             Origin             Length             Attributes
RAM              0x20000000         0x00004000         xrw
FLASH            0x08000000         0x00010000         xr
*default*        0x00000000         0xffffffff

Linker script and memory map

LOAD /Applications/ArmGNUToolchain/14.2.rel1/arm-none-eabi/bin/../lib/gcc/arm-none-eabi/14.2.1/thumb/v6-m/nofp/crti.o
LOAD /Applications/ArmGNUToolchain/14.2.rel1/arm-none-eabi/bin/../lib/gcc/arm-none-eabi/14.2.1/thumb/v6-m/nofp/crtbegin.o
LOAD /Applications/ArmGNUToolchain/14.2.rel1/arm-none-eabi/bin/../lib/gcc/arm-none-eabi/14.2.1/../../../../arm-none-eabi/lib/thumb/v6-m/nofp/crt0.o
LOAD cmake/stm32cubemx/CMakeFiles/STM32_Drivers.dir/__/__/Core/Src/system_stm32f0xx.c.obj
LOAD cmake/stm32cubemx/CMakeFiles/STM32_Drivers.dir/__/__/Drivers/STM32F0xx_HAL_Driver/Src/stm32f0xx_ll_usb.c.obj
LOAD cmake/stm32cubemx/CMakeFiles/STM32_Drivers.dir/__/__/Drivers/STM32F0xx_HAL_Driver/Src/stm32f0xx_hal_pcd.c.obj
LOAD cmake/stm32cubemx/CMakeFiles/STM32_Drivers.dir/__/__/Drivers/STM32F0xx_HAL_Driver/Src/stm32f0xx_hal_pcd_ex.c.obj
LOAD cmake/stm32cubemx/CMakeFiles/STM32_Drivers.dir/__/__/Drivers/STM32F0xx_HAL_Driver/Src/stm32f0xx_hal_rcc.c.obj
LOAD cmake/stm32cubemx/CMakeFiles/STM32_Drivers.dir/__/__/Drivers/STM32F0xx_HAL_Driver/Src/stm32f0xx_hal_rcc_ex.c.obj
LOAD cmake/stm32cubemx/CMakeFiles/STM32_Drivers.dir/__/__/Drivers/STM32F0xx_HAL_Driver/Src/stm32f0xx_hal.c.obj
LOAD cmake/stm32cubemx/CMakeFiles/STM32_Drivers.dir/__/__/Drivers/STM32F0xx_HAL_Driver/Src/stm32f0xx_hal_i2c.c.obj
LOAD cmake/stm32cubemx/CMakeFiles/STM32_Drivers.dir/__/__/Drivers/STM32F0xx_HAL_Driver/Src/stm32f0xx_hal_i2c_ex.c.obj
LOAD cmake/stm32cubemx/CMakeFiles/STM32_Drivers.dir/__/__/Drivers/STM32F0xx_HAL_Driver/Src/stm32f0xx_hal_gpio.c.obj
LOAD cmake/stm32cubemx/CMakeFiles/STM32_Drivers.dir/__/__/Drivers/STM32F0xx_HAL_Driver/Src/stm32f0xx_hal_dma.c.obj
LOAD cmake/stm32cubemx/CMakeFiles/STM32_Drivers.dir/__/__/Drivers/STM32F0xx_HAL_Driver/Src/stm32f0xx_hal_cortex.c.obj
LOAD cmake/stm32cubemx/CMakeFiles/STM32_Drivers.dir/__/__/Drivers/STM32F0xx_HAL_Driver/Src/stm32f0xx_hal_pwr.c.obj
LOAD cmake/stm32cubemx/CMakeFiles/STM32_Drivers.dir/__/__/Drivers/STM32F0xx_HAL_Driver/Src/stm32f0xx_hal_pwr_ex.c.obj
LOAD cmake/stm32cubemx/CMakeFiles/STM32_Drivers.dir/__/__/Drivers/STM32F0xx_HAL_Driver/Src/stm32f0xx_hal_flash.c.obj
LOAD cmake/stm32cubemx/CMakeFiles/STM32_Drivers.dir/__/__/Drivers/STM32F0xx_HAL_Driver/Src/stm32f0xx_hal_flash_ex.c.obj
LOAD cmake/stm32cubemx/CMakeFiles/STM32_Drivers.dir/__/__/Drivers/STM32F0xx_HAL_Driver/Src/stm32f0xx_hal_exti.c.obj
LOAD cmake/stm32cubemx/CMakeFiles/STM32_Drivers.dir/__/__/Drivers/STM32F0xx_HAL_Driver/Src/stm32f0xx_hal_dac.c.obj
LOAD cmake/stm32cubemx/CMakeFiles/STM32_Drivers.dir/__/__/Drivers/STM32F0xx_HAL_Driver/Src/stm32f0xx_hal_dac_ex.c.obj
LOAD cmake/stm32cubemx/CMakeFiles/STM32_Drivers.dir/__/__/Drivers/STM32F0xx_HAL_Driver/Src/stm32f0xx_hal_spi.c.obj
LOAD cmake/stm32cubemx/CMakeFiles/STM32_Drivers.dir/__/__/Drivers/STM32F0xx_HAL_Driver/Src/stm32f0xx_hal_spi_ex.c.obj
LOAD cmake/stm32cubemx/CMakeFiles/STM32_Drivers.dir/__/__/Drivers/STM32F0xx_HAL_Driver/Src/stm32f0xx_hal_tim.c.obj
LOAD cmake/stm32cubemx/CMakeFiles/STM32_Drivers.dir/__/__/Drivers/STM32F0xx_HAL_Driver/Src/stm32f0xx_hal_tim_ex.c.obj
LOAD cmake/stm32cubemx/CMakeFiles/USB_Device_Library.dir/__/__/Middlewares/ST/STM32_USB_Device_Library/Core/Src/usbd_core.c.obj
LOAD cmake/stm32cubemx/CMakeFiles/USB_Device_Library.dir/__/__/Middlewares/ST/STM32_USB_Device_Library/Core/Src/usbd_ctlreq.c.obj
LOAD cmake/stm32cubemx/CMakeFiles/USB_Device_Library.dir/__/__/Middlewares/ST/STM32_USB_Device_Library/Core/Src/usbd_ioreq.c.obj
LOAD cmake/stm32cubemx/CMakeFiles/USB_Device_Library.dir/__/__/Middlewares/ST/STM32_USB_Device_Library/Class/HID/Src/usbd_hid.c.obj
LOAD cmake/stm32cubemx/CMakeFiles/FatFs.dir/__/__/Middlewares/Third_Party/FatFs/src/diskio.c.obj
LOAD cmake/stm32cubemx/CMakeFiles/FatFs.dir/__/__/Middlewares/Third_Party/FatFs/src/ff.c.obj
LOAD cmake/stm32cubemx/CMakeFiles/FatFs.dir/__/__/Middlewares/Third_Party/FatFs/src/ff_gen_drv.c.obj
LOAD cmake/stm32cubemx/CMakeFiles/FatFs.dir/__/__/Middlewares/Third_Party/FatFs/src/option/syscall.c.obj
LOAD CMakeFiles/latest_build.dir/USB_DEVICE/Target/usbd_conf.c.obj
LOAD CMakeFiles/latest_build.dir/USB_DEVICE/App/usb_device.c.obj
LOAD CMakeFiles/latest_build.dir/USB_DEVICE/App/usbd_desc.c.obj
LOAD CMakeFiles/latest_build.dir/FATFS/Target/user_diskio.c.obj
LOAD CMakeFiles/latest_build.dir/FATFS/App/fatfs.c.obj
LOAD CMakeFiles/latest_build.dir/Core/Src/gpio.c.obj
LOAD CMakeFiles/latest_build.dir/Core/Src/dac.c.obj
LOAD CMakeFiles/latest_build.dir/Core/Src/dma.c.obj
LOAD CMakeFiles/latest_build.dir/Core/Src/spi.c.obj
LOAD CMakeFiles/latest_build.dir/Core/Src/tim.c.obj
LOAD CMakeFiles/latest_build.dir/Core/Src/FATFS_SD.c.obj
LOAD CMakeFiles/latest_build.dir/Core/Src/main.c.obj
LOAD CMakeFiles/latest_build.dir/Core/Src/key_scan.c.obj
LOAD CMakeFiles/latest_build.dir/Core/Src/pc_cotrl_int.c.obj
LOAD CMakeFiles/latest_build.dir/Core/Src/stm32f0xx_it.c.obj
LOAD CMakeFiles/latest_build.dir/Core/Src/stm32f0xx_hal_msp.c.obj
LOAD CMakeFiles/latest_build.dir/Core/Src/sysmem.c.obj
LOAD CMakeFiles/latest_build.dir/Core/Src/syscalls.c.obj
LOAD CMakeFiles/latest_build.dir/startup_stm32f072xb.s.obj
LOAD /Applications/ArmGNUToolchain/14.2.rel1/arm-none-eabi/bin/../lib/gcc/arm-none-eabi/14.2.1/../../../../arm-none-eabi/lib/thumb/v6-m/nofp/libm.a
START GROUP
LOAD /Applications/ArmGNUToolchain/14.2.rel1/arm-none-eabi/bin/../lib/gcc/arm-none-eabi/14.2.1/thumb/v6-m/nofp/libgcc.a
LOAD /Applications/ArmGNUToolchain/14.2.rel1/arm-none-eabi/bin/../lib/gcc/arm-none-eabi/14.2.1/../../../../arm-none-eabi/lib/thumb/v6-m/nofp/libg_nano.a
LOAD /Applications/ArmGNUToolchain/14.2.rel1/arm-none-eabi/bin/../lib/gcc/arm-none-eabi/14.2.1/../../../../arm-none-eabi/lib/thumb/v6-m/nofp/libc_nano.a
END GROUP
START GROUP
LOAD /Applications/ArmGNUToolchain/14.2.rel1/arm-none-eabi/bin/../lib/gcc/arm-none-eabi/14.2.1/thumb/v6-m/nofp/libgcc.a
LOAD /Applications/ArmGNUToolchain/14.2.rel1/arm-none-eabi/bin/../lib/gcc/arm-none-eabi/14.2.1/../../../../arm-none-eabi/lib/thumb/v6-m/nofp/libc_nano.a
END GROUP
LOAD /Applications/ArmGNUToolchain/14.2.rel1/arm-none-eabi/bin/../lib/gcc/arm-none-eabi/14.2.1/thumb/v6-m/nofp/crtend.o
LOAD /Applications/ArmGNUToolchain/14.2.rel1/arm-none-eabi/bin/../lib/gcc/arm-none-eabi/14.2.1/thumb/v6-m/nofp/crtn.o
                0x20004000                        _estack = (ORIGIN (RAM) + LENGTH (RAM))
                0x00000200                        _Min_Heap_Size = 0x200
                0x00000400                        _Min_Stack_Size = 0x400

.isr_vector     0x08000000       0xc0
                0x08000000                        . = ALIGN (0x4)
 *(.isr_vector)
 .isr_vector    0x08000000       0xc0 CMakeFiles/latest_build.dir/startup_stm32f072xb.s.obj
                0x08000000                g_pfnVectors
                0x080000c0                        . = ALIGN (0x4)

.text           0x080000c0     0xf4b4
                0x080000c0                        . = ALIGN (0x4)
 *(.text)
 .text          0x080000c0      0x114 /Applications/ArmGNUToolchain/14.2.rel1/arm-none-eabi/bin/../lib/gcc/arm-none-eabi/14.2.1/thumb/v6-m/nofp/libgcc.a(_udivsi3.o)
                0x080000c0                __udivsi3
                0x080000c0                __aeabi_uidiv
                0x080001cc                __aeabi_uidivmod
 .text          0x080001d4      0x1d4 /Applications/ArmGNUToolchain/14.2.rel1/arm-none-eabi/bin/../lib/gcc/arm-none-eabi/14.2.1/thumb/v6-m/nofp/libgcc.a(_divsi3.o)
                0x080001d4                __aeabi_idiv
                0x080001d4                __divsi3
                0x080003a0                __aeabi_idivmod
 .text          0x080003a8        0x4 /Applications/ArmGNUToolchain/14.2.rel1/arm-none-eabi/bin/../lib/gcc/arm-none-eabi/14.2.1/thumb/v6-m/nofp/libgcc.a(_dvmd_tls.o)
                0x080003a8                __aeabi_ldiv0
                0x080003a8                __aeabi_idiv0
 *(.text*)
 .text.deregister_tm_clones
                0x080003ac       0x20 /Applications/ArmGNUToolchain/14.2.rel1/arm-none-eabi/bin/../lib/gcc/arm-none-eabi/14.2.1/thumb/v6-m/nofp/crtbegin.o
 .text.register_tm_clones
                0x080003cc       0x28 /Applications/ArmGNUToolchain/14.2.rel1/arm-none-eabi/bin/../lib/gcc/arm-none-eabi/14.2.1/thumb/v6-m/nofp/crtbegin.o
 .text.__do_global_dtors_aux
                0x080003f4       0x2c /Applications/ArmGNUToolchain/14.2.rel1/arm-none-eabi/bin/../lib/gcc/arm-none-eabi/14.2.1/thumb/v6-m/nofp/crtbegin.o
 .text.frame_dummy
                0x08000420       0x24 /Applications/ArmGNUToolchain/14.2.rel1/arm-none-eabi/bin/../lib/gcc/arm-none-eabi/14.2.1/thumb/v6-m/nofp/crtbegin.o
 .text.SystemInit
                0x08000444        0xa cmake/stm32cubemx/CMakeFiles/STM32_Drivers.dir/__/__/Core/Src/system_stm32f0xx.c.obj
                0x08000444                SystemInit
 *fill*         0x0800044e        0x2 
 .text.USB_EnableGlobalInt
                0x08000450       0x2c cmake/stm32cubemx/CMakeFiles/STM32_Drivers.dir/__/__/Drivers/STM32F0xx_HAL_Driver/Src/stm32f0xx_ll_usb.c.obj
                0x08000450                USB_EnableGlobalInt
 .text.USB_DisableGlobalInt
                0x0800047c       0x34 cmake/stm32cubemx/CMakeFiles/STM32_Drivers.dir/__/__/Drivers/STM32F0xx_HAL_Driver/Src/stm32f0xx_ll_usb.c.obj
                0x0800047c                USB_DisableGlobalInt
 .text.USB_DevInit
                0x080004b0       0x38 cmake/stm32cubemx/CMakeFiles/STM32_Drivers.dir/__/__/Drivers/STM32F0xx_HAL_Driver/Src/stm32f0xx_ll_usb.c.obj
                0x080004b0                USB_DevInit
 .text.USB_ActivateEndpoint
                0x080004e8      0x750 cmake/stm32cubemx/CMakeFiles/STM32_Drivers.dir/__/__/Drivers/STM32F0xx_HAL_Driver/Src/stm32f0xx_ll_usb.c.obj
                0x080004e8                USB_ActivateEndpoint
 .text.USB_DeactivateEndpoint
                0x08000c38      0x380 cmake/stm32cubemx/CMakeFiles/STM32_Drivers.dir/__/__/Drivers/STM32F0xx_HAL_Driver/Src/stm32f0xx_ll_usb.c.obj
                0x08000c38                USB_DeactivateEndpoint
 .text.USB_EPStartXfer
                0x08000fb8     0x1260 cmake/stm32cubemx/CMakeFiles/STM32_Drivers.dir/__/__/Drivers/STM32F0xx_HAL_Driver/Src/stm32f0xx_ll_usb.c.obj
                0x08000fb8                USB_EPStartXfer
 .text.USB_EPSetStall
                0x08002218       0xa0 cmake/stm32cubemx/CMakeFiles/STM32_Drivers.dir/__/__/Drivers/STM32F0xx_HAL_Driver/Src/stm32f0xx_ll_usb.c.obj
                0x08002218                USB_EPSetStall
 .text.USB_EPClearStall
                0x080022b8      0x164 cmake/stm32cubemx/CMakeFiles/STM32_Drivers.dir/__/__/Drivers/STM32F0xx_HAL_Driver/Src/stm32f0xx_ll_usb.c.obj
                0x080022b8                USB_EPClearStall
 .text.USB_SetDevAddress
                0x0800241c       0x28 cmake/stm32cubemx/CMakeFiles/STM32_Drivers.dir/__/__/Drivers/STM32F0xx_HAL_Driver/Src/stm32f0xx_ll_usb.c.obj
                0x0800241c                USB_SetDevAddress
 .text.USB_DevConnect
                0x08002444       0x2c cmake/stm32cubemx/CMakeFiles/STM32_Drivers.dir/__/__/Drivers/STM32F0xx_HAL_Driver/Src/stm32f0xx_ll_usb.c.obj
                0x08002444                USB_DevConnect
 .text.USB_ReadInterrupts
                0x08002470       0x1c cmake/stm32cubemx/CMakeFiles/STM32_Drivers.dir/__/__/Drivers/STM32F0xx_HAL_Driver/Src/stm32f0xx_ll_usb.c.obj
                0x08002470                USB_ReadInterrupts
 .text.USB_WritePMA
                0x0800248c       0x94 cmake/stm32cubemx/CMakeFiles/STM32_Drivers.dir/__/__/Drivers/STM32F0xx_HAL_Driver/Src/stm32f0xx_ll_usb.c.obj
                0x0800248c                USB_WritePMA
 .text.USB_ReadPMA
                0x08002520       0x9e cmake/stm32cubemx/CMakeFiles/STM32_Drivers.dir/__/__/Drivers/STM32F0xx_HAL_Driver/Src/stm32f0xx_ll_usb.c.obj
                0x08002520                USB_ReadPMA
 *fill*         0x080025be        0x2 
 .text.HAL_PCD_Init
                0x080025c0      0x204 cmake/stm32cubemx/CMakeFiles/STM32_Drivers.dir/__/__/Drivers/STM32F0xx_HAL_Driver/Src/stm32f0xx_hal_pcd.c.obj
                0x080025c0                HAL_PCD_Init
 .text.HAL_PCD_Start
                0x080027c4       0x4a cmake/stm32cubemx/CMakeFiles/STM32_Drivers.dir/__/__/Drivers/STM32F0xx_HAL_Driver/Src/stm32f0xx_hal_pcd.c.obj
                0x080027c4                HAL_PCD_Start
 *fill*         0x0800280e        0x2 
 .text.HAL_PCD_IRQHandler
                0x08002810      0x288 cmake/stm32cubemx/CMakeFiles/STM32_Drivers.dir/__/__/Drivers/STM32F0xx_HAL_Driver/Src/stm32f0xx_hal_pcd.c.obj
                0x08002810                HAL_PCD_IRQHandler
 .text.HAL_PCD_SetAddress
                0x08002a98       0x54 cmake/stm32cubemx/CMakeFiles/STM32_Drivers.dir/__/__/Drivers/STM32F0xx_HAL_Driver/Src/stm32f0xx_hal_pcd.c.obj
                0x08002a98                HAL_PCD_SetAddress
 .text.HAL_PCD_EP_Open
                0x08002aec       0xde cmake/stm32cubemx/CMakeFiles/STM32_Drivers.dir/__/__/Drivers/STM32F0xx_HAL_Driver/Src/stm32f0xx_hal_pcd.c.obj
                0x08002aec                HAL_PCD_EP_Open
 .text.HAL_PCD_EP_Close
                0x08002bca       0xa2 cmake/stm32cubemx/CMakeFiles/STM32_Drivers.dir/__/__/Drivers/STM32F0xx_HAL_Driver/Src/stm32f0xx_hal_pcd.c.obj
                0x08002bca                HAL_PCD_EP_Close
 .text.HAL_PCD_EP_Receive
                0x08002c6c       0x6e cmake/stm32cubemx/CMakeFiles/STM32_Drivers.dir/__/__/Drivers/STM32F0xx_HAL_Driver/Src/stm32f0xx_hal_pcd.c.obj
                0x08002c6c                HAL_PCD_EP_Receive
 .text.HAL_PCD_EP_Transmit
                0x08002cda       0x78 cmake/stm32cubemx/CMakeFiles/STM32_Drivers.dir/__/__/Drivers/STM32F0xx_HAL_Driver/Src/stm32f0xx_hal_pcd.c.obj
                0x08002cda                HAL_PCD_EP_Transmit
 .text.HAL_PCD_EP_SetStall
                0x08002d52       0xb8 cmake/stm32cubemx/CMakeFiles/STM32_Drivers.dir/__/__/Drivers/STM32F0xx_HAL_Driver/Src/stm32f0xx_hal_pcd.c.obj
                0x08002d52                HAL_PCD_EP_SetStall
 .text.HAL_PCD_EP_ClrStall
                0x08002e0a       0xbc cmake/stm32cubemx/CMakeFiles/STM32_Drivers.dir/__/__/Drivers/STM32F0xx_HAL_Driver/Src/stm32f0xx_hal_pcd.c.obj
                0x08002e0a                HAL_PCD_EP_ClrStall
 *fill*         0x08002ec6        0x2 
 .text.PCD_EP_ISR_Handler
                0x08002ec8      0x808 cmake/stm32cubemx/CMakeFiles/STM32_Drivers.dir/__/__/Drivers/STM32F0xx_HAL_Driver/Src/stm32f0xx_hal_pcd.c.obj
 .text.HAL_PCD_EP_DB_Receive
                0x080036d0      0x238 cmake/stm32cubemx/CMakeFiles/STM32_Drivers.dir/__/__/Drivers/STM32F0xx_HAL_Driver/Src/stm32f0xx_hal_pcd.c.obj
 .text.HAL_PCD_EP_DB_Transmit
                0x08003908      0x820 cmake/stm32cubemx/CMakeFiles/STM32_Drivers.dir/__/__/Drivers/STM32F0xx_HAL_Driver/Src/stm32f0xx_hal_pcd.c.obj
 .text.HAL_PCDEx_PMAConfig
                0x08004128       0x9c cmake/stm32cubemx/CMakeFiles/STM32_Drivers.dir/__/__/Drivers/STM32F0xx_HAL_Driver/Src/stm32f0xx_hal_pcd_ex.c.obj
                0x08004128                HAL_PCDEx_PMAConfig
 .text.HAL_PCDEx_ActivateLPM
                0x080041c4       0x54 cmake/stm32cubemx/CMakeFiles/STM32_Drivers.dir/__/__/Drivers/STM32F0xx_HAL_Driver/Src/stm32f0xx_hal_pcd_ex.c.obj
                0x080041c4                HAL_PCDEx_ActivateLPM
 .text.HAL_PCDEx_LPM_Callback
                0x08004218       0x16 cmake/stm32cubemx/CMakeFiles/STM32_Drivers.dir/__/__/Drivers/STM32F0xx_HAL_Driver/Src/stm32f0xx_hal_pcd_ex.c.obj
                0x08004218                HAL_PCDEx_LPM_Callback
 *fill*         0x0800422e        0x2 
 .text.HAL_RCC_OscConfig
                0x08004230      0xa2c cmake/stm32cubemx/CMakeFiles/STM32_Drivers.dir/__/__/Drivers/STM32F0xx_HAL_Driver/Src/stm32f0xx_hal_rcc.c.obj
                0x08004230                HAL_RCC_OscConfig
 .text.HAL_RCC_ClockConfig
                0x08004c5c      0x2d0 cmake/stm32cubemx/CMakeFiles/STM32_Drivers.dir/__/__/Drivers/STM32F0xx_HAL_Driver/Src/stm32f0xx_hal_rcc.c.obj
                0x08004c5c                HAL_RCC_ClockConfig
 .text.HAL_RCC_GetSysClockFreq
                0x08004f2c       0xe8 cmake/stm32cubemx/CMakeFiles/STM32_Drivers.dir/__/__/Drivers/STM32F0xx_HAL_Driver/Src/stm32f0xx_hal_rcc.c.obj
                0x08004f2c                HAL_RCC_GetSysClockFreq
 .text.HAL_RCCEx_PeriphCLKConfig
                0x08005014      0x2fc cmake/stm32cubemx/CMakeFiles/STM32_Drivers.dir/__/__/Drivers/STM32F0xx_HAL_Driver/Src/stm32f0xx_hal_rcc_ex.c.obj
                0x08005014                HAL_RCCEx_PeriphCLKConfig
 .text.HAL_Init
                0x08005310       0x28 cmake/stm32cubemx/CMakeFiles/STM32_Drivers.dir/__/__/Drivers/STM32F0xx_HAL_Driver/Src/stm32f0xx_hal.c.obj
                0x08005310                HAL_Init
 .text.HAL_InitTick
                0x08005338       0x68 cmake/stm32cubemx/CMakeFiles/STM32_Drivers.dir/__/__/Drivers/STM32F0xx_HAL_Driver/Src/stm32f0xx_hal.c.obj
                0x08005338                HAL_InitTick
 .text.HAL_IncTick
                0x080053a0       0x24 cmake/stm32cubemx/CMakeFiles/STM32_Drivers.dir/__/__/Drivers/STM32F0xx_HAL_Driver/Src/stm32f0xx_hal.c.obj
                0x080053a0                HAL_IncTick
 .text.HAL_GetTick
                0x080053c4       0x14 cmake/stm32cubemx/CMakeFiles/STM32_Drivers.dir/__/__/Drivers/STM32F0xx_HAL_Driver/Src/stm32f0xx_hal.c.obj
                0x080053c4                HAL_GetTick
 .text.HAL_Delay
                0x080053d8       0x48 cmake/stm32cubemx/CMakeFiles/STM32_Drivers.dir/__/__/Drivers/STM32F0xx_HAL_Driver/Src/stm32f0xx_hal.c.obj
                0x080053d8                HAL_Delay
 .text.HAL_GPIO_Init
                0x08005420      0x480 cmake/stm32cubemx/CMakeFiles/STM32_Drivers.dir/__/__/Drivers/STM32F0xx_HAL_Driver/Src/stm32f0xx_hal_gpio.c.obj
                0x08005420                HAL_GPIO_Init
 .text.HAL_GPIO_ReadPin
                0x080058a0       0x58 cmake/stm32cubemx/CMakeFiles/STM32_Drivers.dir/__/__/Drivers/STM32F0xx_HAL_Driver/Src/stm32f0xx_hal_gpio.c.obj
                0x080058a0                HAL_GPIO_ReadPin
 .text.HAL_GPIO_WritePin
                0x080058f8       0x74 cmake/stm32cubemx/CMakeFiles/STM32_Drivers.dir/__/__/Drivers/STM32F0xx_HAL_Driver/Src/stm32f0xx_hal_gpio.c.obj
                0x080058f8                HAL_GPIO_WritePin
 .text.HAL_GPIO_TogglePin
                0x0800596c       0x50 cmake/stm32cubemx/CMakeFiles/STM32_Drivers.dir/__/__/Drivers/STM32F0xx_HAL_Driver/Src/stm32f0xx_hal_gpio.c.obj
                0x0800596c                HAL_GPIO_TogglePin
 .text.HAL_DMA_Init
                0x080059bc      0x200 cmake/stm32cubemx/CMakeFiles/STM32_Drivers.dir/__/__/Drivers/STM32F0xx_HAL_Driver/Src/stm32f0xx_hal_dma.c.obj
                0x080059bc                HAL_DMA_Init
 .text.HAL_DMA_Start_IT
                0x08005bbc       0xf0 cmake/stm32cubemx/CMakeFiles/STM32_Drivers.dir/__/__/Drivers/STM32F0xx_HAL_Driver/Src/stm32f0xx_hal_dma.c.obj
                0x08005bbc                HAL_DMA_Start_IT
 .text.HAL_DMA_Abort
                0x08005cac       0x70 cmake/stm32cubemx/CMakeFiles/STM32_Drivers.dir/__/__/Drivers/STM32F0xx_HAL_Driver/Src/stm32f0xx_hal_dma.c.obj
                0x08005cac                HAL_DMA_Abort
 .text.HAL_DMA_IRQHandler
                0x08005d1c      0x144 cmake/stm32cubemx/CMakeFiles/STM32_Drivers.dir/__/__/Drivers/STM32F0xx_HAL_Driver/Src/stm32f0xx_hal_dma.c.obj
                0x08005d1c                HAL_DMA_IRQHandler
 .text.DMA_SetConfig
                0x08005e60       0x58 cmake/stm32cubemx/CMakeFiles/STM32_Drivers.dir/__/__/Drivers/STM32F0xx_HAL_Driver/Src/stm32f0xx_hal_dma.c.obj
 .text.DMA_CalcBaseAndBitshift
                0x08005eb8       0x38 cmake/stm32cubemx/CMakeFiles/STM32_Drivers.dir/__/__/Drivers/STM32F0xx_HAL_Driver/Src/stm32f0xx_hal_dma.c.obj
 .text.__NVIC_EnableIRQ
                0x08005ef0       0x34 cmake/stm32cubemx/CMakeFiles/STM32_Drivers.dir/__/__/Drivers/STM32F0xx_HAL_Driver/Src/stm32f0xx_hal_cortex.c.obj
 .text.__NVIC_SetPriority
                0x08005f24       0xdc cmake/stm32cubemx/CMakeFiles/STM32_Drivers.dir/__/__/Drivers/STM32F0xx_HAL_Driver/Src/stm32f0xx_hal_cortex.c.obj
 .text.SysTick_Config
                0x08006000       0x48 cmake/stm32cubemx/CMakeFiles/STM32_Drivers.dir/__/__/Drivers/STM32F0xx_HAL_Driver/Src/stm32f0xx_hal_cortex.c.obj
 .text.HAL_NVIC_SetPriority
                0x08006048       0x40 cmake/stm32cubemx/CMakeFiles/STM32_Drivers.dir/__/__/Drivers/STM32F0xx_HAL_Driver/Src/stm32f0xx_hal_cortex.c.obj
                0x08006048                HAL_NVIC_SetPriority
 .text.HAL_NVIC_EnableIRQ
                0x08006088       0x38 cmake/stm32cubemx/CMakeFiles/STM32_Drivers.dir/__/__/Drivers/STM32F0xx_HAL_Driver/Src/stm32f0xx_hal_cortex.c.obj
                0x08006088                HAL_NVIC_EnableIRQ
 .text.HAL_SYSTICK_Config
                0x080060c0       0x1a cmake/stm32cubemx/CMakeFiles/STM32_Drivers.dir/__/__/Drivers/STM32F0xx_HAL_Driver/Src/stm32f0xx_hal_cortex.c.obj
                0x080060c0                HAL_SYSTICK_Config
 *fill*         0x080060da        0x2 
 .text.HAL_DAC_Init
                0x080060dc       0x68 cmake/stm32cubemx/CMakeFiles/STM32_Drivers.dir/__/__/Drivers/STM32F0xx_HAL_Driver/Src/stm32f0xx_hal_dac.c.obj
                0x080060dc                HAL_DAC_Init
 .text.HAL_DAC_Stop_DMA
                0x08006144       0xe0 cmake/stm32cubemx/CMakeFiles/STM32_Drivers.dir/__/__/Drivers/STM32F0xx_HAL_Driver/Src/stm32f0xx_hal_dac.c.obj
                0x08006144                HAL_DAC_Stop_DMA
 .text.HAL_DAC_ConvCpltCallbackCh1
                0x08006224       0x10 cmake/stm32cubemx/CMakeFiles/STM32_Drivers.dir/__/__/Drivers/STM32F0xx_HAL_Driver/Src/stm32f0xx_hal_dac.c.obj
                0x08006224                HAL_DAC_ConvCpltCallbackCh1
 .text.HAL_DAC_ConvHalfCpltCallbackCh1
                0x08006234       0x10 cmake/stm32cubemx/CMakeFiles/STM32_Drivers.dir/__/__/Drivers/STM32F0xx_HAL_Driver/Src/stm32f0xx_hal_dac.c.obj
                0x08006234                HAL_DAC_ConvHalfCpltCallbackCh1
 .text.HAL_DAC_ErrorCallbackCh1
                0x08006244       0x10 cmake/stm32cubemx/CMakeFiles/STM32_Drivers.dir/__/__/Drivers/STM32F0xx_HAL_Driver/Src/stm32f0xx_hal_dac.c.obj
                0x08006244                HAL_DAC_ErrorCallbackCh1
 .text.HAL_DAC_DMAUnderrunCallbackCh1
                0x08006254       0x10 cmake/stm32cubemx/CMakeFiles/STM32_Drivers.dir/__/__/Drivers/STM32F0xx_HAL_Driver/Src/stm32f0xx_hal_dac.c.obj
                0x08006254                HAL_DAC_DMAUnderrunCallbackCh1
 .text.HAL_DAC_ConfigChannel
                0x08006264      0x148 cmake/stm32cubemx/CMakeFiles/STM32_Drivers.dir/__/__/Drivers/STM32F0xx_HAL_Driver/Src/stm32f0xx_hal_dac_ex.c.obj
                0x08006264                HAL_DAC_ConfigChannel
 .text.HAL_DAC_Start_DMA
                0x080063ac      0x1c0 cmake/stm32cubemx/CMakeFiles/STM32_Drivers.dir/__/__/Drivers/STM32F0xx_HAL_Driver/Src/stm32f0xx_hal_dac_ex.c.obj
                0x080063ac                HAL_DAC_Start_DMA
 .text.HAL_DAC_IRQHandler
                0x0800656c       0xd0 cmake/stm32cubemx/CMakeFiles/STM32_Drivers.dir/__/__/Drivers/STM32F0xx_HAL_Driver/Src/stm32f0xx_hal_dac_ex.c.obj
                0x0800656c                HAL_DAC_IRQHandler
 .text.DAC_DMAConvCpltCh1
                0x0800663c       0x24 cmake/stm32cubemx/CMakeFiles/STM32_Drivers.dir/__/__/Drivers/STM32F0xx_HAL_Driver/Src/stm32f0xx_hal_dac_ex.c.obj
 .text.DAC_DMAHalfConvCpltCh1
                0x08006660       0x1e cmake/stm32cubemx/CMakeFiles/STM32_Drivers.dir/__/__/Drivers/STM32F0xx_HAL_Driver/Src/stm32f0xx_hal_dac_ex.c.obj
 .text.DAC_DMAErrorCh1
                0x0800667e       0x30 cmake/stm32cubemx/CMakeFiles/STM32_Drivers.dir/__/__/Drivers/STM32F0xx_HAL_Driver/Src/stm32f0xx_hal_dac_ex.c.obj
 .text.DAC_DMAConvCpltCh2
                0x080066ae       0x24 cmake/stm32cubemx/CMakeFiles/STM32_Drivers.dir/__/__/Drivers/STM32F0xx_HAL_Driver/Src/stm32f0xx_hal_dac_ex.c.obj
                0x080066ae                DAC_DMAConvCpltCh2
 .text.DAC_DMAHalfConvCpltCh2
                0x080066d2       0x1e cmake/stm32cubemx/CMakeFiles/STM32_Drivers.dir/__/__/Drivers/STM32F0xx_HAL_Driver/Src/stm32f0xx_hal_dac_ex.c.obj
                0x080066d2                DAC_DMAHalfConvCpltCh2
 .text.DAC_DMAErrorCh2
                0x080066f0       0x30 cmake/stm32cubemx/CMakeFiles/STM32_Drivers.dir/__/__/Drivers/STM32F0xx_HAL_Driver/Src/stm32f0xx_hal_dac_ex.c.obj
                0x080066f0                DAC_DMAErrorCh2
 .text.HAL_DACEx_ConvCpltCallbackCh2
                0x08006720       0x10 cmake/stm32cubemx/CMakeFiles/STM32_Drivers.dir/__/__/Drivers/STM32F0xx_HAL_Driver/Src/stm32f0xx_hal_dac_ex.c.obj
                0x08006720                HAL_DACEx_ConvCpltCallbackCh2
 .text.HAL_DACEx_ConvHalfCpltCallbackCh2
                0x08006730       0x10 cmake/stm32cubemx/CMakeFiles/STM32_Drivers.dir/__/__/Drivers/STM32F0xx_HAL_Driver/Src/stm32f0xx_hal_dac_ex.c.obj
                0x08006730                HAL_DACEx_ConvHalfCpltCallbackCh2
 .text.HAL_DACEx_ErrorCallbackCh2
                0x08006740       0x10 cmake/stm32cubemx/CMakeFiles/STM32_Drivers.dir/__/__/Drivers/STM32F0xx_HAL_Driver/Src/stm32f0xx_hal_dac_ex.c.obj
                0x08006740                HAL_DACEx_ErrorCallbackCh2
 .text.HAL_DACEx_DMAUnderrunCallbackCh2
                0x08006750       0x10 cmake/stm32cubemx/CMakeFiles/STM32_Drivers.dir/__/__/Drivers/STM32F0xx_HAL_Driver/Src/stm32f0xx_hal_dac_ex.c.obj
                0x08006750                HAL_DACEx_DMAUnderrunCallbackCh2
 .text.HAL_SPI_Init
                0x08006760      0x460 cmake/stm32cubemx/CMakeFiles/STM32_Drivers.dir/__/__/Drivers/STM32F0xx_HAL_Driver/Src/stm32f0xx_hal_spi.c.obj
                0x08006760                HAL_SPI_Init
 .text.HAL_SPI_Transmit
                0x08006bc0      0x2e4 cmake/stm32cubemx/CMakeFiles/STM32_Drivers.dir/__/__/Drivers/STM32F0xx_HAL_Driver/Src/stm32f0xx_hal_spi.c.obj
                0x08006bc0                HAL_SPI_Transmit
 .text.HAL_SPI_TransmitReceive
                0x08006ea4      0x3e0 cmake/stm32cubemx/CMakeFiles/STM32_Drivers.dir/__/__/Drivers/STM32F0xx_HAL_Driver/Src/stm32f0xx_hal_spi.c.obj
                0x08006ea4                HAL_SPI_TransmitReceive
 .text.SPI_WaitFlagStateUntilTimeout
                0x08007284      0x11c cmake/stm32cubemx/CMakeFiles/STM32_Drivers.dir/__/__/Drivers/STM32F0xx_HAL_Driver/Src/stm32f0xx_hal_spi.c.obj
 .text.SPI_WaitFifoStateUntilTimeout
                0x080073a0      0x144 cmake/stm32cubemx/CMakeFiles/STM32_Drivers.dir/__/__/Drivers/STM32F0xx_HAL_Driver/Src/stm32f0xx_hal_spi.c.obj
 .text.SPI_EndRxTxTransaction
                0x080074e4       0x8c cmake/stm32cubemx/CMakeFiles/STM32_Drivers.dir/__/__/Drivers/STM32F0xx_HAL_Driver/Src/stm32f0xx_hal_spi.c.obj
 .text.HAL_TIM_Base_Init
                0x08007570      0x204 cmake/stm32cubemx/CMakeFiles/STM32_Drivers.dir/__/__/Drivers/STM32F0xx_HAL_Driver/Src/stm32f0xx_hal_tim.c.obj
                0x08007570                HAL_TIM_Base_Init
 .text.HAL_TIM_Base_Start_IT
                0x08007774      0x128 cmake/stm32cubemx/CMakeFiles/STM32_Drivers.dir/__/__/Drivers/STM32F0xx_HAL_Driver/Src/stm32f0xx_hal_tim.c.obj
                0x08007774                HAL_TIM_Base_Start_IT
 .text.HAL_TIM_Base_Stop_IT
                0x0800789c       0xe8 cmake/stm32cubemx/CMakeFiles/STM32_Drivers.dir/__/__/Drivers/STM32F0xx_HAL_Driver/Src/stm32f0xx_hal_tim.c.obj
                0x0800789c                HAL_TIM_Base_Stop_IT
 .text.HAL_TIM_IRQHandler
                0x08007984      0x1dc cmake/stm32cubemx/CMakeFiles/STM32_Drivers.dir/__/__/Drivers/STM32F0xx_HAL_Driver/Src/stm32f0xx_hal_tim.c.obj
                0x08007984                HAL_TIM_IRQHandler
 .text.HAL_TIM_PeriodElapsedCallback
                0x08007b60       0x10 cmake/stm32cubemx/CMakeFiles/STM32_Drivers.dir/__/__/Drivers/STM32F0xx_HAL_Driver/Src/stm32f0xx_hal_tim.c.obj
                0x08007b60                HAL_TIM_PeriodElapsedCallback
 .text.HAL_TIM_OC_DelayElapsedCallback
                0x08007b70       0x10 cmake/stm32cubemx/CMakeFiles/STM32_Drivers.dir/__/__/Drivers/STM32F0xx_HAL_Driver/Src/stm32f0xx_hal_tim.c.obj
                0x08007b70                HAL_TIM_OC_DelayElapsedCallback
 .text.HAL_TIM_IC_CaptureCallback
                0x08007b80       0x10 cmake/stm32cubemx/CMakeFiles/STM32_Drivers.dir/__/__/Drivers/STM32F0xx_HAL_Driver/Src/stm32f0xx_hal_tim.c.obj
                0x08007b80                HAL_TIM_IC_CaptureCallback
 .text.HAL_TIM_PWM_PulseFinishedCallback
                0x08007b90       0x10 cmake/stm32cubemx/CMakeFiles/STM32_Drivers.dir/__/__/Drivers/STM32F0xx_HAL_Driver/Src/stm32f0xx_hal_tim.c.obj
                0x08007b90                HAL_TIM_PWM_PulseFinishedCallback
 .text.HAL_TIM_TriggerCallback
                0x08007ba0       0x10 cmake/stm32cubemx/CMakeFiles/STM32_Drivers.dir/__/__/Drivers/STM32F0xx_HAL_Driver/Src/stm32f0xx_hal_tim.c.obj
                0x08007ba0                HAL_TIM_TriggerCallback
 .text.TIM_Base_SetConfig
                0x08007bb0      0x11c cmake/stm32cubemx/CMakeFiles/STM32_Drivers.dir/__/__/Drivers/STM32F0xx_HAL_Driver/Src/stm32f0xx_hal_tim.c.obj
                0x08007bb0                TIM_Base_SetConfig
 .text.HAL_TIMEx_MasterConfigSynchronization
                0x08007ccc      0x188 cmake/stm32cubemx/CMakeFiles/STM32_Drivers.dir/__/__/Drivers/STM32F0xx_HAL_Driver/Src/stm32f0xx_hal_tim_ex.c.obj
                0x08007ccc                HAL_TIMEx_MasterConfigSynchronization
 .text.HAL_TIMEx_CommutCallback
                0x08007e54       0x10 cmake/stm32cubemx/CMakeFiles/STM32_Drivers.dir/__/__/Drivers/STM32F0xx_HAL_Driver/Src/stm32f0xx_hal_tim_ex.c.obj
                0x08007e54                HAL_TIMEx_CommutCallback
 .text.HAL_TIMEx_BreakCallback
                0x08007e64       0x10 cmake/stm32cubemx/CMakeFiles/STM32_Drivers.dir/__/__/Drivers/STM32F0xx_HAL_Driver/Src/stm32f0xx_hal_tim_ex.c.obj
                0x08007e64                HAL_TIMEx_BreakCallback
 .text.USBD_Init
                0x08007e74       0x62 cmake/stm32cubemx/CMakeFiles/USB_Device_Library.dir/__/__/Middlewares/ST/STM32_USB_Device_Library/Core/Src/usbd_core.c.obj
                0x08007e74                USBD_Init
 .text.USBD_RegisterClass
                0x08007ed6       0x40 cmake/stm32cubemx/CMakeFiles/USB_Device_Library.dir/__/__/Middlewares/ST/STM32_USB_Device_Library/Core/Src/usbd_core.c.obj
                0x08007ed6                USBD_RegisterClass
 .text.USBD_Start
                0x08007f16       0x1a cmake/stm32cubemx/CMakeFiles/USB_Device_Library.dir/__/__/Middlewares/ST/STM32_USB_Device_Library/Core/Src/usbd_core.c.obj
                0x08007f16                USBD_Start
 .text.USBD_RunTestMode
                0x08007f30       0x12 cmake/stm32cubemx/CMakeFiles/USB_Device_Library.dir/__/__/Middlewares/ST/STM32_USB_Device_Library/Core/Src/usbd_core.c.obj
                0x08007f30                USBD_RunTestMode
 .text.USBD_SetClassConfig
                0x08007f42       0x4e cmake/stm32cubemx/CMakeFiles/USB_Device_Library.dir/__/__/Middlewares/ST/STM32_USB_Device_Library/Core/Src/usbd_core.c.obj
                0x08007f42                USBD_SetClassConfig
 .text.USBD_ClrClassConfig
                0x08007f90       0x2c cmake/stm32cubemx/CMakeFiles/USB_Device_Library.dir/__/__/Middlewares/ST/STM32_USB_Device_Library/Core/Src/usbd_core.c.obj
                0x08007f90                USBD_ClrClassConfig
 .text.USBD_LL_SetupStage
                0x08007fbc       0xbc cmake/stm32cubemx/CMakeFiles/USB_Device_Library.dir/__/__/Middlewares/ST/STM32_USB_Device_Library/Core/Src/usbd_core.c.obj
                0x08007fbc                USBD_LL_SetupStage
 .text.USBD_LL_DataOutStage
                0x08008078      0x104 cmake/stm32cubemx/CMakeFiles/USB_Device_Library.dir/__/__/Middlewares/ST/STM32_USB_Device_Library/Core/Src/usbd_core.c.obj
                0x08008078                USBD_LL_DataOutStage
 .text.USBD_LL_DataInStage
                0x0800817c      0x17a cmake/stm32cubemx/CMakeFiles/USB_Device_Library.dir/__/__/Middlewares/ST/STM32_USB_Device_Library/Core/Src/usbd_core.c.obj
                0x0800817c                USBD_LL_DataInStage
 .text.USBD_LL_Reset
                0x080082f6       0x90 cmake/stm32cubemx/CMakeFiles/USB_Device_Library.dir/__/__/Middlewares/ST/STM32_USB_Device_Library/Core/Src/usbd_core.c.obj
                0x080082f6                USBD_LL_Reset
 .text.USBD_LL_SetSpeed
                0x08008386       0x20 cmake/stm32cubemx/CMakeFiles/USB_Device_Library.dir/__/__/Middlewares/ST/STM32_USB_Device_Library/Core/Src/usbd_core.c.obj
                0x08008386                USBD_LL_SetSpeed
 *fill*         0x080083a6        0x2 
 .text.USBD_LL_Suspend
                0x080083a8       0x30 cmake/stm32cubemx/CMakeFiles/USB_Device_Library.dir/__/__/Middlewares/ST/STM32_USB_Device_Library/Core/Src/usbd_core.c.obj
                0x080083a8                USBD_LL_Suspend
 .text.USBD_LL_Resume
                0x080083d8       0x30 cmake/stm32cubemx/CMakeFiles/USB_Device_Library.dir/__/__/Middlewares/ST/STM32_USB_Device_Library/Core/Src/usbd_core.c.obj
                0x080083d8                USBD_LL_Resume
 .text.USBD_LL_SOF
                0x08008408       0x3c cmake/stm32cubemx/CMakeFiles/USB_Device_Library.dir/__/__/Middlewares/ST/STM32_USB_Device_Library/Core/Src/usbd_core.c.obj
                0x08008408                USBD_LL_SOF
 .text.USBD_StdDevReq
                0x08008444       0xe4 cmake/stm32cubemx/CMakeFiles/USB_Device_Library.dir/__/__/Middlewares/ST/STM32_USB_Device_Library/Core/Src/usbd_ctlreq.c.obj
                0x08008444                USBD_StdDevReq
 .text.USBD_StdItfReq
                0x08008528       0xae cmake/stm32cubemx/CMakeFiles/USB_Device_Library.dir/__/__/Middlewares/ST/STM32_USB_Device_Library/Core/Src/usbd_ctlreq.c.obj
                0x08008528                USBD_StdItfReq
 .text.USBD_StdEPReq
                0x080085d6      0x36c cmake/stm32cubemx/CMakeFiles/USB_Device_Library.dir/__/__/Middlewares/ST/STM32_USB_Device_Library/Core/Src/usbd_ctlreq.c.obj
                0x080085d6                USBD_StdEPReq
 *fill*         0x08008942        0x2 
 .text.USBD_GetDescriptor
                0x08008944      0x364 cmake/stm32cubemx/CMakeFiles/USB_Device_Library.dir/__/__/Middlewares/ST/STM32_USB_Device_Library/Core/Src/usbd_ctlreq.c.obj
 .text.USBD_SetAddress
                0x08008ca8       0xa8 cmake/stm32cubemx/CMakeFiles/USB_Device_Library.dir/__/__/Middlewares/ST/STM32_USB_Device_Library/Core/Src/usbd_ctlreq.c.obj
 .text.USBD_SetConfig
                0x08008d50      0x148 cmake/stm32cubemx/CMakeFiles/USB_Device_Library.dir/__/__/Middlewares/ST/STM32_USB_Device_Library/Core/Src/usbd_ctlreq.c.obj
 .text.USBD_GetConfig
                0x08008e98       0x76 cmake/stm32cubemx/CMakeFiles/USB_Device_Library.dir/__/__/Middlewares/ST/STM32_USB_Device_Library/Core/Src/usbd_ctlreq.c.obj
 .text.USBD_GetStatus
                0x08008f0e       0x74 cmake/stm32cubemx/CMakeFiles/USB_Device_Library.dir/__/__/Middlewares/ST/STM32_USB_Device_Library/Core/Src/usbd_ctlreq.c.obj
 .text.USBD_SetFeature
                0x08008f82       0x2c cmake/stm32cubemx/CMakeFiles/USB_Device_Library.dir/__/__/Middlewares/ST/STM32_USB_Device_Library/Core/Src/usbd_ctlreq.c.obj
 .text.USBD_ClrFeature
                0x08008fae       0x4c cmake/stm32cubemx/CMakeFiles/USB_Device_Library.dir/__/__/Middlewares/ST/STM32_USB_Device_Library/Core/Src/usbd_ctlreq.c.obj
 .text.USBD_ParseSetupRequest
                0x08008ffa       0x70 cmake/stm32cubemx/CMakeFiles/USB_Device_Library.dir/__/__/Middlewares/ST/STM32_USB_Device_Library/Core/Src/usbd_ctlreq.c.obj
                0x08008ffa                USBD_ParseSetupRequest
 .text.USBD_CtlError
                0x0800906a       0x26 cmake/stm32cubemx/CMakeFiles/USB_Device_Library.dir/__/__/Middlewares/ST/STM32_USB_Device_Library/Core/Src/usbd_ctlreq.c.obj
                0x0800906a                USBD_CtlError
 .text.USBD_GetString
                0x08009090       0x9c cmake/stm32cubemx/CMakeFiles/USB_Device_Library.dir/__/__/Middlewares/ST/STM32_USB_Device_Library/Core/Src/usbd_ctlreq.c.obj
                0x08009090                USBD_GetString
 .text.USBD_GetLen
                0x0800912c       0x3a cmake/stm32cubemx/CMakeFiles/USB_Device_Library.dir/__/__/Middlewares/ST/STM32_USB_Device_Library/Core/Src/usbd_ctlreq.c.obj
 .text.USBD_CtlSendData
                0x08009166       0x40 cmake/stm32cubemx/CMakeFiles/USB_Device_Library.dir/__/__/Middlewares/ST/STM32_USB_Device_Library/Core/Src/usbd_ioreq.c.obj
                0x08009166                USBD_CtlSendData
 .text.USBD_CtlContinueSendData
                0x080091a6       0x26 cmake/stm32cubemx/CMakeFiles/USB_Device_Library.dir/__/__/Middlewares/ST/STM32_USB_Device_Library/Core/Src/usbd_ioreq.c.obj
                0x080091a6                USBD_CtlContinueSendData
 .text.USBD_CtlContinueRx
                0x080091cc       0x26 cmake/stm32cubemx/CMakeFiles/USB_Device_Library.dir/__/__/Middlewares/ST/STM32_USB_Device_Library/Core/Src/usbd_ioreq.c.obj
                0x080091cc                USBD_CtlContinueRx
 .text.USBD_CtlSendStatus
                0x080091f2       0x28 cmake/stm32cubemx/CMakeFiles/USB_Device_Library.dir/__/__/Middlewares/ST/STM32_USB_Device_Library/Core/Src/usbd_ioreq.c.obj
                0x080091f2                USBD_CtlSendStatus
 .text.USBD_CtlReceiveStatus
                0x0800921a       0x28 cmake/stm32cubemx/CMakeFiles/USB_Device_Library.dir/__/__/Middlewares/ST/STM32_USB_Device_Library/Core/Src/usbd_ioreq.c.obj
                0x0800921a                USBD_CtlReceiveStatus
 .text.USBD_HID_Init
                0x08009242       0x56 cmake/stm32cubemx/CMakeFiles/USB_Device_Library.dir/__/__/Middlewares/ST/STM32_USB_Device_Library/Class/HID/Src/usbd_hid.c.obj
 .text.USBD_HID_DeInit
                0x08009298       0x4c cmake/stm32cubemx/CMakeFiles/USB_Device_Library.dir/__/__/Middlewares/ST/STM32_USB_Device_Library/Class/HID/Src/usbd_hid.c.obj
 .text.USBD_HID_Setup
                0x080092e4      0x21c cmake/stm32cubemx/CMakeFiles/USB_Device_Library.dir/__/__/Middlewares/ST/STM32_USB_Device_Library/Class/HID/Src/usbd_hid.c.obj
 .text.USBD_HID_SendReport
                0x08009500       0x4a cmake/stm32cubemx/CMakeFiles/USB_Device_Library.dir/__/__/Middlewares/ST/STM32_USB_Device_Library/Class/HID/Src/usbd_hid.c.obj
                0x08009500                USBD_HID_SendReport
 *fill*         0x0800954a        0x2 
 .text.USBD_HID_GetFSCfgDesc
                0x0800954c       0x1c cmake/stm32cubemx/CMakeFiles/USB_Device_Library.dir/__/__/Middlewares/ST/STM32_USB_Device_Library/Class/HID/Src/usbd_hid.c.obj
 .text.USBD_HID_GetHSCfgDesc
                0x08009568       0x1c cmake/stm32cubemx/CMakeFiles/USB_Device_Library.dir/__/__/Middlewares/ST/STM32_USB_Device_Library/Class/HID/Src/usbd_hid.c.obj
 .text.USBD_HID_GetOtherSpeedCfgDesc
                0x08009584       0x1c cmake/stm32cubemx/CMakeFiles/USB_Device_Library.dir/__/__/Middlewares/ST/STM32_USB_Device_Library/Class/HID/Src/usbd_hid.c.obj
 .text.USBD_HID_DataIn
                0x080095a0       0x24 cmake/stm32cubemx/CMakeFiles/USB_Device_Library.dir/__/__/Middlewares/ST/STM32_USB_Device_Library/Class/HID/Src/usbd_hid.c.obj
 .text.USBD_HID_GetDeviceQualifierDesc
                0x080095c4       0x1c cmake/stm32cubemx/CMakeFiles/USB_Device_Library.dir/__/__/Middlewares/ST/STM32_USB_Device_Library/Class/HID/Src/usbd_hid.c.obj
 .text.disk_status
                0x080095e0       0x44 cmake/stm32cubemx/CMakeFiles/FatFs.dir/__/__/Middlewares/Third_Party/FatFs/src/diskio.c.obj
                0x080095e0                disk_status
 .text.disk_initialize
                0x08009624       0x60 cmake/stm32cubemx/CMakeFiles/FatFs.dir/__/__/Middlewares/Third_Party/FatFs/src/diskio.c.obj
                0x08009624                disk_initialize
 .text.disk_read
                0x08009684       0x50 cmake/stm32cubemx/CMakeFiles/FatFs.dir/__/__/Middlewares/Third_Party/FatFs/src/diskio.c.obj
                0x08009684                disk_read
 .text.disk_write
                0x080096d4       0x50 cmake/stm32cubemx/CMakeFiles/FatFs.dir/__/__/Middlewares/Third_Party/FatFs/src/diskio.c.obj
                0x080096d4                disk_write
 .text.mem_cpy  0x08009724       0x3a cmake/stm32cubemx/CMakeFiles/FatFs.dir/__/__/Middlewares/Third_Party/FatFs/src/ff.c.obj
 .text.mem_set  0x0800975e       0x32 cmake/stm32cubemx/CMakeFiles/FatFs.dir/__/__/Middlewares/Third_Party/FatFs/src/ff.c.obj
 .text.mem_cmp  0x08009790       0x4a cmake/stm32cubemx/CMakeFiles/FatFs.dir/__/__/Middlewares/Third_Party/FatFs/src/ff.c.obj
 .text.chk_chr  0x080097da       0x32 cmake/stm32cubemx/CMakeFiles/FatFs.dir/__/__/Middlewares/Third_Party/FatFs/src/ff.c.obj
 .text.chk_lock
                0x0800980c       0xdc cmake/stm32cubemx/CMakeFiles/FatFs.dir/__/__/Middlewares/Third_Party/FatFs/src/ff.c.obj
 .text.enq_lock
                0x080098e8       0x40 cmake/stm32cubemx/CMakeFiles/FatFs.dir/__/__/Middlewares/Third_Party/FatFs/src/ff.c.obj
 .text.inc_lock
                0x08009928      0x170 cmake/stm32cubemx/CMakeFiles/FatFs.dir/__/__/Middlewares/Third_Party/FatFs/src/ff.c.obj
 .text.clear_lock
                0x08009a98       0x4c cmake/stm32cubemx/CMakeFiles/FatFs.dir/__/__/Middlewares/Third_Party/FatFs/src/ff.c.obj
 .text.sync_window
                0x08009ae4       0xb0 cmake/stm32cubemx/CMakeFiles/FatFs.dir/__/__/Middlewares/Third_Party/FatFs/src/ff.c.obj
 .text.move_window
                0x08009b94       0x78 cmake/stm32cubemx/CMakeFiles/FatFs.dir/__/__/Middlewares/Third_Party/FatFs/src/ff.c.obj
 .text.clust2sect
                0x08009c0c       0x48 cmake/stm32cubemx/CMakeFiles/FatFs.dir/__/__/Middlewares/Third_Party/FatFs/src/ff.c.obj
                0x08009c0c                clust2sect
 .text.get_fat  0x08009c54      0x184 cmake/stm32cubemx/CMakeFiles/FatFs.dir/__/__/Middlewares/Third_Party/FatFs/src/ff.c.obj
                0x08009c54                get_fat
 .text.put_fat  0x08009dd8      0x25c cmake/stm32cubemx/CMakeFiles/FatFs.dir/__/__/Middlewares/Third_Party/FatFs/src/ff.c.obj
                0x08009dd8                put_fat
 .text.remove_chain
                0x0800a034       0xe0 cmake/stm32cubemx/CMakeFiles/FatFs.dir/__/__/Middlewares/Third_Party/FatFs/src/ff.c.obj
 .text.create_chain
                0x0800a114      0x16c cmake/stm32cubemx/CMakeFiles/FatFs.dir/__/__/Middlewares/Third_Party/FatFs/src/ff.c.obj
 .text.clmt_clust
                0x0800a280       0x74 cmake/stm32cubemx/CMakeFiles/FatFs.dir/__/__/Middlewares/Third_Party/FatFs/src/ff.c.obj
 .text.dir_sdi  0x0800a2f4      0x160 cmake/stm32cubemx/CMakeFiles/FatFs.dir/__/__/Middlewares/Third_Party/FatFs/src/ff.c.obj
 .text.dir_next
                0x0800a454      0x234 cmake/stm32cubemx/CMakeFiles/FatFs.dir/__/__/Middlewares/Third_Party/FatFs/src/ff.c.obj
 .text.dir_alloc
                0x0800a688       0xba cmake/stm32cubemx/CMakeFiles/FatFs.dir/__/__/Middlewares/Third_Party/FatFs/src/ff.c.obj
 .text.ld_clust
                0x0800a742       0x5e cmake/stm32cubemx/CMakeFiles/FatFs.dir/__/__/Middlewares/Third_Party/FatFs/src/ff.c.obj
 .text.st_clust
                0x0800a7a0       0x4a cmake/stm32cubemx/CMakeFiles/FatFs.dir/__/__/Middlewares/Third_Party/FatFs/src/ff.c.obj
 .text.dir_find
                0x0800a7ea       0xc8 cmake/stm32cubemx/CMakeFiles/FatFs.dir/__/__/Middlewares/Third_Party/FatFs/src/ff.c.obj
 .text.dir_register
                0x0800a8b2       0x92 cmake/stm32cubemx/CMakeFiles/FatFs.dir/__/__/Middlewares/Third_Party/FatFs/src/ff.c.obj
 .text.create_name
                0x0800a944      0x1f0 cmake/stm32cubemx/CMakeFiles/FatFs.dir/__/__/Middlewares/Third_Party/FatFs/src/ff.c.obj
 .text.follow_path
                0x0800ab34      0x110 cmake/stm32cubemx/CMakeFiles/FatFs.dir/__/__/Middlewares/Third_Party/FatFs/src/ff.c.obj
 .text.get_ldnumber
                0x0800ac44       0x84 cmake/stm32cubemx/CMakeFiles/FatFs.dir/__/__/Middlewares/Third_Party/FatFs/src/ff.c.obj
 .text.check_fs
                0x0800acc8       0xe0 cmake/stm32cubemx/CMakeFiles/FatFs.dir/__/__/Middlewares/Third_Party/FatFs/src/ff.c.obj
 .text.find_volume
                0x0800ada8      0x648 cmake/stm32cubemx/CMakeFiles/FatFs.dir/__/__/Middlewares/Third_Party/FatFs/src/ff.c.obj
 .text.validate
                0x0800b3f0       0x7c cmake/stm32cubemx/CMakeFiles/FatFs.dir/__/__/Middlewares/Third_Party/FatFs/src/ff.c.obj
 .text.f_mount  0x0800b46c       0xa0 cmake/stm32cubemx/CMakeFiles/FatFs.dir/__/__/Middlewares/Third_Party/FatFs/src/ff.c.obj
                0x0800b46c                f_mount
 .text.f_open   0x0800b50c      0x51c cmake/stm32cubemx/CMakeFiles/FatFs.dir/__/__/Middlewares/Third_Party/FatFs/src/ff.c.obj
                0x0800b50c                f_open
 .text.f_read   0x0800ba28      0x348 cmake/stm32cubemx/CMakeFiles/FatFs.dir/__/__/Middlewares/Third_Party/FatFs/src/ff.c.obj
                0x0800ba28                f_read
 .text.f_lseek  0x0800bd70      0x558 cmake/stm32cubemx/CMakeFiles/FatFs.dir/__/__/Middlewares/Third_Party/FatFs/src/ff.c.obj
                0x0800bd70                f_lseek
 .text.FATFS_LinkDriverEx
                0x0800c2c8       0xa8 cmake/stm32cubemx/CMakeFiles/FatFs.dir/__/__/Middlewares/Third_Party/FatFs/src/ff_gen_drv.c.obj
                0x0800c2c8                FATFS_LinkDriverEx
 .text.FATFS_LinkDriver
                0x0800c370       0x20 cmake/stm32cubemx/CMakeFiles/FatFs.dir/__/__/Middlewares/Third_Party/FatFs/src/ff_gen_drv.c.obj
                0x0800c370                FATFS_LinkDriver
 .text.HAL_PCD_MspInit
                0x0800c390       0x50 CMakeFiles/latest_build.dir/USB_DEVICE/Target/usbd_conf.c.obj
                0x0800c390                HAL_PCD_MspInit
 .text.HAL_PCD_SetupStageCallback
                0x0800c3e0       0x2a CMakeFiles/latest_build.dir/USB_DEVICE/Target/usbd_conf.c.obj
                0x0800c3e0                HAL_PCD_SetupStageCallback
 .text.HAL_PCD_DataOutStageCallback
                0x0800c40a       0x42 CMakeFiles/latest_build.dir/USB_DEVICE/Target/usbd_conf.c.obj
                0x0800c40a                HAL_PCD_DataOutStageCallback
 .text.HAL_PCD_DataInStageCallback
                0x0800c44c       0x3c CMakeFiles/latest_build.dir/USB_DEVICE/Target/usbd_conf.c.obj
                0x0800c44c                HAL_PCD_DataInStageCallback
 .text.HAL_PCD_SOFCallback
                0x0800c488       0x1e CMakeFiles/latest_build.dir/USB_DEVICE/Target/usbd_conf.c.obj
                0x0800c488                HAL_PCD_SOFCallback
 .text.HAL_PCD_ResetCallback
                0x0800c4a6       0x4a CMakeFiles/latest_build.dir/USB_DEVICE/Target/usbd_conf.c.obj
                0x0800c4a6                HAL_PCD_ResetCallback
 .text.HAL_PCD_SuspendCallback
                0x0800c4f0       0x38 CMakeFiles/latest_build.dir/USB_DEVICE/Target/usbd_conf.c.obj
                0x0800c4f0                HAL_PCD_SuspendCallback
 .text.HAL_PCD_ResumeCallback
                0x0800c528       0x3c CMakeFiles/latest_build.dir/USB_DEVICE/Target/usbd_conf.c.obj
                0x0800c528                HAL_PCD_ResumeCallback
 .text.USBD_LL_Init
                0x0800c564       0xa4 CMakeFiles/latest_build.dir/USB_DEVICE/Target/usbd_conf.c.obj
                0x0800c564                USBD_LL_Init
 .text.USBD_LL_Start
                0x0800c608       0x4a CMakeFiles/latest_build.dir/USB_DEVICE/Target/usbd_conf.c.obj
                0x0800c608                USBD_LL_Start
 .text.USBD_LL_OpenEP
                0x0800c652       0x6e CMakeFiles/latest_build.dir/USB_DEVICE/Target/usbd_conf.c.obj
                0x0800c652                USBD_LL_OpenEP
 .text.USBD_LL_CloseEP
                0x0800c6c0       0x56 CMakeFiles/latest_build.dir/USB_DEVICE/Target/usbd_conf.c.obj
                0x0800c6c0                USBD_LL_CloseEP
 .text.USBD_LL_StallEP
                0x0800c716       0x56 CMakeFiles/latest_build.dir/USB_DEVICE/Target/usbd_conf.c.obj
                0x0800c716                USBD_LL_StallEP
 .text.USBD_LL_ClearStallEP
                0x0800c76c       0x56 CMakeFiles/latest_build.dir/USB_DEVICE/Target/usbd_conf.c.obj
                0x0800c76c                USBD_LL_ClearStallEP
 .text.USBD_LL_IsStallEP
                0x0800c7c2       0x60 CMakeFiles/latest_build.dir/USB_DEVICE/Target/usbd_conf.c.obj
                0x0800c7c2                USBD_LL_IsStallEP
 .text.USBD_LL_SetUSBAddress
                0x0800c822       0x56 CMakeFiles/latest_build.dir/USB_DEVICE/Target/usbd_conf.c.obj
                0x0800c822                USBD_LL_SetUSBAddress
 .text.USBD_LL_Transmit
                0x0800c878       0x6e CMakeFiles/latest_build.dir/USB_DEVICE/Target/usbd_conf.c.obj
                0x0800c878                USBD_LL_Transmit
 .text.USBD_LL_PrepareReceive
                0x0800c8e6       0x6e CMakeFiles/latest_build.dir/USB_DEVICE/Target/usbd_conf.c.obj
                0x0800c8e6                USBD_LL_PrepareReceive
 .text.USBD_static_malloc
                0x0800c954       0x18 CMakeFiles/latest_build.dir/USB_DEVICE/Target/usbd_conf.c.obj
                0x0800c954                USBD_static_malloc
 .text.USBD_static_free
                0x0800c96c       0x10 CMakeFiles/latest_build.dir/USB_DEVICE/Target/usbd_conf.c.obj
                0x0800c96c                USBD_static_free
 .text.SystemClockConfig_Resume
                0x0800c97c        0xe CMakeFiles/latest_build.dir/USB_DEVICE/Target/usbd_conf.c.obj
 .text.USBD_Get_USB_Status
                0x0800c98a       0x6e CMakeFiles/latest_build.dir/USB_DEVICE/Target/usbd_conf.c.obj
 .text.MX_USB_DEVICE_Init
                0x0800c9f8       0x54 CMakeFiles/latest_build.dir/USB_DEVICE/App/usb_device.c.obj
                0x0800c9f8                MX_USB_DEVICE_Init
 .text.USBD_FS_DeviceDescriptor
                0x0800ca4c       0x24 CMakeFiles/latest_build.dir/USB_DEVICE/App/usbd_desc.c.obj
                0x0800ca4c                USBD_FS_DeviceDescriptor
 .text.USBD_FS_LangIDStrDescriptor
                0x0800ca70       0x24 CMakeFiles/latest_build.dir/USB_DEVICE/App/usbd_desc.c.obj
                0x0800ca70                USBD_FS_LangIDStrDescriptor
 .text.USBD_FS_ProductStrDescriptor
                0x0800ca94       0x44 CMakeFiles/latest_build.dir/USB_DEVICE/App/usbd_desc.c.obj
                0x0800ca94                USBD_FS_ProductStrDescriptor
 .text.USBD_FS_ManufacturerStrDescriptor
                0x0800cad8       0x2c CMakeFiles/latest_build.dir/USB_DEVICE/App/usbd_desc.c.obj
                0x0800cad8                USBD_FS_ManufacturerStrDescriptor
 .text.USBD_FS_SerialStrDescriptor
                0x0800cb04       0x28 CMakeFiles/latest_build.dir/USB_DEVICE/App/usbd_desc.c.obj
                0x0800cb04                USBD_FS_SerialStrDescriptor
 .text.USBD_FS_ConfigStrDescriptor
                0x0800cb2c       0x44 CMakeFiles/latest_build.dir/USB_DEVICE/App/usbd_desc.c.obj
                0x0800cb2c                USBD_FS_ConfigStrDescriptor
 .text.USBD_FS_InterfaceStrDescriptor
                0x0800cb70       0x44 CMakeFiles/latest_build.dir/USB_DEVICE/App/usbd_desc.c.obj
                0x0800cb70                USBD_FS_InterfaceStrDescriptor
 .text.Get_SerialNum
                0x0800cbb4       0x5c CMakeFiles/latest_build.dir/USB_DEVICE/App/usbd_desc.c.obj
 .text.IntToUnicode
                0x0800cc10       0x96 CMakeFiles/latest_build.dir/USB_DEVICE/App/usbd_desc.c.obj
 .text.USER_initialize
                0x0800cca6       0x20 CMakeFiles/latest_build.dir/FATFS/Target/user_diskio.c.obj
                0x0800cca6                USER_initialize
 .text.USER_status
                0x0800ccc6       0x20 CMakeFiles/latest_build.dir/FATFS/Target/user_diskio.c.obj
                0x0800ccc6                USER_status
 .text.USER_read
                0x0800cce6       0x2e CMakeFiles/latest_build.dir/FATFS/Target/user_diskio.c.obj
                0x0800cce6                USER_read
 .text.USER_write
                0x0800cd14       0x2e CMakeFiles/latest_build.dir/FATFS/Target/user_diskio.c.obj
                0x0800cd14                USER_write
 .text.USER_ioctl
                0x0800cd42       0x2e CMakeFiles/latest_build.dir/FATFS/Target/user_diskio.c.obj
                0x0800cd42                USER_ioctl
 .text.MX_FATFS_Init
                0x0800cd70       0x2c CMakeFiles/latest_build.dir/FATFS/App/fatfs.c.obj
                0x0800cd70                MX_FATFS_Init
 .text.get_fattime
                0x0800cd9c        0xc CMakeFiles/latest_build.dir/FATFS/App/fatfs.c.obj
                0x0800cd9c                get_fattime
 .text.MX_GPIO_Init
                0x0800cda8      0x1ec CMakeFiles/latest_build.dir/Core/Src/gpio.c.obj
                0x0800cda8                MX_GPIO_Init
 .text.MX_DAC_Init
                0x0800cf94       0x60 CMakeFiles/latest_build.dir/Core/Src/dac.c.obj
                0x0800cf94                MX_DAC_Init
 .text.HAL_DAC_MspInit
                0x0800cff4       0xf8 CMakeFiles/latest_build.dir/Core/Src/dac.c.obj
                0x0800cff4                HAL_DAC_MspInit
 .text.MX_DMA_Init
                0x0800d0ec       0x3c CMakeFiles/latest_build.dir/Core/Src/dma.c.obj
                0x0800d0ec                MX_DMA_Init
 .text.MX_SPI1_Init
                0x0800d128       0x80 CMakeFiles/latest_build.dir/Core/Src/spi.c.obj
                0x0800d128                MX_SPI1_Init
 .text.HAL_SPI_MspInit
                0x0800d1a8       0x98 CMakeFiles/latest_build.dir/Core/Src/spi.c.obj
                0x0800d1a8                HAL_SPI_MspInit
 .text.MX_LED_TIM_Init
                0x0800d240       0x80 CMakeFiles/latest_build.dir/Core/Src/tim.c.obj
                0x0800d240                MX_LED_TIM_Init
 .text.MX_WAV_SAMPLE_RATE_TIM_Init
                0x0800d2c0       0x8c CMakeFiles/latest_build.dir/Core/Src/tim.c.obj
                0x0800d2c0                MX_WAV_SAMPLE_RATE_TIM_Init
 .text.HAL_TIM_Base_MspInit
                0x0800d34c       0x80 CMakeFiles/latest_build.dir/Core/Src/tim.c.obj
                0x0800d34c                HAL_TIM_Base_MspInit
 .text.SELECT   0x0800d3cc       0x1c CMakeFiles/latest_build.dir/Core/Src/FATFS_SD.c.obj
 .text.DESELECT
                0x0800d3e8       0x1c CMakeFiles/latest_build.dir/Core/Src/FATFS_SD.c.obj
 .text.SPI_TxByte
                0x0800d404       0x34 CMakeFiles/latest_build.dir/Core/Src/FATFS_SD.c.obj
 .text.SPI_TxBuffer
                0x0800d438       0x38 CMakeFiles/latest_build.dir/Core/Src/FATFS_SD.c.obj
 .text.SPI_RxByte
                0x0800d470       0x3c CMakeFiles/latest_build.dir/Core/Src/FATFS_SD.c.obj
 .text.SPI_RxBytePtr
                0x0800d4ac       0x1c CMakeFiles/latest_build.dir/Core/Src/FATFS_SD.c.obj
 .text.SD_ReadyWait
                0x0800d4c8       0x38 CMakeFiles/latest_build.dir/Core/Src/FATFS_SD.c.obj
 .text.SD_PowerOn
                0x0800d500       0x90 CMakeFiles/latest_build.dir/Core/Src/FATFS_SD.c.obj
 .text.SD_PowerOff
                0x0800d590       0x14 CMakeFiles/latest_build.dir/Core/Src/FATFS_SD.c.obj
 .text.SD_CheckPower
                0x0800d5a4       0x14 CMakeFiles/latest_build.dir/Core/Src/FATFS_SD.c.obj
 .text.SD_RxDataBlock
                0x0800d5b8       0x6c CMakeFiles/latest_build.dir/Core/Src/FATFS_SD.c.obj
 .text.SD_TxDataBlock
                0x0800d624       0xa6 CMakeFiles/latest_build.dir/Core/Src/FATFS_SD.c.obj
 .text.SD_SendCmd
                0x0800d6ca       0xd8 CMakeFiles/latest_build.dir/Core/Src/FATFS_SD.c.obj
 *fill*         0x0800d7a2        0x2 
 .text.SD_disk_initialize
                0x0800d7a4      0x214 CMakeFiles/latest_build.dir/Core/Src/FATFS_SD.c.obj
                0x0800d7a4                SD_disk_initialize
 .text.SD_disk_status
                0x0800d9b8       0x2c CMakeFiles/latest_build.dir/Core/Src/FATFS_SD.c.obj
                0x0800d9b8                SD_disk_status
 .text.SD_disk_read
                0x0800d9e4       0xe0 CMakeFiles/latest_build.dir/Core/Src/FATFS_SD.c.obj
                0x0800d9e4                SD_disk_read
 .text.SD_disk_write
                0x0800dac4      0x110 CMakeFiles/latest_build.dir/Core/Src/FATFS_SD.c.obj
                0x0800dac4                SD_disk_write
 .text.SD_disk_ioctl
                0x0800dbd4      0x268 CMakeFiles/latest_build.dir/Core/Src/FATFS_SD.c.obj
                0x0800dbd4                SD_disk_ioctl
 .text.__NVIC_SystemReset
                0x0800de3c       0x24 CMakeFiles/latest_build.dir/Core/Src/main.c.obj
 .text.main     0x0800de60      0x954 CMakeFiles/latest_build.dir/Core/Src/main.c.obj
                0x0800de60                main
 .text.SystemClock_Config
                0x0800e7b4       0xc6 CMakeFiles/latest_build.dir/Core/Src/main.c.obj
                0x0800e7b4                SystemClock_Config
 *fill*         0x0800e87a        0x2 
 .text.Error_Handler
                0x0800e87c      0x104 CMakeFiles/latest_build.dir/Core/Src/main.c.obj
                0x0800e87c                Error_Handler
 .text.assert_failed
                0x0800e980       0x12 CMakeFiles/latest_build.dir/Core/Src/main.c.obj
                0x0800e980                assert_failed
 *fill*         0x0800e992        0x2 
 .text.scan_sweep_key_matrix
                0x0800e994      0x254 CMakeFiles/latest_build.dir/Core/Src/key_scan.c.obj
 .text.check_keypad_controls
                0x0800ebe8       0x84 CMakeFiles/latest_build.dir/Core/Src/key_scan.c.obj
                0x0800ebe8                check_keypad_controls
 .text.populate_HID_keycode_report
                0x0800ec6c      0x188 CMakeFiles/latest_build.dir/Core/Src/key_scan.c.obj
                0x0800ec6c                populate_HID_keycode_report
 .text.populat_HID_fast_media_controls_report
                0x0800edf4       0x9c CMakeFiles/latest_build.dir/Core/Src/key_scan.c.obj
                0x0800edf4                populat_HID_fast_media_controls_report
 .text.populat_HID_slow_media_controls_report
                0x0800ee90      0x126 CMakeFiles/latest_build.dir/Core/Src/key_scan.c.obj
                0x0800ee90                populat_HID_slow_media_controls_report
 *fill*         0x0800efb6        0x2 
 .text.ENC_EDGE_IT_Handler
                0x0800efb8      0x1c8 CMakeFiles/latest_build.dir/Core/Src/pc_cotrl_int.c.obj
                0x0800efb8                ENC_EDGE_IT_Handler
 .text.PUSH_BTN_IT_Handler
                0x0800f180       0xfc CMakeFiles/latest_build.dir/Core/Src/pc_cotrl_int.c.obj
                0x0800f180                PUSH_BTN_IT_Handler
 .text.__NVIC_SystemReset
                0x0800f27c       0x24 CMakeFiles/latest_build.dir/Core/Src/stm32f0xx_it.c.obj
 .text.NMI_Handler
                0x0800f2a0        0x8 CMakeFiles/latest_build.dir/Core/Src/stm32f0xx_it.c.obj
                0x0800f2a0                NMI_Handler
 .text.HardFault_Handler
                0x0800f2a8        0x8 CMakeFiles/latest_build.dir/Core/Src/stm32f0xx_it.c.obj
                0x0800f2a8                HardFault_Handler
 .text.SVC_Handler
                0x0800f2b0        0xa CMakeFiles/latest_build.dir/Core/Src/stm32f0xx_it.c.obj
                0x0800f2b0                SVC_Handler
 .text.PendSV_Handler
                0x0800f2ba        0xa CMakeFiles/latest_build.dir/Core/Src/stm32f0xx_it.c.obj
                0x0800f2ba                PendSV_Handler
 .text.SysTick_Handler
                0x0800f2c4       0x40 CMakeFiles/latest_build.dir/Core/Src/stm32f0xx_it.c.obj
                0x0800f2c4                SysTick_Handler
 .text.DMA1_Channel2_3_IRQHandler
                0x0800f304       0x18 CMakeFiles/latest_build.dir/Core/Src/stm32f0xx_it.c.obj
                0x0800f304                DMA1_Channel2_3_IRQHandler
 .text.TIM6_DAC_IRQHandler
                0x0800f31c       0xa0 CMakeFiles/latest_build.dir/Core/Src/stm32f0xx_it.c.obj
                0x0800f31c                TIM6_DAC_IRQHandler
 .text.TIM7_IRQHandler
                0x0800f3bc       0x28 CMakeFiles/latest_build.dir/Core/Src/stm32f0xx_it.c.obj
                0x0800f3bc                TIM7_IRQHandler
 .text.EXTI4_15_IRQHandler
                0x0800f3e4       0x34 CMakeFiles/latest_build.dir/Core/Src/stm32f0xx_it.c.obj
                0x0800f3e4                EXTI4_15_IRQHandler
 .text.EXTI2_3_IRQHandler
                0x0800f418       0x1c CMakeFiles/latest_build.dir/Core/Src/stm32f0xx_it.c.obj
                0x0800f418                EXTI2_3_IRQHandler
 .text.USB_IRQHandler
                0x0800f434       0x18 CMakeFiles/latest_build.dir/Core/Src/stm32f0xx_it.c.obj
                0x0800f434                USB_IRQHandler
 .text.HAL_MspInit
                0x0800f44c       0x64 CMakeFiles/latest_build.dir/Core/Src/stm32f0xx_hal_msp.c.obj
                0x0800f44c                HAL_MspInit
 .text.Reset_Handler
                0x0800f4b0       0x50 CMakeFiles/latest_build.dir/startup_stm32f072xb.s.obj
                0x0800f4b0                Reset_Handler
 .text.Default_Handler
                0x0800f500        0x2 CMakeFiles/latest_build.dir/startup_stm32f072xb.s.obj
                0x0800f500                TIM1_BRK_UP_TRG_COM_IRQHandler
                0x0800f500                TSC_IRQHandler
                0x0800f500                ADC1_COMP_IRQHandler
                0x0800f500                I2C1_IRQHandler
                0x0800f500                RCC_CRS_IRQHandler
                0x0800f500                SPI1_IRQHandler
                0x0800f500                USART3_4_IRQHandler
                0x0800f500                I2C2_IRQHandler
                0x0800f500                TIM17_IRQHandler
                0x0800f500                CEC_CAN_IRQHandler
                0x0800f500                RTC_IRQHandler
                0x0800f500                PVD_VDDIO2_IRQHandler
                0x0800f500                DMA1_Channel4_5_6_7_IRQHandler
                0x0800f500                TIM16_IRQHandler
                0x0800f500                TIM3_IRQHandler
                0x0800f500                DMA1_Channel1_IRQHandler
                0x0800f500                Default_Handler
                0x0800f500                TIM14_IRQHandler
                0x0800f500                TIM15_IRQHandler
                0x0800f500                EXTI0_1_IRQHandler
                0x0800f500                SPI2_IRQHandler
                0x0800f500                WWDG_IRQHandler
                0x0800f500                TIM2_IRQHandler
                0x0800f500                USART2_IRQHandler
                0x0800f500                FLASH_IRQHandler
                0x0800f500                USART1_IRQHandler
                0x0800f500                TIM1_CC_IRQHandler
 .text.memset   0x0800f502       0x10 /Applications/ArmGNUToolchain/14.2.rel1/arm-none-eabi/bin/../lib/gcc/arm-none-eabi/14.2.1/../../../../arm-none-eabi/lib/thumb/v6-m/nofp/libg_nano.a(libc_a-memset.o)
                0x0800f502                memset
 *fill*         0x0800f512        0x2 
 .text.__libc_init_array
                0x0800f514       0x48 /Applications/ArmGNUToolchain/14.2.rel1/arm-none-eabi/bin/../lib/gcc/arm-none-eabi/14.2.1/../../../../arm-none-eabi/lib/thumb/v6-m/nofp/libg_nano.a(libc_a-init.o)
                0x0800f514                __libc_init_array
 *(.glue_7)
 .glue_7        0x0800f55c        0x0 linker stubs
 *(.glue_7t)
 .glue_7t       0x0800f55c        0x0 linker stubs
 *(.eh_frame)
 .eh_frame      0x0800f55c        0x0 /Applications/ArmGNUToolchain/14.2.rel1/arm-none-eabi/bin/../lib/gcc/arm-none-eabi/14.2.1/thumb/v6-m/nofp/crtbegin.o
 *(.init)
 .init          0x0800f55c        0x4 /Applications/ArmGNUToolchain/14.2.rel1/arm-none-eabi/bin/../lib/gcc/arm-none-eabi/14.2.1/thumb/v6-m/nofp/crti.o
                0x0800f55c                _init
 .init          0x0800f560        0x8 /Applications/ArmGNUToolchain/14.2.rel1/arm-none-eabi/bin/../lib/gcc/arm-none-eabi/14.2.1/thumb/v6-m/nofp/crtn.o
 *(.fini)
 .fini          0x0800f568        0x4 /Applications/ArmGNUToolchain/14.2.rel1/arm-none-eabi/bin/../lib/gcc/arm-none-eabi/14.2.1/thumb/v6-m/nofp/crti.o
                0x0800f568                _fini
 .fini          0x0800f56c        0x8 /Applications/ArmGNUToolchain/14.2.rel1/arm-none-eabi/bin/../lib/gcc/arm-none-eabi/14.2.1/thumb/v6-m/nofp/crtn.o
                0x0800f574                        . = ALIGN (0x4)
                0x0800f574                        _etext = .

.vfp11_veneer   0x0800f574        0x0
 .vfp11_veneer  0x0800f574        0x0 linker stubs

.v4_bx          0x0800f574        0x0
 .v4_bx         0x0800f574        0x0 linker stubs

.iplt           0x0800f574        0x0
 .iplt          0x0800f574        0x0 /Applications/ArmGNUToolchain/14.2.rel1/arm-none-eabi/bin/../lib/gcc/arm-none-eabi/14.2.1/thumb/v6-m/nofp/crtbegin.o

.rodata         0x0800f574      0x788
                0x0800f574                        . = ALIGN (0x4)
 *(.rodata)
 .rodata        0x0800f574       0x8c cmake/stm32cubemx/CMakeFiles/STM32_Drivers.dir/__/__/Drivers/STM32F0xx_HAL_Driver/Src/stm32f0xx_hal_pcd.c.obj
 .rodata        0x0800f600       0x8c cmake/stm32cubemx/CMakeFiles/STM32_Drivers.dir/__/__/Drivers/STM32F0xx_HAL_Driver/Src/stm32f0xx_hal_rcc.c.obj
 .rodata        0x0800f68c       0x8f cmake/stm32cubemx/CMakeFiles/STM32_Drivers.dir/__/__/Drivers/STM32F0xx_HAL_Driver/Src/stm32f0xx_hal_rcc_ex.c.obj
 *fill*         0x0800f71b        0x1 
 .rodata        0x0800f71c       0x8d cmake/stm32cubemx/CMakeFiles/STM32_Drivers.dir/__/__/Drivers/STM32F0xx_HAL_Driver/Src/stm32f0xx_hal_gpio.c.obj
 *fill*         0x0800f7a9        0x3 
 .rodata        0x0800f7ac       0x8c cmake/stm32cubemx/CMakeFiles/STM32_Drivers.dir/__/__/Drivers/STM32F0xx_HAL_Driver/Src/stm32f0xx_hal_dma.c.obj
 .rodata        0x0800f838       0x8f cmake/stm32cubemx/CMakeFiles/STM32_Drivers.dir/__/__/Drivers/STM32F0xx_HAL_Driver/Src/stm32f0xx_hal_cortex.c.obj
 *fill*         0x0800f8c7        0x1 
 .rodata        0x0800f8c8       0x8c cmake/stm32cubemx/CMakeFiles/STM32_Drivers.dir/__/__/Drivers/STM32F0xx_HAL_Driver/Src/stm32f0xx_hal_dac.c.obj
 .rodata        0x0800f954       0x8f cmake/stm32cubemx/CMakeFiles/STM32_Drivers.dir/__/__/Drivers/STM32F0xx_HAL_Driver/Src/stm32f0xx_hal_dac_ex.c.obj
 *fill*         0x0800f9e3        0x1 
 .rodata        0x0800f9e4       0x8c cmake/stm32cubemx/CMakeFiles/STM32_Drivers.dir/__/__/Drivers/STM32F0xx_HAL_Driver/Src/stm32f0xx_hal_spi.c.obj
 .rodata        0x0800fa70       0x8c cmake/stm32cubemx/CMakeFiles/STM32_Drivers.dir/__/__/Drivers/STM32F0xx_HAL_Driver/Src/stm32f0xx_hal_tim.c.obj
 .rodata        0x0800fafc       0x8f cmake/stm32cubemx/CMakeFiles/STM32_Drivers.dir/__/__/Drivers/STM32F0xx_HAL_Driver/Src/stm32f0xx_hal_tim_ex.c.obj
 *fill*         0x0800fb8b        0x1 
 .rodata        0x0800fb8c       0x44 cmake/stm32cubemx/CMakeFiles/FatFs.dir/__/__/Middlewares/Third_Party/FatFs/src/ff.c.obj
 .rodata        0x0800fbd0       0x2e CMakeFiles/latest_build.dir/USB_DEVICE/App/usbd_desc.c.obj
 *fill*         0x0800fbfe        0x2 
 .rodata        0x0800fc00        0x1 CMakeFiles/latest_build.dir/Core/Src/main.c.obj
 *(.rodata*)
 *fill*         0x0800fc01        0x3 
 .rodata.AHBPrescTable
                0x0800fc04       0x10 cmake/stm32cubemx/CMakeFiles/STM32_Drivers.dir/__/__/Core/Src/system_stm32f0xx.c.obj
                0x0800fc04                AHBPrescTable
 .rodata.aPLLMULFactorTable.1
                0x0800fc14       0x10 cmake/stm32cubemx/CMakeFiles/STM32_Drivers.dir/__/__/Drivers/STM32F0xx_HAL_Driver/Src/stm32f0xx_hal_rcc.c.obj
 .rodata.aPredivFactorTable.0
                0x0800fc24       0x10 cmake/stm32cubemx/CMakeFiles/STM32_Drivers.dir/__/__/Drivers/STM32F0xx_HAL_Driver/Src/stm32f0xx_hal_rcc.c.obj
 .rodata.USBD_StdDevReq
                0x0800fc34       0x28 cmake/stm32cubemx/CMakeFiles/USB_Device_Library.dir/__/__/Middlewares/ST/STM32_USB_Device_Library/Core/Src/usbd_ctlreq.c.obj
 .rodata.USBD_GetDescriptor
                0x0800fc5c       0x38 cmake/stm32cubemx/CMakeFiles/USB_Device_Library.dir/__/__/Middlewares/ST/STM32_USB_Device_Library/Core/Src/usbd_ctlreq.c.obj
 .rodata.SD_disk_ioctl
                0x0800fc94       0x38 CMakeFiles/latest_build.dir/Core/Src/FATFS_SD.c.obj
 .rodata.audiofile_path
                0x0800fccc        0xa CMakeFiles/latest_build.dir/Core/Src/main.c.obj
                0x0800fccc                audiofile_path
 *fill*         0x0800fcd6        0x2 
 .rodata.keycode_array
                0x0800fcd8       0x23 CMakeFiles/latest_build.dir/Core/Src/key_scan.c.obj
                0x0800fcd8                keycode_array
                0x0800fcfc                        . = ALIGN (0x4)
 *fill*         0x0800fcfb        0x1 

.ARM.extab      0x0800fcfc        0x0
                0x0800fcfc                        . = ALIGN (0x4)
 *(.ARM.extab* .gnu.linkonce.armextab.*)
                0x0800fcfc                        . = ALIGN (0x4)

.ARM            0x0800fcfc        0x0
                0x0800fcfc                        . = ALIGN (0x4)
                0x0800fcfc                        __exidx_start = .
 *(.ARM.exidx*)
                0x0800fcfc                        __exidx_end = .
                0x0800fcfc                        . = ALIGN (0x4)

.preinit_array  0x0800fcfc        0x0
                0x0800fcfc                        . = ALIGN (0x4)
                0x0800fcfc                        PROVIDE (__preinit_array_start = .)
 *(.preinit_array*)
                0x0800fcfc                        PROVIDE (__preinit_array_end = .)
                0x0800fcfc                        . = ALIGN (0x4)

.init_array     0x0800fcfc        0x4
                0x0800fcfc                        . = ALIGN (0x4)
                0x0800fcfc                        PROVIDE (__init_array_start = .)
 *(SORT_BY_NAME(.init_array.*))
 *(.init_array*)
 .init_array    0x0800fcfc        0x4 /Applications/ArmGNUToolchain/14.2.rel1/arm-none-eabi/bin/../lib/gcc/arm-none-eabi/14.2.1/thumb/v6-m/nofp/crtbegin.o
                0x0800fd00                        PROVIDE (__init_array_end = .)
                0x0800fd00                        . = ALIGN (0x4)

.fini_array     0x0800fd00        0x4
                0x0800fd00                        . = ALIGN (0x4)
                [!provide]                        PROVIDE (__fini_array_start = .)
 *(SORT_BY_NAME(.fini_array.*))
 *(.fini_array*)
 .fini_array    0x0800fd00        0x4 /Applications/ArmGNUToolchain/14.2.rel1/arm-none-eabi/bin/../lib/gcc/arm-none-eabi/14.2.1/thumb/v6-m/nofp/crtbegin.o
                [!provide]                        PROVIDE (__fini_array_end = .)
                0x0800fd04                        . = ALIGN (0x4)
                0x0800fd04                        _sidata = LOADADDR (.data)

.rel.dyn        0x0800fd04        0x0
 .rel.iplt      0x0800fd04        0x0 /Applications/ArmGNUToolchain/14.2.rel1/arm-none-eabi/bin/../lib/gcc/arm-none-eabi/14.2.1/thumb/v6-m/nofp/crtbegin.o

.data           0x20000000      0x1b0 load address 0x0800fd04
                0x20000000                        . = ALIGN (0x4)
                0x20000000                        _sdata = .
 *(.data)
 *(.data*)
 .data.SystemCoreClock
                0x20000000        0x4 cmake/stm32cubemx/CMakeFiles/STM32_Drivers.dir/__/__/Core/Src/system_stm32f0xx.c.obj
                0x20000000                SystemCoreClock
 .data.uwTickPrio
                0x20000004        0x4 cmake/stm32cubemx/CMakeFiles/STM32_Drivers.dir/__/__/Drivers/STM32F0xx_HAL_Driver/Src/stm32f0xx_hal.c.obj
                0x20000004                uwTickPrio
 .data.uwTickFreq
                0x20000008        0x1 cmake/stm32cubemx/CMakeFiles/STM32_Drivers.dir/__/__/Drivers/STM32F0xx_HAL_Driver/Src/stm32f0xx_hal.c.obj
                0x20000008                uwTickFreq
 *fill*         0x20000009        0x3 
 .data.USBD_HID
                0x2000000c       0x38 cmake/stm32cubemx/CMakeFiles/USB_Device_Library.dir/__/__/Middlewares/ST/STM32_USB_Device_Library/Class/HID/Src/usbd_hid.c.obj
                0x2000000c                USBD_HID
 .data.USBD_HID_CfgFSDesc
                0x20000044       0x22 cmake/stm32cubemx/CMakeFiles/USB_Device_Library.dir/__/__/Middlewares/ST/STM32_USB_Device_Library/Class/HID/Src/usbd_hid.c.obj
 *fill*         0x20000066        0x2 
 .data.USBD_HID_CfgHSDesc
                0x20000068       0x22 cmake/stm32cubemx/CMakeFiles/USB_Device_Library.dir/__/__/Middlewares/ST/STM32_USB_Device_Library/Class/HID/Src/usbd_hid.c.obj
 *fill*         0x2000008a        0x2 
 .data.USBD_HID_OtherSpeedCfgDesc
                0x2000008c       0x22 cmake/stm32cubemx/CMakeFiles/USB_Device_Library.dir/__/__/Middlewares/ST/STM32_USB_Device_Library/Class/HID/Src/usbd_hid.c.obj
 *fill*         0x200000ae        0x2 
 .data.USBD_HID_Desc
                0x200000b0        0x9 cmake/stm32cubemx/CMakeFiles/USB_Device_Library.dir/__/__/Middlewares/ST/STM32_USB_Device_Library/Class/HID/Src/usbd_hid.c.obj
 *fill*         0x200000b9        0x3 
 .data.USBD_HID_DeviceQualifierDesc
                0x200000bc        0xa cmake/stm32cubemx/CMakeFiles/USB_Device_Library.dir/__/__/Middlewares/ST/STM32_USB_Device_Library/Class/HID/Src/usbd_hid.c.obj
 *fill*         0x200000c6        0x2 
 .data.HID_MOUSE_ReportDesc
                0x200000c8       0x72 cmake/stm32cubemx/CMakeFiles/USB_Device_Library.dir/__/__/Middlewares/ST/STM32_USB_Device_Library/Class/HID/Src/usbd_hid.c.obj
 *fill*         0x2000013a        0x2 
 .data.FS_Desc  0x2000013c       0x1c CMakeFiles/latest_build.dir/USB_DEVICE/App/usbd_desc.c.obj
                0x2000013c                FS_Desc
 .data.USBD_FS_DeviceDesc
                0x20000158       0x12 CMakeFiles/latest_build.dir/USB_DEVICE/App/usbd_desc.c.obj
                0x20000158                USBD_FS_DeviceDesc
 *fill*         0x2000016a        0x2 
 .data.USBD_LangIDDesc
                0x2000016c        0x4 CMakeFiles/latest_build.dir/USB_DEVICE/App/usbd_desc.c.obj
                0x2000016c                USBD_LangIDDesc
 .data.USBD_StringSerial
                0x20000170       0x1a CMakeFiles/latest_build.dir/USB_DEVICE/App/usbd_desc.c.obj
                0x20000170                USBD_StringSerial
 *fill*         0x2000018a        0x2 
 .data.USER_Driver
                0x2000018c       0x14 CMakeFiles/latest_build.dir/FATFS/Target/user_diskio.c.obj
                0x2000018c                USER_Driver
 .data.Stat     0x200001a0        0x1 CMakeFiles/latest_build.dir/Core/Src/FATFS_SD.c.obj
 *fill*         0x200001a1        0x3 
 .data.keyboard
                0x200001a4        0x4 CMakeFiles/latest_build.dir/Core/Src/main.c.obj
                0x200001a4                keyboard
 .data.wav_data
                0x200001a8        0x4 CMakeFiles/latest_build.dir/Core/Src/main.c.obj
                0x200001a8                wav_data
 .data.CURR_STATE
                0x200001ac        0x1 CMakeFiles/latest_build.dir/Core/Src/main.c.obj
                0x200001ac                CURR_STATE
 *(.RamFunc)
 *(.RamFunc*)
                0x200001b0                        . = ALIGN (0x4)
 *fill*         0x200001ad        0x3 

.tm_clone_table
                0x200001b0        0x0 load address 0x0800feb4
 .tm_clone_table
                0x200001b0        0x0 /Applications/ArmGNUToolchain/14.2.rel1/arm-none-eabi/bin/../lib/gcc/arm-none-eabi/14.2.1/thumb/v6-m/nofp/crtbegin.o
 .tm_clone_table
                0x200001b0        0x0 /Applications/ArmGNUToolchain/14.2.rel1/arm-none-eabi/bin/../lib/gcc/arm-none-eabi/14.2.1/thumb/v6-m/nofp/crtend.o

.igot.plt       0x200001b0        0x0 load address 0x0800feb4
 .igot.plt      0x200001b0        0x0 /Applications/ArmGNUToolchain/14.2.rel1/arm-none-eabi/bin/../lib/gcc/arm-none-eabi/14.2.1/thumb/v6-m/nofp/crtbegin.o

.tdata          0x200001b0        0x0 load address 0x0800feb4
 *(.tdata .tdata.* .gnu.linkonce.td.*)
                0x200001b0                        . = ALIGN (0x4)
                0x200001b0                        _edata = .
                [!provide]                        PROVIDE (__data_end = .)
                [!provide]                        PROVIDE (__tdata_end = .)
                [!provide]                        PROVIDE (__tdata_start = ADDR (.tdata))
                [!provide]                        PROVIDE (__tdata_size = (__tdata_end - __tdata_start))
                [!provide]                        PROVIDE (__data_start = ADDR (.data))
                [!provide]                        PROVIDE (__data_size = (__data_end - __data_start))
                [!provide]                        PROVIDE (__tdata_source = LOADADDR (.tdata))
                [!provide]                        PROVIDE (__tdata_source_end = (LOADADDR (.tdata) + SIZEOF (.tdata)))
                [!provide]                        PROVIDE (__tdata_source_size = (__tdata_source_end - __tdata_source))
                [!provide]                        PROVIDE (__data_source = LOADADDR (.data))
                [!provide]                        PROVIDE (__data_source_end = __tdata_source_end)
                [!provide]                        PROVIDE (__data_source_size = (__data_source_end - __data_source))

.tbss           0x200001b0        0x0 load address 0x0800feb4
                0x200001b0                        _sbss = .
                0x200001b0                        __bss_start__ = _sbss
 *(.tbss .tbss.*)
                0x200001b0                        . = ALIGN (0x4)
                [!provide]                        PROVIDE (__tbss_end = .)
                [!provide]                        PROVIDE (__tbss_start = ADDR (.tbss))
                [!provide]                        PROVIDE (__tbss_size = (__tbss_end - __tbss_start))
                [!provide]                        PROVIDE (__tbss_offset = (ADDR (.tbss) - ADDR (.tdata)))
                [!provide]                        PROVIDE (__tls_base = __tdata_start)
                [!provide]                        PROVIDE (__tls_end = __tbss_end)
                [!provide]                        PROVIDE (__tls_size = (__tls_end - __tls_base))
                [!provide]                        PROVIDE (__tls_align = MAX (ALIGNOF (.tdata), ALIGNOF (.tbss)))
                [!provide]                        PROVIDE (__tls_size_align = (((__tls_size + __tls_align) - 0x1) & ~ ((__tls_align - 0x1))))
                [!provide]                        PROVIDE (__arm32_tls_tcb_offset = MAX (0x8, __tls_align))
                [!provide]                        PROVIDE (__arm64_tls_tcb_offset = MAX (0x10, __tls_align))

.bss            0x200001b0     0x265c load address 0x0800feb4
 *(.bss)
 *(.bss*)
 .bss.completed.1
                0x200001b0        0x1 /Applications/ArmGNUToolchain/14.2.rel1/arm-none-eabi/bin/../lib/gcc/arm-none-eabi/14.2.1/thumb/v6-m/nofp/crtbegin.o
 *fill*         0x200001b1        0x3 
 .bss.object.0  0x200001b4       0x18 /Applications/ArmGNUToolchain/14.2.rel1/arm-none-eabi/bin/../lib/gcc/arm-none-eabi/14.2.1/thumb/v6-m/nofp/crtbegin.o
 .bss.uwTick    0x200001cc        0x4 cmake/stm32cubemx/CMakeFiles/STM32_Drivers.dir/__/__/Drivers/STM32F0xx_HAL_Driver/Src/stm32f0xx_hal.c.obj
                0x200001cc                uwTick
 .bss.cfgidx.0  0x200001d0        0x1 cmake/stm32cubemx/CMakeFiles/USB_Device_Library.dir/__/__/Middlewares/ST/STM32_USB_Device_Library/Core/Src/usbd_ctlreq.c.obj
 *fill*         0x200001d1        0x3 
 .bss.FatFs     0x200001d4        0x4 cmake/stm32cubemx/CMakeFiles/FatFs.dir/__/__/Middlewares/Third_Party/FatFs/src/ff.c.obj
 .bss.Fsid      0x200001d8        0x2 cmake/stm32cubemx/CMakeFiles/FatFs.dir/__/__/Middlewares/Third_Party/FatFs/src/ff.c.obj
 *fill*         0x200001da        0x2 
 .bss.Files     0x200001dc       0x18 cmake/stm32cubemx/CMakeFiles/FatFs.dir/__/__/Middlewares/Third_Party/FatFs/src/ff.c.obj
 .bss.disk      0x200001f4        0xc cmake/stm32cubemx/CMakeFiles/FatFs.dir/__/__/Middlewares/Third_Party/FatFs/src/ff_gen_drv.c.obj
                0x200001f4                disk
 .bss.hpcd_USB_FS
                0x20000200      0x2dc CMakeFiles/latest_build.dir/USB_DEVICE/Target/usbd_conf.c.obj
                0x20000200                hpcd_USB_FS
 .bss.mem.0     0x200004dc       0x14 CMakeFiles/latest_build.dir/USB_DEVICE/Target/usbd_conf.c.obj
 .bss.hUsbDeviceFS
                0x200004f0      0x2c4 CMakeFiles/latest_build.dir/USB_DEVICE/App/usb_device.c.obj
                0x200004f0                hUsbDeviceFS
 .bss.USBD_StrDesc
                0x200007b4      0x200 CMakeFiles/latest_build.dir/USB_DEVICE/App/usbd_desc.c.obj
                0x200007b4                USBD_StrDesc
 .bss.retUSER   0x200009b4        0x1 CMakeFiles/latest_build.dir/FATFS/App/fatfs.c.obj
                0x200009b4                retUSER
 *fill*         0x200009b5        0x3 
 .bss.USERPath  0x200009b8        0x4 CMakeFiles/latest_build.dir/FATFS/App/fatfs.c.obj
                0x200009b8                USERPath
 .bss.hdac      0x200009bc       0x14 CMakeFiles/latest_build.dir/Core/Src/dac.c.obj
                0x200009bc                hdac
 .bss.hdma_dac_ch1
                0x200009d0       0x44 CMakeFiles/latest_build.dir/Core/Src/dac.c.obj
                0x200009d0                hdma_dac_ch1
 .bss.hspi1     0x20000a14       0x64 CMakeFiles/latest_build.dir/Core/Src/spi.c.obj
                0x20000a14                hspi1
 .bss.led_tim   0x20000a78       0x48 CMakeFiles/latest_build.dir/Core/Src/tim.c.obj
                0x20000a78                led_tim
 .bss.DAC_sample_rate_tim
                0x20000ac0       0x48 CMakeFiles/latest_build.dir/Core/Src/tim.c.obj
                0x20000ac0                DAC_sample_rate_tim
 .bss.Timer1    0x20000b08        0x2 CMakeFiles/latest_build.dir/Core/Src/FATFS_SD.c.obj
                0x20000b08                Timer1
 .bss.Timer2    0x20000b0a        0x2 CMakeFiles/latest_build.dir/Core/Src/FATFS_SD.c.obj
                0x20000b0a                Timer2
 .bss.CardType  0x20000b0c        0x1 CMakeFiles/latest_build.dir/Core/Src/FATFS_SD.c.obj
 .bss.PowerFlag
                0x20000b0d        0x1 CMakeFiles/latest_build.dir/Core/Src/FATFS_SD.c.obj
 *fill*         0x20000b0e        0x2 
 .bss.keyboard_inst
                0x20000b10       0x70 CMakeFiles/latest_build.dir/Core/Src/main.c.obj
                0x20000b10                keyboard_inst
 .bss.fileSystem
                0x20000b80      0x230 CMakeFiles/latest_build.dir/Core/Src/main.c.obj
                0x20000b80                fileSystem
 .bss.FR_stat   0x20000db0        0x1 CMakeFiles/latest_build.dir/Core/Src/main.c.obj
                0x20000db0                FR_stat
 *fill*         0x20000db1        0x3 
 .bss.wav_data_inst
                0x20000db4     0x1818 CMakeFiles/latest_build.dir/Core/Src/main.c.obj
                0x20000db4                wav_data_inst
 .bss.audioFile
                0x200025cc      0x22c CMakeFiles/latest_build.dir/Core/Src/main.c.obj
                0x200025cc                audioFile
 .bss.readBytes
                0x200027f8        0x4 CMakeFiles/latest_build.dir/Core/Src/main.c.obj
                0x200027f8                readBytes
 .bss.HARDWARE_FAIL
                0x200027fc        0x1 CMakeFiles/latest_build.dir/Core/Src/main.c.obj
                0x200027fc                HARDWARE_FAIL
 .bss.CARD_PRESENT
                0x200027fd        0x1 CMakeFiles/latest_build.dir/Core/Src/main.c.obj
                0x200027fd                CARD_PRESENT
 *fill*         0x200027fe        0x2 
 .bss.last_toggle.1
                0x20002800        0x4 CMakeFiles/latest_build.dir/Core/Src/key_scan.c.obj
 .bss.prev_array_size.0
                0x20002804        0x1 CMakeFiles/latest_build.dir/Core/Src/key_scan.c.obj
 *fill*         0x20002805        0x1 
 .bss.prev_pin.1
                0x20002806        0x2 CMakeFiles/latest_build.dir/Core/Src/pc_cotrl_int.c.obj
 .bss.tick_base.0
                0x20002808        0x4 CMakeFiles/latest_build.dir/Core/Src/pc_cotrl_int.c.obj
 *(COMMON)
                0x2000280c                        . = ALIGN (0x4)
                0x2000280c                        _ebss = .
                0x2000280c                        __bss_end__ = _ebss
                [!provide]                        PROVIDE (__bss_end = .)
                [!provide]                        PROVIDE (__non_tls_bss_start = ADDR (.bss))
                [!provide]                        PROVIDE (__bss_start = __tbss_start)
                [!provide]                        PROVIDE (__bss_size = (__bss_end - __bss_start))

._user_heap_stack
                0x2000280c      0x604 load address 0x0800feb4
                0x20002810                        . = ALIGN (0x8)
 *fill*         0x2000280c        0x4 
                [!provide]                        PROVIDE (end = .)
                0x20002810                        PROVIDE (_end = .)
                0x20002a10                        . = (. + _Min_Heap_Size)
 *fill*         0x20002810      0x200 
                0x20002e10                        . = (. + _Min_Stack_Size)
 *fill*         0x20002a10      0x400 
                0x20002e10                        . = ALIGN (0x8)

/DISCARD/
 libc.a:*(*)
 libm.a:*(*)
 libgcc.a:*(*)
OUTPUT(latest_build.elf elf32-littlearm)
LOAD linker stubs

.ARM.attributes
                0x00000000       0x28
 .ARM.attributes
                0x00000000       0x1e /Applications/ArmGNUToolchain/14.2.rel1/arm-none-eabi/bin/../lib/gcc/arm-none-eabi/14.2.1/thumb/v6-m/nofp/crti.o
 .ARM.attributes
                0x0000001e       0x2c /Applications/ArmGNUToolchain/14.2.rel1/arm-none-eabi/bin/../lib/gcc/arm-none-eabi/14.2.1/thumb/v6-m/nofp/crtbegin.o
 .ARM.attributes
                0x0000004a       0x2c cmake/stm32cubemx/CMakeFiles/STM32_Drivers.dir/__/__/Core/Src/system_stm32f0xx.c.obj
 .ARM.attributes
                0x00000076       0x2c cmake/stm32cubemx/CMakeFiles/STM32_Drivers.dir/__/__/Drivers/STM32F0xx_HAL_Driver/Src/stm32f0xx_ll_usb.c.obj
 .ARM.attributes
                0x000000a2       0x2c cmake/stm32cubemx/CMakeFiles/STM32_Drivers.dir/__/__/Drivers/STM32F0xx_HAL_Driver/Src/stm32f0xx_hal_pcd.c.obj
 .ARM.attributes
                0x000000ce       0x2c cmake/stm32cubemx/CMakeFiles/STM32_Drivers.dir/__/__/Drivers/STM32F0xx_HAL_Driver/Src/stm32f0xx_hal_pcd_ex.c.obj
 .ARM.attributes
                0x000000fa       0x2c cmake/stm32cubemx/CMakeFiles/STM32_Drivers.dir/__/__/Drivers/STM32F0xx_HAL_Driver/Src/stm32f0xx_hal_rcc.c.obj
 .ARM.attributes
                0x00000126       0x2c cmake/stm32cubemx/CMakeFiles/STM32_Drivers.dir/__/__/Drivers/STM32F0xx_HAL_Driver/Src/stm32f0xx_hal_rcc_ex.c.obj
 .ARM.attributes
                0x00000152       0x2c cmake/stm32cubemx/CMakeFiles/STM32_Drivers.dir/__/__/Drivers/STM32F0xx_HAL_Driver/Src/stm32f0xx_hal.c.obj
 .ARM.attributes
                0x0000017e       0x2c cmake/stm32cubemx/CMakeFiles/STM32_Drivers.dir/__/__/Drivers/STM32F0xx_HAL_Driver/Src/stm32f0xx_hal_gpio.c.obj
 .ARM.attributes
                0x000001aa       0x2c cmake/stm32cubemx/CMakeFiles/STM32_Drivers.dir/__/__/Drivers/STM32F0xx_HAL_Driver/Src/stm32f0xx_hal_dma.c.obj
 .ARM.attributes
                0x000001d6       0x2c cmake/stm32cubemx/CMakeFiles/STM32_Drivers.dir/__/__/Drivers/STM32F0xx_HAL_Driver/Src/stm32f0xx_hal_cortex.c.obj
 .ARM.attributes
                0x00000202       0x2c cmake/stm32cubemx/CMakeFiles/STM32_Drivers.dir/__/__/Drivers/STM32F0xx_HAL_Driver/Src/stm32f0xx_hal_dac.c.obj
 .ARM.attributes
                0x0000022e       0x2c cmake/stm32cubemx/CMakeFiles/STM32_Drivers.dir/__/__/Drivers/STM32F0xx_HAL_Driver/Src/stm32f0xx_hal_dac_ex.c.obj
 .ARM.attributes
                0x0000025a       0x2c cmake/stm32cubemx/CMakeFiles/STM32_Drivers.dir/__/__/Drivers/STM32F0xx_HAL_Driver/Src/stm32f0xx_hal_spi.c.obj
 .ARM.attributes
                0x00000286       0x2c cmake/stm32cubemx/CMakeFiles/STM32_Drivers.dir/__/__/Drivers/STM32F0xx_HAL_Driver/Src/stm32f0xx_hal_tim.c.obj
 .ARM.attributes
                0x000002b2       0x2c cmake/stm32cubemx/CMakeFiles/STM32_Drivers.dir/__/__/Drivers/STM32F0xx_HAL_Driver/Src/stm32f0xx_hal_tim_ex.c.obj
 .ARM.attributes
                0x000002de       0x2c cmake/stm32cubemx/CMakeFiles/USB_Device_Library.dir/__/__/Middlewares/ST/STM32_USB_Device_Library/Core/Src/usbd_core.c.obj
 .ARM.attributes
                0x0000030a       0x2c cmake/stm32cubemx/CMakeFiles/USB_Device_Library.dir/__/__/Middlewares/ST/STM32_USB_Device_Library/Core/Src/usbd_ctlreq.c.obj
 .ARM.attributes
                0x00000336       0x2c cmake/stm32cubemx/CMakeFiles/USB_Device_Library.dir/__/__/Middlewares/ST/STM32_USB_Device_Library/Core/Src/usbd_ioreq.c.obj
 .ARM.attributes
                0x00000362       0x2c cmake/stm32cubemx/CMakeFiles/USB_Device_Library.dir/__/__/Middlewares/ST/STM32_USB_Device_Library/Class/HID/Src/usbd_hid.c.obj
 .ARM.attributes
                0x0000038e       0x2c cmake/stm32cubemx/CMakeFiles/FatFs.dir/__/__/Middlewares/Third_Party/FatFs/src/diskio.c.obj
 .ARM.attributes
                0x000003ba       0x2c cmake/stm32cubemx/CMakeFiles/FatFs.dir/__/__/Middlewares/Third_Party/FatFs/src/ff.c.obj
 .ARM.attributes
                0x000003e6       0x2c cmake/stm32cubemx/CMakeFiles/FatFs.dir/__/__/Middlewares/Third_Party/FatFs/src/ff_gen_drv.c.obj
 .ARM.attributes
                0x00000412       0x2c CMakeFiles/latest_build.dir/USB_DEVICE/Target/usbd_conf.c.obj
 .ARM.attributes
                0x0000043e       0x2c CMakeFiles/latest_build.dir/USB_DEVICE/App/usb_device.c.obj
 .ARM.attributes
                0x0000046a       0x2c CMakeFiles/latest_build.dir/USB_DEVICE/App/usbd_desc.c.obj
 .ARM.attributes
                0x00000496       0x2c CMakeFiles/latest_build.dir/FATFS/Target/user_diskio.c.obj
 .ARM.attributes
                0x000004c2       0x2c CMakeFiles/latest_build.dir/FATFS/App/fatfs.c.obj
 .ARM.attributes
                0x000004ee       0x2c CMakeFiles/latest_build.dir/Core/Src/gpio.c.obj
 .ARM.attributes
                0x0000051a       0x2c CMakeFiles/latest_build.dir/Core/Src/dac.c.obj
 .ARM.attributes
                0x00000546       0x2c CMakeFiles/latest_build.dir/Core/Src/dma.c.obj
 .ARM.attributes
                0x00000572       0x2c CMakeFiles/latest_build.dir/Core/Src/spi.c.obj
 .ARM.attributes
                0x0000059e       0x2c CMakeFiles/latest_build.dir/Core/Src/tim.c.obj
 .ARM.attributes
                0x000005ca       0x2c CMakeFiles/latest_build.dir/Core/Src/FATFS_SD.c.obj
 .ARM.attributes
                0x000005f6       0x2c CMakeFiles/latest_build.dir/Core/Src/main.c.obj
 .ARM.attributes
                0x00000622       0x2c CMakeFiles/latest_build.dir/Core/Src/key_scan.c.obj
 .ARM.attributes
                0x0000064e       0x2c CMakeFiles/latest_build.dir/Core/Src/pc_cotrl_int.c.obj
 .ARM.attributes
                0x0000067a       0x2c CMakeFiles/latest_build.dir/Core/Src/stm32f0xx_it.c.obj
 .ARM.attributes
                0x000006a6       0x2c CMakeFiles/latest_build.dir/Core/Src/stm32f0xx_hal_msp.c.obj
 .ARM.attributes
                0x000006d2       0x21 CMakeFiles/latest_build.dir/startup_stm32f072xb.s.obj
 .ARM.attributes
                0x000006f3       0x1e /Applications/ArmGNUToolchain/14.2.rel1/arm-none-eabi/bin/../lib/gcc/arm-none-eabi/14.2.1/thumb/v6-m/nofp/libgcc.a(_udivsi3.o)
 .ARM.attributes
                0x00000711       0x1e /Applications/ArmGNUToolchain/14.2.rel1/arm-none-eabi/bin/../lib/gcc/arm-none-eabi/14.2.1/thumb/v6-m/nofp/libgcc.a(_divsi3.o)
 .ARM.attributes
                0x0000072f       0x1e /Applications/ArmGNUToolchain/14.2.rel1/arm-none-eabi/bin/../lib/gcc/arm-none-eabi/14.2.1/thumb/v6-m/nofp/libgcc.a(_dvmd_tls.o)
 .ARM.attributes
                0x0000074d       0x2c /Applications/ArmGNUToolchain/14.2.rel1/arm-none-eabi/bin/../lib/gcc/arm-none-eabi/14.2.1/../../../../arm-none-eabi/lib/thumb/v6-m/nofp/libg_nano.a(libc_a-memset.o)
 .ARM.attributes
                0x00000779       0x2c /Applications/ArmGNUToolchain/14.2.rel1/arm-none-eabi/bin/../lib/gcc/arm-none-eabi/14.2.1/../../../../arm-none-eabi/lib/thumb/v6-m/nofp/libg_nano.a(libc_a-init.o)
 .ARM.attributes
                0x000007a5       0x2c /Applications/ArmGNUToolchain/14.2.rel1/arm-none-eabi/bin/../lib/gcc/arm-none-eabi/14.2.1/thumb/v6-m/nofp/crtend.o
 .ARM.attributes
                0x000007d1       0x1e /Applications/ArmGNUToolchain/14.2.rel1/arm-none-eabi/bin/../lib/gcc/arm-none-eabi/14.2.1/thumb/v6-m/nofp/crtn.o

.comment        0x00000000       0x45
 .comment       0x00000000       0x45 cmake/stm32cubemx/CMakeFiles/STM32_Drivers.dir/__/__/Core/Src/system_stm32f0xx.c.obj
                                 0x46 (size before relaxing)
 .comment       0x00000045       0x46 cmake/stm32cubemx/CMakeFiles/STM32_Drivers.dir/__/__/Drivers/STM32F0xx_HAL_Driver/Src/stm32f0xx_ll_usb.c.obj
 .comment       0x00000045       0x46 cmake/stm32cubemx/CMakeFiles/STM32_Drivers.dir/__/__/Drivers/STM32F0xx_HAL_Driver/Src/stm32f0xx_hal_pcd.c.obj
 .comment       0x00000045       0x46 cmake/stm32cubemx/CMakeFiles/STM32_Drivers.dir/__/__/Drivers/STM32F0xx_HAL_Driver/Src/stm32f0xx_hal_pcd_ex.c.obj
 .comment       0x00000045       0x46 cmake/stm32cubemx/CMakeFiles/STM32_Drivers.dir/__/__/Drivers/STM32F0xx_HAL_Driver/Src/stm32f0xx_hal_rcc.c.obj
 .comment       0x00000045       0x46 cmake/stm32cubemx/CMakeFiles/STM32_Drivers.dir/__/__/Drivers/STM32F0xx_HAL_Driver/Src/stm32f0xx_hal_rcc_ex.c.obj
 .comment       0x00000045       0x46 cmake/stm32cubemx/CMakeFiles/STM32_Drivers.dir/__/__/Drivers/STM32F0xx_HAL_Driver/Src/stm32f0xx_hal.c.obj
 .comment       0x00000045       0x46 cmake/stm32cubemx/CMakeFiles/STM32_Drivers.dir/__/__/Drivers/STM32F0xx_HAL_Driver/Src/stm32f0xx_hal_gpio.c.obj
 .comment       0x00000045       0x46 cmake/stm32cubemx/CMakeFiles/STM32_Drivers.dir/__/__/Drivers/STM32F0xx_HAL_Driver/Src/stm32f0xx_hal_dma.c.obj
 .comment       0x00000045       0x46 cmake/stm32cubemx/CMakeFiles/STM32_Drivers.dir/__/__/Drivers/STM32F0xx_HAL_Driver/Src/stm32f0xx_hal_cortex.c.obj
 .comment       0x00000045       0x46 cmake/stm32cubemx/CMakeFiles/STM32_Drivers.dir/__/__/Drivers/STM32F0xx_HAL_Driver/Src/stm32f0xx_hal_dac.c.obj
 .comment       0x00000045       0x46 cmake/stm32cubemx/CMakeFiles/STM32_Drivers.dir/__/__/Drivers/STM32F0xx_HAL_Driver/Src/stm32f0xx_hal_dac_ex.c.obj
 .comment       0x00000045       0x46 cmake/stm32cubemx/CMakeFiles/STM32_Drivers.dir/__/__/Drivers/STM32F0xx_HAL_Driver/Src/stm32f0xx_hal_spi.c.obj